Archive member included to satisfy reference by file (symbol)

c:/program files (x86)/vscode-win/toolchains/avr-gcc/bin/../lib/gcc/avr/12.1.0/avr5\libgcc.a(_divmodhi4.o)
                              build/hd44780.o (__divmodhi4)
c:/program files (x86)/vscode-win/toolchains/avr-gcc/bin/../lib/gcc/avr/12.1.0/avr5\libgcc.a(_udivmodsi4.o)
                              build/main.o (__udivmodsi4)
c:/program files (x86)/vscode-win/toolchains/avr-gcc/bin/../lib/gcc/avr/12.1.0/avr5\libgcc.a(_exit.o)
                              c:/program files (x86)/vscode-win/toolchains/avr-gcc/bin/../lib/gcc/avr/12.1.0/../../../../avr/lib/avr5/crtatmega328p.o (exit)
c:/program files (x86)/vscode-win/toolchains/avr-gcc/bin/../lib/gcc/avr/12.1.0/avr5\libgcc.a(_tablejump2.o)
                              build/sevenSegmentsDisplay.o (__tablejump2__)
c:/program files (x86)/vscode-win/toolchains/avr-gcc/bin/../lib/gcc/avr/12.1.0/avr5\libgcc.a(_copy_data.o)
                              build/sevenSegmentsMuxDisplay.o (__do_copy_data)
c:/program files (x86)/vscode-win/toolchains/avr-gcc/bin/../lib/gcc/avr/12.1.0/avr5\libgcc.a(_clear_bss.o)
                              build/hd44780.o (__do_clear_bss)
c:/program files (x86)/vscode-win/toolchains/avr-gcc/bin/../lib/gcc/avr/12.1.0/avr5\libgcc.a(_ctors.o)
                              build/int0.o (__do_global_ctors)
c:/program files (x86)/vscode-win/toolchains/avr-gcc/bin/../lib/gcc/avr/12.1.0/avr5\libgcc.a(_umulhisi3.o)
                              build/hd44780.o (__umulhisi3)
c:/program files (x86)/vscode-win/toolchains/avr-gcc/bin/../lib/gcc/avr/12.1.0/avr5\libgcc.a(_udivmodhi4.o)
                              c:/program files (x86)/vscode-win/toolchains/avr-gcc/bin/../lib/gcc/avr/12.1.0/avr5\libgcc.a(_divmodhi4.o) (__udivmodhi4)
c:/program files (x86)/vscode-win/toolchains/avr-gcc/bin/../lib/gcc/avr/12.1.0/../../../../avr/lib/avr5\libc.a(malloc.o)
                              build/keypad.o (free)
c:/program files (x86)/vscode-win/toolchains/avr-gcc/bin/../lib/gcc/avr/12.1.0/../../../../avr/lib/avr5\libc.a(realloc.o)
                              build/keypad.o (realloc)
c:/program files (x86)/vscode-win/toolchains/avr-gcc/bin/../lib/gcc/avr/12.1.0/../../../../avr/lib/avr5\libc.a(memcpy.o)
                              c:/program files (x86)/vscode-win/toolchains/avr-gcc/bin/../lib/gcc/avr/12.1.0/../../../../avr/lib/avr5\libc.a(realloc.o) (memcpy)
c:/program files (x86)/vscode-win/toolchains/avr-gcc/bin/../lib/gcc/avr/12.1.0/../../../../avr/lib/avr5\libc.a(iob.o)
                              build/hd44780.o (__iob)
c:/program files (x86)/vscode-win/toolchains/avr-gcc/bin/../lib/gcc/avr/12.1.0/avr5\libgcc.a(_prologue.o)
                              c:/program files (x86)/vscode-win/toolchains/avr-gcc/bin/../lib/gcc/avr/12.1.0/../../../../avr/lib/avr5\libc.a(realloc.o) (__prologue_saves__)
c:/program files (x86)/vscode-win/toolchains/avr-gcc/bin/../lib/gcc/avr/12.1.0/avr5\libgcc.a(_epilogue.o)
                              c:/program files (x86)/vscode-win/toolchains/avr-gcc/bin/../lib/gcc/avr/12.1.0/../../../../avr/lib/avr5\libc.a(realloc.o) (__epilogue_restores__)

Discarded input sections

 .data          0x0000000000000000        0x0 c:/program files (x86)/vscode-win/toolchains/avr-gcc/bin/../lib/gcc/avr/12.1.0/../../../../avr/lib/avr5/crtatmega328p.o
 .bss           0x0000000000000000        0x0 c:/program files (x86)/vscode-win/toolchains/avr-gcc/bin/../lib/gcc/avr/12.1.0/../../../../avr/lib/avr5/crtatmega328p.o
 .text          0x0000000000000000        0x0 build/hd44780.o
 .data          0x0000000000000000        0x0 build/hd44780.o
 .bss           0x0000000000000000        0x0 build/hd44780.o
 .text._Z7getTickv
                0x0000000000000000        0x8 build/hd44780.o
 .text._ZN7Hd44780C2Ev
                0x0000000000000000       0x64 build/hd44780.o
 .text._ZN7Hd44780D2Ev
                0x0000000000000000        0x2 build/hd44780.o
 .text._ZN7Hd4478014controlPortSetEPVhhhh
                0x0000000000000000       0x96 build/hd44780.o
 .text._ZN7Hd4478011dataPortSetEPVhh
                0x0000000000000000       0x6a build/hd44780.o
 .text._ZN7Hd447805stdioEv
                0x0000000000000000       0x30 build/hd44780.o
 .text._ZN7Hd4478012getLastErrorEv
                0x0000000000000000        0x8 build/hd44780.o
 .text._ZN7Hd4478017_functionSet8BitsEh
                0x0000000000000000      0x11c build/hd44780.o
 .text._ZN7Hd4478015_waitUntilReadyEv
                0x0000000000000000      0x214 build/hd44780.o
 .text._ZN7Hd4478013_writeCommandEh
                0x0000000000000000      0x1ce build/hd44780.o
 .text._ZN7Hd447804initENS_4SizeENS_4FontEbb
                0x0000000000000000      0x2c8 build/hd44780.o
 .text._ZN7Hd4478011clearScreenEv
                0x0000000000000000       0x2a build/hd44780.o
 .text._ZN7Hd4478010cursorGoToEhh
                0x0000000000000000       0xce build/hd44780.o
 .text._ZN7Hd4478018cursorMoveNextLineEv
                0x0000000000000000       0x48 build/hd44780.o
 .text._ZN7Hd4478010cursorHomeEv
                0x0000000000000000       0x2a build/hd44780.o
 .text._ZN7Hd4478010cursorMoveE9Direction
                0x0000000000000000       0x50 build/hd44780.o
 .text._ZN7Hd4478019cursorMoveFirstLineEv
                0x0000000000000000       0x2a build/hd44780.o
 .text._ZN7Hd4478015displayStateSetENS_12DisplayStateE
                0x0000000000000000       0x78 build/hd44780.o
 .text._ZN7Hd4478012displayShiftE9Direction
                0x0000000000000000       0x50 build/hd44780.o
 .text._ZN7Hd4478012entryModeSetENS_4StepENS_11DisplayModeE
                0x0000000000000000       0x4a build/hd44780.o
 .text._ZN7Hd4478015_writeCharacterEhb
                0x0000000000000000      0x1d2 build/hd44780.o
 .text._ZL11lcdWriteStdcP6__file
                0x0000000000000000       0x68 build/hd44780.o
 .text._ZN7Hd4478018customCharacterSetEhPKh
                0x0000000000000000       0x90 build/hd44780.o
 .bss.defaultDisplay
                0x0000000000000000        0x2 build/hd44780.o
 .bss.lcdStream
                0x0000000000000000        0xe build/hd44780.o
 .comment       0x0000000000000000       0x13 build/hd44780.o
 .text          0x0000000000000000        0x0 build/keypad.o
 .data          0x0000000000000000        0x0 build/keypad.o
 .bss           0x0000000000000000        0x0 build/keypad.o
 .text._Z7getTickv
                0x0000000000000000        0x8 build/keypad.o
 .text._ZN6KeypadC2Ev
                0x0000000000000000       0x36 build/keypad.o
 .text._ZN6KeypadD2Ev
                0x0000000000000000       0x10 build/keypad.o
 .text._ZN6Keypad4initEh
                0x0000000000000000      0x1ea build/keypad.o
 .text._ZN6Keypad8setPortsEPVhhS1_h
                0x0000000000000000       0xe8 build/keypad.o
 .text._ZN6Keypad12setKeyValuesENS_4TypeEz
                0x0000000000000000      0x146 build/keypad.o
 .text._ZN6Keypad14readKeyPressedEPh
                0x0000000000000000      0x1c0 build/keypad.o
 .comment       0x0000000000000000       0x13 build/keypad.o
 .text          0x0000000000000000        0x0 build/sevenSegmentsDisplay.o
 .data          0x0000000000000000        0x0 build/sevenSegmentsDisplay.o
 .bss           0x0000000000000000        0x0 build/sevenSegmentsDisplay.o
 .text._Z7getTickv
                0x0000000000000000        0x8 build/sevenSegmentsDisplay.o
 .text._Z22convertToSevenSegmentshb24SevenSegmentsDisplayType
                0x0000000000000000       0x8e build/sevenSegmentsDisplay.o
 .jumptables.gcc._Z22convertToSevenSegmentshb24SevenSegmentsDisplayType
                0x0000000000000000      0x200 build/sevenSegmentsDisplay.o
 .text._Z22convertToSevenSegments17SevenSegmentsCodeb24SevenSegmentsDisplayType
                0x0000000000000000        0x6 build/sevenSegmentsDisplay.o
 .comment       0x0000000000000000       0x13 build/sevenSegmentsDisplay.o
 .text          0x0000000000000000        0x0 build/sevenSegmentsMuxDisplay.o
 .data          0x0000000000000000        0x0 build/sevenSegmentsMuxDisplay.o
 .bss           0x0000000000000000        0x0 build/sevenSegmentsMuxDisplay.o
 .text._Z7getTickv
                0x0000000000000000        0x8 build/sevenSegmentsMuxDisplay.o
 .text._ZN23SevenSegmentsMuxDisplayC2Ev
                0x0000000000000000       0x74 build/sevenSegmentsMuxDisplay.o
 .text._ZN23SevenSegmentsMuxDisplayD2Ev
                0x0000000000000000        0x2 build/sevenSegmentsMuxDisplay.o
 .text._ZN23SevenSegmentsMuxDisplay4initENS_6DigitsE24SevenSegmentsDisplayType
                0x0000000000000000       0xfe build/sevenSegmentsMuxDisplay.o
 .text._ZN23SevenSegmentsMuxDisplay8setPortsEPVhS1_h10LogicLevel
                0x0000000000000000       0xe6 build/sevenSegmentsMuxDisplay.o
 .text._ZN23SevenSegmentsMuxDisplay13showNextDigitEv
                0x0000000000000000      0x128 build/sevenSegmentsMuxDisplay.o
 .text._ZN23SevenSegmentsMuxDisplay17updateDigitValuesEPKhPKb
                0x0000000000000000       0x82 build/sevenSegmentsMuxDisplay.o
 .rodata._ZL31constSevenSegmentMuxDisplayMask
                0x0000000000000000        0x8 build/sevenSegmentsMuxDisplay.o
 .comment       0x0000000000000000       0x13 build/sevenSegmentsMuxDisplay.o
 .text          0x0000000000000000        0x0 build/int0.o
 .data          0x0000000000000000        0x0 build/int0.o
 .bss           0x0000000000000000        0x0 build/int0.o
 .text._Z7getTickv
                0x0000000000000000        0x8 build/int0.o
 .text._ZN4Int0D2Ev
                0x0000000000000000        0x2 build/int0.o
 .text._ZN4Int04initENS_9SenseModeE
                0x0000000000000000       0x20 build/int0.o
 .text._ZN4Int012setSenseModeENS_9SenseModeE
                0x0000000000000000       0x1a build/int0.o
 .text._ZN4Int012getLastErrorEv
                0x0000000000000000        0x8 build/int0.o
 .text          0x0000000000000000        0x0 build/int1.o
 .data          0x0000000000000000        0x0 build/int1.o
 .bss           0x0000000000000000        0x0 build/int1.o
 .text._Z7getTickv
                0x0000000000000000        0x8 build/int1.o
 .text._ZN4Int1D2Ev
                0x0000000000000000        0x2 build/int1.o
 .text._ZN4Int14initENS_9SenseModeE
                0x0000000000000000       0x26 build/int1.o
 .text._ZN4Int112setSenseModeENS_9SenseModeE
                0x0000000000000000       0x20 build/int1.o
 .text._ZN4Int112getLastErrorEv
                0x0000000000000000        0x8 build/int1.o
 .text          0x0000000000000000        0x0 build/pcint0.o
 .data          0x0000000000000000        0x0 build/pcint0.o
 .bss           0x0000000000000000        0x0 build/pcint0.o
 .text._Z7getTickv
                0x0000000000000000        0x8 build/pcint0.o
 .text._ZN6Pcint0D2Ev
                0x0000000000000000        0x2 build/pcint0.o
 .text._ZN6Pcint04initENS_3PinE
                0x0000000000000000       0x1c build/pcint0.o
 .text._ZN6Pcint010enablePinsENS_3PinE
                0x0000000000000000       0x1a build/pcint0.o
 .text._ZN6Pcint011disablePinsENS_3PinE
                0x0000000000000000       0x1c build/pcint0.o
 .text._ZN6Pcint012getLastErrorEv
                0x0000000000000000        0x8 build/pcint0.o
 .text          0x0000000000000000        0x0 build/pcint1.o
 .data          0x0000000000000000        0x0 build/pcint1.o
 .bss           0x0000000000000000        0x0 build/pcint1.o
 .text._Z7getTickv
                0x0000000000000000        0x8 build/pcint1.o
 .text._ZN6Pcint1D2Ev
                0x0000000000000000        0x2 build/pcint1.o
 .text._ZN6Pcint14initENS_3PinE
                0x0000000000000000       0x20 build/pcint1.o
 .text._ZN6Pcint110enablePinsENS_3PinE
                0x0000000000000000       0x1e build/pcint1.o
 .text._ZN6Pcint111disablePinsENS_3PinE
                0x0000000000000000       0x20 build/pcint1.o
 .text._ZN6Pcint112getLastErrorEv
                0x0000000000000000        0x8 build/pcint1.o
 .text          0x0000000000000000        0x0 build/pcint2.o
 .data          0x0000000000000000        0x0 build/pcint2.o
 .bss           0x0000000000000000        0x0 build/pcint2.o
 .text._Z7getTickv
                0x0000000000000000        0x8 build/pcint2.o
 .text._ZN6Pcint2D2Ev
                0x0000000000000000        0x2 build/pcint2.o
 .text._ZN6Pcint24initENS_3PinE
                0x0000000000000000       0x1c build/pcint2.o
 .text._ZN6Pcint210enablePinsENS_3PinE
                0x0000000000000000       0x1a build/pcint2.o
 .text._ZN6Pcint211disablePinsENS_3PinE
                0x0000000000000000       0x1c build/pcint2.o
 .text._ZN6Pcint212getLastErrorEv
                0x0000000000000000        0x8 build/pcint2.o
 .text          0x0000000000000000        0x0 build/timer0.o
 .data          0x0000000000000000        0x0 build/timer0.o
 .bss           0x0000000000000000        0x0 build/timer0.o
 .text._Z7getTickv
                0x0000000000000000        0x8 build/timer0.o
 .text._ZN6Timer0D2Ev
                0x0000000000000000        0x2 build/timer0.o
 .text._ZN6Timer04initENS_4ModeENS_11ClockSourceE
                0x0000000000000000       0x38 build/timer0.o
 .text._ZN6Timer07setModeENS_4ModeE
                0x0000000000000000       0x2e build/timer0.o
 .text._ZN6Timer014setClockSourceENS_11ClockSourceE
                0x0000000000000000       0x16 build/timer0.o
 .text._ZN6Timer013setOutputModeENS_10OutputModeES0_
                0x0000000000000000       0x1a build/timer0.o
 .text._ZN6Timer012getLastErrorEv
                0x0000000000000000        0x8 build/timer0.o
 .text          0x0000000000000000        0x0 build/timer1.o
 .data          0x0000000000000000        0x0 build/timer1.o
 .bss           0x0000000000000000        0x0 build/timer1.o
 .text._Z7getTickv
                0x0000000000000000        0x8 build/timer1.o
 .text._ZN6Timer1D2Ev
                0x0000000000000000        0x2 build/timer1.o
 .text._ZN6Timer14initENS_4ModeENS_11ClockSourceE
                0x0000000000000000       0x48 build/timer1.o
 .text._ZN6Timer17setModeENS_4ModeE
                0x0000000000000000       0x3e build/timer1.o
 .text._ZN6Timer114setClockSourceENS_11ClockSourceE
                0x0000000000000000       0x1a build/timer1.o
 .text._ZN6Timer113setOutputModeENS_10OutputModeES0_
                0x0000000000000000       0x22 build/timer1.o
 .text._ZN6Timer119setInputCaptureModeE4Edgeb
                0x0000000000000000       0x28 build/timer1.o
 .text._ZN6Timer112getLastErrorEv
                0x0000000000000000        0x8 build/timer1.o
 .text          0x0000000000000000        0x0 build/timer2.o
 .data          0x0000000000000000        0x0 build/timer2.o
 .bss           0x0000000000000000        0x0 build/timer2.o
 .text._Z7getTickv
                0x0000000000000000        0x8 build/timer2.o
 .text._ZN6Timer2D2Ev
                0x0000000000000000        0x2 build/timer2.o
 .text._ZN6Timer24initENS_4ModeENS_11ClockSourceE
                0x0000000000000000       0x48 build/timer2.o
 .text._ZN6Timer27setModeENS_4ModeE
                0x0000000000000000       0x3e build/timer2.o
 .text._ZN6Timer214setClockSourceENS_11ClockSourceE
                0x0000000000000000       0x1a build/timer2.o
 .text._ZN6Timer213setOutputModeENS_10OutputModeES0_
                0x0000000000000000       0x22 build/timer2.o
 .text._ZN6Timer212getLastErrorEv
                0x0000000000000000        0x8 build/timer2.o
 .text          0x0000000000000000        0x0 build/debug.o
 .data          0x0000000000000000        0x0 build/debug.o
 .bss           0x0000000000000000        0x0 build/debug.o
 .text._Z7getTickv
                0x0000000000000000        0x8 build/debug.o
 .text._ZN5DebugC2Ev
                0x0000000000000000        0x2 build/debug.o
 .text._ZN5DebugD2Ev
                0x0000000000000000        0x2 build/debug.o
 .bss.debug     0x0000000000000000        0x1 build/debug.o
 .comment       0x0000000000000000       0x13 build/debug.o
 .text          0x0000000000000000        0x0 build/main.o
 .data          0x0000000000000000        0x0 build/main.o
 .bss           0x0000000000000000        0x0 build/main.o
 .text._Z7getTickv
                0x0000000000000000        0x8 build/main.o
 .text._Z9uartBeginmm
                0x0000000000000000       0x76 build/main.o
 .text._Z8uartTxOkv
                0x0000000000000000        0x8 build/main.o
 .text._Z6uartTxh
                0x0000000000000000        0x6 build/main.o
 .text._Z8uartRxOkv
                0x0000000000000000        0x8 build/main.o
 .text._Z6uartRxv
                0x0000000000000000        0x6 build/main.o
 .text          0x0000000000000000        0x0 c:/program files (x86)/vscode-win/toolchains/avr-gcc/bin/../lib/gcc/avr/12.1.0/avr5\libgcc.a(_divmodhi4.o)
 .data          0x0000000000000000        0x0 c:/program files (x86)/vscode-win/toolchains/avr-gcc/bin/../lib/gcc/avr/12.1.0/avr5\libgcc.a(_divmodhi4.o)
 .bss           0x0000000000000000        0x0 c:/program files (x86)/vscode-win/toolchains/avr-gcc/bin/../lib/gcc/avr/12.1.0/avr5\libgcc.a(_divmodhi4.o)
 .text.libgcc.mul
                0x0000000000000000        0x0 c:/program files (x86)/vscode-win/toolchains/avr-gcc/bin/../lib/gcc/avr/12.1.0/avr5\libgcc.a(_divmodhi4.o)
 .text.libgcc.div
                0x0000000000000000       0x28 c:/program files (x86)/vscode-win/toolchains/avr-gcc/bin/../lib/gcc/avr/12.1.0/avr5\libgcc.a(_divmodhi4.o)
 .text.libgcc   0x0000000000000000        0x0 c:/program files (x86)/vscode-win/toolchains/avr-gcc/bin/../lib/gcc/avr/12.1.0/avr5\libgcc.a(_divmodhi4.o)
 .text.libgcc.prologue
                0x0000000000000000        0x0 c:/program files (x86)/vscode-win/toolchains/avr-gcc/bin/../lib/gcc/avr/12.1.0/avr5\libgcc.a(_divmodhi4.o)
 .text.libgcc.builtins
                0x0000000000000000        0x0 c:/program files (x86)/vscode-win/toolchains/avr-gcc/bin/../lib/gcc/avr/12.1.0/avr5\libgcc.a(_divmodhi4.o)
 .text.libgcc.fmul
                0x0000000000000000        0x0 c:/program files (x86)/vscode-win/toolchains/avr-gcc/bin/../lib/gcc/avr/12.1.0/avr5\libgcc.a(_divmodhi4.o)
 .text.libgcc.fixed
                0x0000000000000000        0x0 c:/program files (x86)/vscode-win/toolchains/avr-gcc/bin/../lib/gcc/avr/12.1.0/avr5\libgcc.a(_divmodhi4.o)
 .debug_line    0x0000000000000000       0xb7 c:/program files (x86)/vscode-win/toolchains/avr-gcc/bin/../lib/gcc/avr/12.1.0/avr5\libgcc.a(_divmodhi4.o)
 .debug_line_str
                0x0000000000000000       0x5f c:/program files (x86)/vscode-win/toolchains/avr-gcc/bin/../lib/gcc/avr/12.1.0/avr5\libgcc.a(_divmodhi4.o)
 .debug_info    0x0000000000000000       0x24 c:/program files (x86)/vscode-win/toolchains/avr-gcc/bin/../lib/gcc/avr/12.1.0/avr5\libgcc.a(_divmodhi4.o)
 .debug_abbrev  0x0000000000000000       0x14 c:/program files (x86)/vscode-win/toolchains/avr-gcc/bin/../lib/gcc/avr/12.1.0/avr5\libgcc.a(_divmodhi4.o)
 .debug_aranges
                0x0000000000000000       0x20 c:/program files (x86)/vscode-win/toolchains/avr-gcc/bin/../lib/gcc/avr/12.1.0/avr5\libgcc.a(_divmodhi4.o)
 .debug_str     0x0000000000000000       0x5f c:/program files (x86)/vscode-win/toolchains/avr-gcc/bin/../lib/gcc/avr/12.1.0/avr5\libgcc.a(_divmodhi4.o)
 .text          0x0000000000000000        0x0 c:/program files (x86)/vscode-win/toolchains/avr-gcc/bin/../lib/gcc/avr/12.1.0/avr5\libgcc.a(_udivmodsi4.o)
 .data          0x0000000000000000        0x0 c:/program files (x86)/vscode-win/toolchains/avr-gcc/bin/../lib/gcc/avr/12.1.0/avr5\libgcc.a(_udivmodsi4.o)
 .bss           0x0000000000000000        0x0 c:/program files (x86)/vscode-win/toolchains/avr-gcc/bin/../lib/gcc/avr/12.1.0/avr5\libgcc.a(_udivmodsi4.o)
 .text.libgcc.mul
                0x0000000000000000        0x0 c:/program files (x86)/vscode-win/toolchains/avr-gcc/bin/../lib/gcc/avr/12.1.0/avr5\libgcc.a(_udivmodsi4.o)
 .text.libgcc.div
                0x0000000000000000       0x44 c:/program files (x86)/vscode-win/toolchains/avr-gcc/bin/../lib/gcc/avr/12.1.0/avr5\libgcc.a(_udivmodsi4.o)
 .text.libgcc   0x0000000000000000        0x0 c:/program files (x86)/vscode-win/toolchains/avr-gcc/bin/../lib/gcc/avr/12.1.0/avr5\libgcc.a(_udivmodsi4.o)
 .text.libgcc.prologue
                0x0000000000000000        0x0 c:/program files (x86)/vscode-win/toolchains/avr-gcc/bin/../lib/gcc/avr/12.1.0/avr5\libgcc.a(_udivmodsi4.o)
 .text.libgcc.builtins
                0x0000000000000000        0x0 c:/program files (x86)/vscode-win/toolchains/avr-gcc/bin/../lib/gcc/avr/12.1.0/avr5\libgcc.a(_udivmodsi4.o)
 .text.libgcc.fmul
                0x0000000000000000        0x0 c:/program files (x86)/vscode-win/toolchains/avr-gcc/bin/../lib/gcc/avr/12.1.0/avr5\libgcc.a(_udivmodsi4.o)
 .text.libgcc.fixed
                0x0000000000000000        0x0 c:/program files (x86)/vscode-win/toolchains/avr-gcc/bin/../lib/gcc/avr/12.1.0/avr5\libgcc.a(_udivmodsi4.o)
 .debug_line    0x0000000000000000      0x111 c:/program files (x86)/vscode-win/toolchains/avr-gcc/bin/../lib/gcc/avr/12.1.0/avr5\libgcc.a(_udivmodsi4.o)
 .debug_line_str
                0x0000000000000000       0x5f c:/program files (x86)/vscode-win/toolchains/avr-gcc/bin/../lib/gcc/avr/12.1.0/avr5\libgcc.a(_udivmodsi4.o)
 .debug_info    0x0000000000000000       0x24 c:/program files (x86)/vscode-win/toolchains/avr-gcc/bin/../lib/gcc/avr/12.1.0/avr5\libgcc.a(_udivmodsi4.o)
 .debug_abbrev  0x0000000000000000       0x14 c:/program files (x86)/vscode-win/toolchains/avr-gcc/bin/../lib/gcc/avr/12.1.0/avr5\libgcc.a(_udivmodsi4.o)
 .debug_aranges
                0x0000000000000000       0x20 c:/program files (x86)/vscode-win/toolchains/avr-gcc/bin/../lib/gcc/avr/12.1.0/avr5\libgcc.a(_udivmodsi4.o)
 .debug_str     0x0000000000000000       0x5f c:/program files (x86)/vscode-win/toolchains/avr-gcc/bin/../lib/gcc/avr/12.1.0/avr5\libgcc.a(_udivmodsi4.o)
 .text          0x0000000000000000        0x0 c:/program files (x86)/vscode-win/toolchains/avr-gcc/bin/../lib/gcc/avr/12.1.0/avr5\libgcc.a(_exit.o)
 .data          0x0000000000000000        0x0 c:/program files (x86)/vscode-win/toolchains/avr-gcc/bin/../lib/gcc/avr/12.1.0/avr5\libgcc.a(_exit.o)
 .bss           0x0000000000000000        0x0 c:/program files (x86)/vscode-win/toolchains/avr-gcc/bin/../lib/gcc/avr/12.1.0/avr5\libgcc.a(_exit.o)
 .text.libgcc.mul
                0x0000000000000000        0x0 c:/program files (x86)/vscode-win/toolchains/avr-gcc/bin/../lib/gcc/avr/12.1.0/avr5\libgcc.a(_exit.o)
 .text.libgcc.div
                0x0000000000000000        0x0 c:/program files (x86)/vscode-win/toolchains/avr-gcc/bin/../lib/gcc/avr/12.1.0/avr5\libgcc.a(_exit.o)
 .text.libgcc   0x0000000000000000        0x0 c:/program files (x86)/vscode-win/toolchains/avr-gcc/bin/../lib/gcc/avr/12.1.0/avr5\libgcc.a(_exit.o)
 .text.libgcc.prologue
                0x0000000000000000        0x0 c:/program files (x86)/vscode-win/toolchains/avr-gcc/bin/../lib/gcc/avr/12.1.0/avr5\libgcc.a(_exit.o)
 .text.libgcc.builtins
                0x0000000000000000        0x0 c:/program files (x86)/vscode-win/toolchains/avr-gcc/bin/../lib/gcc/avr/12.1.0/avr5\libgcc.a(_exit.o)
 .text.libgcc.fmul
                0x0000000000000000        0x0 c:/program files (x86)/vscode-win/toolchains/avr-gcc/bin/../lib/gcc/avr/12.1.0/avr5\libgcc.a(_exit.o)
 .text.libgcc.fixed
                0x0000000000000000        0x0 c:/program files (x86)/vscode-win/toolchains/avr-gcc/bin/../lib/gcc/avr/12.1.0/avr5\libgcc.a(_exit.o)
 .text          0x0000000000000000        0x0 c:/program files (x86)/vscode-win/toolchains/avr-gcc/bin/../lib/gcc/avr/12.1.0/avr5\libgcc.a(_tablejump2.o)
 .data          0x0000000000000000        0x0 c:/program files (x86)/vscode-win/toolchains/avr-gcc/bin/../lib/gcc/avr/12.1.0/avr5\libgcc.a(_tablejump2.o)
 .bss           0x0000000000000000        0x0 c:/program files (x86)/vscode-win/toolchains/avr-gcc/bin/../lib/gcc/avr/12.1.0/avr5\libgcc.a(_tablejump2.o)
 .text.libgcc.mul
                0x0000000000000000        0x0 c:/program files (x86)/vscode-win/toolchains/avr-gcc/bin/../lib/gcc/avr/12.1.0/avr5\libgcc.a(_tablejump2.o)
 .text.libgcc.div
                0x0000000000000000        0x0 c:/program files (x86)/vscode-win/toolchains/avr-gcc/bin/../lib/gcc/avr/12.1.0/avr5\libgcc.a(_tablejump2.o)
 .text.libgcc.prologue
                0x0000000000000000        0x0 c:/program files (x86)/vscode-win/toolchains/avr-gcc/bin/../lib/gcc/avr/12.1.0/avr5\libgcc.a(_tablejump2.o)
 .text.libgcc.builtins
                0x0000000000000000        0x0 c:/program files (x86)/vscode-win/toolchains/avr-gcc/bin/../lib/gcc/avr/12.1.0/avr5\libgcc.a(_tablejump2.o)
 .text.libgcc.fmul
                0x0000000000000000        0x0 c:/program files (x86)/vscode-win/toolchains/avr-gcc/bin/../lib/gcc/avr/12.1.0/avr5\libgcc.a(_tablejump2.o)
 .text.libgcc.fixed
                0x0000000000000000        0x0 c:/program files (x86)/vscode-win/toolchains/avr-gcc/bin/../lib/gcc/avr/12.1.0/avr5\libgcc.a(_tablejump2.o)
 .text          0x0000000000000000        0x0 c:/program files (x86)/vscode-win/toolchains/avr-gcc/bin/../lib/gcc/avr/12.1.0/avr5\libgcc.a(_copy_data.o)
 .data          0x0000000000000000        0x0 c:/program files (x86)/vscode-win/toolchains/avr-gcc/bin/../lib/gcc/avr/12.1.0/avr5\libgcc.a(_copy_data.o)
 .bss           0x0000000000000000        0x0 c:/program files (x86)/vscode-win/toolchains/avr-gcc/bin/../lib/gcc/avr/12.1.0/avr5\libgcc.a(_copy_data.o)
 .text.libgcc.mul
                0x0000000000000000        0x0 c:/program files (x86)/vscode-win/toolchains/avr-gcc/bin/../lib/gcc/avr/12.1.0/avr5\libgcc.a(_copy_data.o)
 .text.libgcc.div
                0x0000000000000000        0x0 c:/program files (x86)/vscode-win/toolchains/avr-gcc/bin/../lib/gcc/avr/12.1.0/avr5\libgcc.a(_copy_data.o)
 .text.libgcc   0x0000000000000000        0x0 c:/program files (x86)/vscode-win/toolchains/avr-gcc/bin/../lib/gcc/avr/12.1.0/avr5\libgcc.a(_copy_data.o)
 .text.libgcc.prologue
                0x0000000000000000        0x0 c:/program files (x86)/vscode-win/toolchains/avr-gcc/bin/../lib/gcc/avr/12.1.0/avr5\libgcc.a(_copy_data.o)
 .text.libgcc.builtins
                0x0000000000000000        0x0 c:/program files (x86)/vscode-win/toolchains/avr-gcc/bin/../lib/gcc/avr/12.1.0/avr5\libgcc.a(_copy_data.o)
 .text.libgcc.fmul
                0x0000000000000000        0x0 c:/program files (x86)/vscode-win/toolchains/avr-gcc/bin/../lib/gcc/avr/12.1.0/avr5\libgcc.a(_copy_data.o)
 .text.libgcc.fixed
                0x0000000000000000        0x0 c:/program files (x86)/vscode-win/toolchains/avr-gcc/bin/../lib/gcc/avr/12.1.0/avr5\libgcc.a(_copy_data.o)
 .text          0x0000000000000000        0x0 c:/program files (x86)/vscode-win/toolchains/avr-gcc/bin/../lib/gcc/avr/12.1.0/avr5\libgcc.a(_clear_bss.o)
 .data          0x0000000000000000        0x0 c:/program files (x86)/vscode-win/toolchains/avr-gcc/bin/../lib/gcc/avr/12.1.0/avr5\libgcc.a(_clear_bss.o)
 .bss           0x0000000000000000        0x0 c:/program files (x86)/vscode-win/toolchains/avr-gcc/bin/../lib/gcc/avr/12.1.0/avr5\libgcc.a(_clear_bss.o)
 .text.libgcc.mul
                0x0000000000000000        0x0 c:/program files (x86)/vscode-win/toolchains/avr-gcc/bin/../lib/gcc/avr/12.1.0/avr5\libgcc.a(_clear_bss.o)
 .text.libgcc.div
                0x0000000000000000        0x0 c:/program files (x86)/vscode-win/toolchains/avr-gcc/bin/../lib/gcc/avr/12.1.0/avr5\libgcc.a(_clear_bss.o)
 .text.libgcc   0x0000000000000000        0x0 c:/program files (x86)/vscode-win/toolchains/avr-gcc/bin/../lib/gcc/avr/12.1.0/avr5\libgcc.a(_clear_bss.o)
 .text.libgcc.prologue
                0x0000000000000000        0x0 c:/program files (x86)/vscode-win/toolchains/avr-gcc/bin/../lib/gcc/avr/12.1.0/avr5\libgcc.a(_clear_bss.o)
 .text.libgcc.builtins
                0x0000000000000000        0x0 c:/program files (x86)/vscode-win/toolchains/avr-gcc/bin/../lib/gcc/avr/12.1.0/avr5\libgcc.a(_clear_bss.o)
 .text.libgcc.fmul
                0x0000000000000000        0x0 c:/program files (x86)/vscode-win/toolchains/avr-gcc/bin/../lib/gcc/avr/12.1.0/avr5\libgcc.a(_clear_bss.o)
 .text.libgcc.fixed
                0x0000000000000000        0x0 c:/program files (x86)/vscode-win/toolchains/avr-gcc/bin/../lib/gcc/avr/12.1.0/avr5\libgcc.a(_clear_bss.o)
 .text          0x0000000000000000        0x0 c:/program files (x86)/vscode-win/toolchains/avr-gcc/bin/../lib/gcc/avr/12.1.0/avr5\libgcc.a(_ctors.o)
 .data          0x0000000000000000        0x0 c:/program files (x86)/vscode-win/toolchains/avr-gcc/bin/../lib/gcc/avr/12.1.0/avr5\libgcc.a(_ctors.o)
 .bss           0x0000000000000000        0x0 c:/program files (x86)/vscode-win/toolchains/avr-gcc/bin/../lib/gcc/avr/12.1.0/avr5\libgcc.a(_ctors.o)
 .text.libgcc.mul
                0x0000000000000000        0x0 c:/program files (x86)/vscode-win/toolchains/avr-gcc/bin/../lib/gcc/avr/12.1.0/avr5\libgcc.a(_ctors.o)
 .text.libgcc.div
                0x0000000000000000        0x0 c:/program files (x86)/vscode-win/toolchains/avr-gcc/bin/../lib/gcc/avr/12.1.0/avr5\libgcc.a(_ctors.o)
 .text.libgcc   0x0000000000000000        0x0 c:/program files (x86)/vscode-win/toolchains/avr-gcc/bin/../lib/gcc/avr/12.1.0/avr5\libgcc.a(_ctors.o)
 .text.libgcc.prologue
                0x0000000000000000        0x0 c:/program files (x86)/vscode-win/toolchains/avr-gcc/bin/../lib/gcc/avr/12.1.0/avr5\libgcc.a(_ctors.o)
 .text.libgcc.builtins
                0x0000000000000000        0x0 c:/program files (x86)/vscode-win/toolchains/avr-gcc/bin/../lib/gcc/avr/12.1.0/avr5\libgcc.a(_ctors.o)
 .text.libgcc.fmul
                0x0000000000000000        0x0 c:/program files (x86)/vscode-win/toolchains/avr-gcc/bin/../lib/gcc/avr/12.1.0/avr5\libgcc.a(_ctors.o)
 .text.libgcc.fixed
                0x0000000000000000        0x0 c:/program files (x86)/vscode-win/toolchains/avr-gcc/bin/../lib/gcc/avr/12.1.0/avr5\libgcc.a(_ctors.o)
 .text          0x0000000000000000        0x0 c:/program files (x86)/vscode-win/toolchains/avr-gcc/bin/../lib/gcc/avr/12.1.0/avr5\libgcc.a(_umulhisi3.o)
 .data          0x0000000000000000        0x0 c:/program files (x86)/vscode-win/toolchains/avr-gcc/bin/../lib/gcc/avr/12.1.0/avr5\libgcc.a(_umulhisi3.o)
 .bss           0x0000000000000000        0x0 c:/program files (x86)/vscode-win/toolchains/avr-gcc/bin/../lib/gcc/avr/12.1.0/avr5\libgcc.a(_umulhisi3.o)
 .text.libgcc.mul
                0x0000000000000000       0x1e c:/program files (x86)/vscode-win/toolchains/avr-gcc/bin/../lib/gcc/avr/12.1.0/avr5\libgcc.a(_umulhisi3.o)
 .text.libgcc.div
                0x0000000000000000        0x0 c:/program files (x86)/vscode-win/toolchains/avr-gcc/bin/../lib/gcc/avr/12.1.0/avr5\libgcc.a(_umulhisi3.o)
 .text.libgcc   0x0000000000000000        0x0 c:/program files (x86)/vscode-win/toolchains/avr-gcc/bin/../lib/gcc/avr/12.1.0/avr5\libgcc.a(_umulhisi3.o)
 .text.libgcc.prologue
                0x0000000000000000        0x0 c:/program files (x86)/vscode-win/toolchains/avr-gcc/bin/../lib/gcc/avr/12.1.0/avr5\libgcc.a(_umulhisi3.o)
 .text.libgcc.builtins
                0x0000000000000000        0x0 c:/program files (x86)/vscode-win/toolchains/avr-gcc/bin/../lib/gcc/avr/12.1.0/avr5\libgcc.a(_umulhisi3.o)
 .text.libgcc.fmul
                0x0000000000000000        0x0 c:/program files (x86)/vscode-win/toolchains/avr-gcc/bin/../lib/gcc/avr/12.1.0/avr5\libgcc.a(_umulhisi3.o)
 .text.libgcc.fixed
                0x0000000000000000        0x0 c:/program files (x86)/vscode-win/toolchains/avr-gcc/bin/../lib/gcc/avr/12.1.0/avr5\libgcc.a(_umulhisi3.o)
 .debug_line    0x0000000000000000       0x9f c:/program files (x86)/vscode-win/toolchains/avr-gcc/bin/../lib/gcc/avr/12.1.0/avr5\libgcc.a(_umulhisi3.o)
 .debug_line_str
                0x0000000000000000       0x5f c:/program files (x86)/vscode-win/toolchains/avr-gcc/bin/../lib/gcc/avr/12.1.0/avr5\libgcc.a(_umulhisi3.o)
 .debug_info    0x0000000000000000       0x24 c:/program files (x86)/vscode-win/toolchains/avr-gcc/bin/../lib/gcc/avr/12.1.0/avr5\libgcc.a(_umulhisi3.o)
 .debug_abbrev  0x0000000000000000       0x14 c:/program files (x86)/vscode-win/toolchains/avr-gcc/bin/../lib/gcc/avr/12.1.0/avr5\libgcc.a(_umulhisi3.o)
 .debug_aranges
                0x0000000000000000       0x20 c:/program files (x86)/vscode-win/toolchains/avr-gcc/bin/../lib/gcc/avr/12.1.0/avr5\libgcc.a(_umulhisi3.o)
 .debug_str     0x0000000000000000       0x5f c:/program files (x86)/vscode-win/toolchains/avr-gcc/bin/../lib/gcc/avr/12.1.0/avr5\libgcc.a(_umulhisi3.o)
 .text          0x0000000000000000        0x0 c:/program files (x86)/vscode-win/toolchains/avr-gcc/bin/../lib/gcc/avr/12.1.0/avr5\libgcc.a(_udivmodhi4.o)
 .data          0x0000000000000000        0x0 c:/program files (x86)/vscode-win/toolchains/avr-gcc/bin/../lib/gcc/avr/12.1.0/avr5\libgcc.a(_udivmodhi4.o)
 .bss           0x0000000000000000        0x0 c:/program files (x86)/vscode-win/toolchains/avr-gcc/bin/../lib/gcc/avr/12.1.0/avr5\libgcc.a(_udivmodhi4.o)
 .text.libgcc.mul
                0x0000000000000000        0x0 c:/program files (x86)/vscode-win/toolchains/avr-gcc/bin/../lib/gcc/avr/12.1.0/avr5\libgcc.a(_udivmodhi4.o)
 .text.libgcc.div
                0x0000000000000000       0x28 c:/program files (x86)/vscode-win/toolchains/avr-gcc/bin/../lib/gcc/avr/12.1.0/avr5\libgcc.a(_udivmodhi4.o)
 .text.libgcc   0x0000000000000000        0x0 c:/program files (x86)/vscode-win/toolchains/avr-gcc/bin/../lib/gcc/avr/12.1.0/avr5\libgcc.a(_udivmodhi4.o)
 .text.libgcc.prologue
                0x0000000000000000        0x0 c:/program files (x86)/vscode-win/toolchains/avr-gcc/bin/../lib/gcc/avr/12.1.0/avr5\libgcc.a(_udivmodhi4.o)
 .text.libgcc.builtins
                0x0000000000000000        0x0 c:/program files (x86)/vscode-win/toolchains/avr-gcc/bin/../lib/gcc/avr/12.1.0/avr5\libgcc.a(_udivmodhi4.o)
 .text.libgcc.fmul
                0x0000000000000000        0x0 c:/program files (x86)/vscode-win/toolchains/avr-gcc/bin/../lib/gcc/avr/12.1.0/avr5\libgcc.a(_udivmodhi4.o)
 .text.libgcc.fixed
                0x0000000000000000        0x0 c:/program files (x86)/vscode-win/toolchains/avr-gcc/bin/../lib/gcc/avr/12.1.0/avr5\libgcc.a(_udivmodhi4.o)
 .debug_line    0x0000000000000000       0xbd c:/program files (x86)/vscode-win/toolchains/avr-gcc/bin/../lib/gcc/avr/12.1.0/avr5\libgcc.a(_udivmodhi4.o)
 .debug_line_str
                0x0000000000000000       0x5f c:/program files (x86)/vscode-win/toolchains/avr-gcc/bin/../lib/gcc/avr/12.1.0/avr5\libgcc.a(_udivmodhi4.o)
 .debug_info    0x0000000000000000       0x24 c:/program files (x86)/vscode-win/toolchains/avr-gcc/bin/../lib/gcc/avr/12.1.0/avr5\libgcc.a(_udivmodhi4.o)
 .debug_abbrev  0x0000000000000000       0x14 c:/program files (x86)/vscode-win/toolchains/avr-gcc/bin/../lib/gcc/avr/12.1.0/avr5\libgcc.a(_udivmodhi4.o)
 .debug_aranges
                0x0000000000000000       0x20 c:/program files (x86)/vscode-win/toolchains/avr-gcc/bin/../lib/gcc/avr/12.1.0/avr5\libgcc.a(_udivmodhi4.o)
 .debug_str     0x0000000000000000       0x5f c:/program files (x86)/vscode-win/toolchains/avr-gcc/bin/../lib/gcc/avr/12.1.0/avr5\libgcc.a(_udivmodhi4.o)
 .text          0x0000000000000000        0x0 c:/program files (x86)/vscode-win/toolchains/avr-gcc/bin/../lib/gcc/avr/12.1.0/../../../../avr/lib/avr5\libc.a(malloc.o)
 .data          0x0000000000000000        0x6 c:/program files (x86)/vscode-win/toolchains/avr-gcc/bin/../lib/gcc/avr/12.1.0/../../../../avr/lib/avr5\libc.a(malloc.o)
 .bss           0x0000000000000000        0x4 c:/program files (x86)/vscode-win/toolchains/avr-gcc/bin/../lib/gcc/avr/12.1.0/../../../../avr/lib/avr5\libc.a(malloc.o)
 .text.avr-libc
                0x0000000000000000      0x26e c:/program files (x86)/vscode-win/toolchains/avr-gcc/bin/../lib/gcc/avr/12.1.0/../../../../avr/lib/avr5\libc.a(malloc.o)
 .comment       0x0000000000000000       0x13 c:/program files (x86)/vscode-win/toolchains/avr-gcc/bin/../lib/gcc/avr/12.1.0/../../../../avr/lib/avr5\libc.a(malloc.o)
 .text          0x0000000000000000        0x0 c:/program files (x86)/vscode-win/toolchains/avr-gcc/bin/../lib/gcc/avr/12.1.0/../../../../avr/lib/avr5\libc.a(realloc.o)
 .data          0x0000000000000000        0x0 c:/program files (x86)/vscode-win/toolchains/avr-gcc/bin/../lib/gcc/avr/12.1.0/../../../../avr/lib/avr5\libc.a(realloc.o)
 .bss           0x0000000000000000        0x0 c:/program files (x86)/vscode-win/toolchains/avr-gcc/bin/../lib/gcc/avr/12.1.0/../../../../avr/lib/avr5\libc.a(realloc.o)
 .text.avr-libc
                0x0000000000000000      0x16c c:/program files (x86)/vscode-win/toolchains/avr-gcc/bin/../lib/gcc/avr/12.1.0/../../../../avr/lib/avr5\libc.a(realloc.o)
 .comment       0x0000000000000000       0x13 c:/program files (x86)/vscode-win/toolchains/avr-gcc/bin/../lib/gcc/avr/12.1.0/../../../../avr/lib/avr5\libc.a(realloc.o)
 .text          0x0000000000000000        0x0 c:/program files (x86)/vscode-win/toolchains/avr-gcc/bin/../lib/gcc/avr/12.1.0/../../../../avr/lib/avr5\libc.a(memcpy.o)
 .data          0x0000000000000000        0x0 c:/program files (x86)/vscode-win/toolchains/avr-gcc/bin/../lib/gcc/avr/12.1.0/../../../../avr/lib/avr5\libc.a(memcpy.o)
 .bss           0x0000000000000000        0x0 c:/program files (x86)/vscode-win/toolchains/avr-gcc/bin/../lib/gcc/avr/12.1.0/../../../../avr/lib/avr5\libc.a(memcpy.o)
 .text.avr-libc
                0x0000000000000000       0x12 c:/program files (x86)/vscode-win/toolchains/avr-gcc/bin/../lib/gcc/avr/12.1.0/../../../../avr/lib/avr5\libc.a(memcpy.o)
 .text          0x0000000000000000        0x0 c:/program files (x86)/vscode-win/toolchains/avr-gcc/bin/../lib/gcc/avr/12.1.0/../../../../avr/lib/avr5\libc.a(iob.o)
 .data          0x0000000000000000        0x0 c:/program files (x86)/vscode-win/toolchains/avr-gcc/bin/../lib/gcc/avr/12.1.0/../../../../avr/lib/avr5\libc.a(iob.o)
 .bss           0x0000000000000000        0x6 c:/program files (x86)/vscode-win/toolchains/avr-gcc/bin/../lib/gcc/avr/12.1.0/../../../../avr/lib/avr5\libc.a(iob.o)
 .comment       0x0000000000000000       0x13 c:/program files (x86)/vscode-win/toolchains/avr-gcc/bin/../lib/gcc/avr/12.1.0/../../../../avr/lib/avr5\libc.a(iob.o)
 .text          0x0000000000000000        0x0 c:/program files (x86)/vscode-win/toolchains/avr-gcc/bin/../lib/gcc/avr/12.1.0/avr5\libgcc.a(_prologue.o)
 .data          0x0000000000000000        0x0 c:/program files (x86)/vscode-win/toolchains/avr-gcc/bin/../lib/gcc/avr/12.1.0/avr5\libgcc.a(_prologue.o)
 .bss           0x0000000000000000        0x0 c:/program files (x86)/vscode-win/toolchains/avr-gcc/bin/../lib/gcc/avr/12.1.0/avr5\libgcc.a(_prologue.o)
 .text.libgcc.mul
                0x0000000000000000        0x0 c:/program files (x86)/vscode-win/toolchains/avr-gcc/bin/../lib/gcc/avr/12.1.0/avr5\libgcc.a(_prologue.o)
 .text.libgcc.div
                0x0000000000000000        0x0 c:/program files (x86)/vscode-win/toolchains/avr-gcc/bin/../lib/gcc/avr/12.1.0/avr5\libgcc.a(_prologue.o)
 .text.libgcc   0x0000000000000000        0x0 c:/program files (x86)/vscode-win/toolchains/avr-gcc/bin/../lib/gcc/avr/12.1.0/avr5\libgcc.a(_prologue.o)
 .text.libgcc.prologue
                0x0000000000000000       0x38 c:/program files (x86)/vscode-win/toolchains/avr-gcc/bin/../lib/gcc/avr/12.1.0/avr5\libgcc.a(_prologue.o)
 .text.libgcc.builtins
                0x0000000000000000        0x0 c:/program files (x86)/vscode-win/toolchains/avr-gcc/bin/../lib/gcc/avr/12.1.0/avr5\libgcc.a(_prologue.o)
 .text.libgcc.fmul
                0x0000000000000000        0x0 c:/program files (x86)/vscode-win/toolchains/avr-gcc/bin/../lib/gcc/avr/12.1.0/avr5\libgcc.a(_prologue.o)
 .text.libgcc.fixed
                0x0000000000000000        0x0 c:/program files (x86)/vscode-win/toolchains/avr-gcc/bin/../lib/gcc/avr/12.1.0/avr5\libgcc.a(_prologue.o)
 .debug_line    0x0000000000000000       0xed c:/program files (x86)/vscode-win/toolchains/avr-gcc/bin/../lib/gcc/avr/12.1.0/avr5\libgcc.a(_prologue.o)
 .debug_line_str
                0x0000000000000000       0x5f c:/program files (x86)/vscode-win/toolchains/avr-gcc/bin/../lib/gcc/avr/12.1.0/avr5\libgcc.a(_prologue.o)
 .debug_info    0x0000000000000000       0x24 c:/program files (x86)/vscode-win/toolchains/avr-gcc/bin/../lib/gcc/avr/12.1.0/avr5\libgcc.a(_prologue.o)
 .debug_abbrev  0x0000000000000000       0x14 c:/program files (x86)/vscode-win/toolchains/avr-gcc/bin/../lib/gcc/avr/12.1.0/avr5\libgcc.a(_prologue.o)
 .debug_aranges
                0x0000000000000000       0x20 c:/program files (x86)/vscode-win/toolchains/avr-gcc/bin/../lib/gcc/avr/12.1.0/avr5\libgcc.a(_prologue.o)
 .debug_str     0x0000000000000000       0x5f c:/program files (x86)/vscode-win/toolchains/avr-gcc/bin/../lib/gcc/avr/12.1.0/avr5\libgcc.a(_prologue.o)
 .text          0x0000000000000000        0x0 c:/program files (x86)/vscode-win/toolchains/avr-gcc/bin/../lib/gcc/avr/12.1.0/avr5\libgcc.a(_epilogue.o)
 .data          0x0000000000000000        0x0 c:/program files (x86)/vscode-win/toolchains/avr-gcc/bin/../lib/gcc/avr/12.1.0/avr5\libgcc.a(_epilogue.o)
 .bss           0x0000000000000000        0x0 c:/program files (x86)/vscode-win/toolchains/avr-gcc/bin/../lib/gcc/avr/12.1.0/avr5\libgcc.a(_epilogue.o)
 .text.libgcc.mul
                0x0000000000000000        0x0 c:/program files (x86)/vscode-win/toolchains/avr-gcc/bin/../lib/gcc/avr/12.1.0/avr5\libgcc.a(_epilogue.o)
 .text.libgcc.div
                0x0000000000000000        0x0 c:/program files (x86)/vscode-win/toolchains/avr-gcc/bin/../lib/gcc/avr/12.1.0/avr5\libgcc.a(_epilogue.o)
 .text.libgcc   0x0000000000000000        0x0 c:/program files (x86)/vscode-win/toolchains/avr-gcc/bin/../lib/gcc/avr/12.1.0/avr5\libgcc.a(_epilogue.o)
 .text.libgcc.prologue
                0x0000000000000000       0x36 c:/program files (x86)/vscode-win/toolchains/avr-gcc/bin/../lib/gcc/avr/12.1.0/avr5\libgcc.a(_epilogue.o)
 .text.libgcc.builtins
                0x0000000000000000        0x0 c:/program files (x86)/vscode-win/toolchains/avr-gcc/bin/../lib/gcc/avr/12.1.0/avr5\libgcc.a(_epilogue.o)
 .text.libgcc.fmul
                0x0000000000000000        0x0 c:/program files (x86)/vscode-win/toolchains/avr-gcc/bin/../lib/gcc/avr/12.1.0/avr5\libgcc.a(_epilogue.o)
 .text.libgcc.fixed
                0x0000000000000000        0x0 c:/program files (x86)/vscode-win/toolchains/avr-gcc/bin/../lib/gcc/avr/12.1.0/avr5\libgcc.a(_epilogue.o)
 .debug_line    0x0000000000000000       0xe7 c:/program files (x86)/vscode-win/toolchains/avr-gcc/bin/../lib/gcc/avr/12.1.0/avr5\libgcc.a(_epilogue.o)
 .debug_line_str
                0x0000000000000000       0x5f c:/program files (x86)/vscode-win/toolchains/avr-gcc/bin/../lib/gcc/avr/12.1.0/avr5\libgcc.a(_epilogue.o)
 .debug_info    0x0000000000000000       0x24 c:/program files (x86)/vscode-win/toolchains/avr-gcc/bin/../lib/gcc/avr/12.1.0/avr5\libgcc.a(_epilogue.o)
 .debug_abbrev  0x0000000000000000       0x14 c:/program files (x86)/vscode-win/toolchains/avr-gcc/bin/../lib/gcc/avr/12.1.0/avr5\libgcc.a(_epilogue.o)
 .debug_aranges
                0x0000000000000000       0x20 c:/program files (x86)/vscode-win/toolchains/avr-gcc/bin/../lib/gcc/avr/12.1.0/avr5\libgcc.a(_epilogue.o)
 .debug_str     0x0000000000000000       0x5f c:/program files (x86)/vscode-win/toolchains/avr-gcc/bin/../lib/gcc/avr/12.1.0/avr5\libgcc.a(_epilogue.o)

Memory Configuration

Name             Origin             Length             Attributes
text             0x0000000000000000 0x0000000000020000 xr
data             0x0000000000800060 0x000000000000ffa0 rw !x
eeprom           0x0000000000810000 0x0000000000010000 rw !x
fuse             0x0000000000820000 0x0000000000000003 rw !x
lock             0x0000000000830000 0x0000000000000400 rw !x
signature        0x0000000000840000 0x0000000000000400 rw !x
user_signatures  0x0000000000850000 0x0000000000000400 rw !x
*default*        0x0000000000000000 0xffffffffffffffff

Linker script and memory map

Address of section .data set to 0x800100
LOAD c:/program files (x86)/vscode-win/toolchains/avr-gcc/bin/../lib/gcc/avr/12.1.0/../../../../avr/lib/avr5/crtatmega328p.o
LOAD build/hd44780.o
LOAD build/keypad.o
LOAD build/sevenSegmentsDisplay.o
LOAD build/sevenSegmentsMuxDisplay.o
LOAD build/int0.o
LOAD build/int1.o
LOAD build/pcint0.o
LOAD build/pcint1.o
LOAD build/pcint2.o
LOAD build/timer0.o
LOAD build/timer1.o
LOAD build/timer2.o
LOAD build/debug.o
LOAD build/main.o
LOAD c:/program files (x86)/vscode-win/toolchains/avr-gcc/bin/../lib/gcc/avr/12.1.0/avr5\libgcc.a
LOAD c:/program files (x86)/vscode-win/toolchains/avr-gcc/bin/../lib/gcc/avr/12.1.0/../../../../avr/lib/avr5\libm.a
START GROUP
LOAD c:/program files (x86)/vscode-win/toolchains/avr-gcc/bin/../lib/gcc/avr/12.1.0/avr5\libgcc.a
LOAD c:/program files (x86)/vscode-win/toolchains/avr-gcc/bin/../lib/gcc/avr/12.1.0/../../../../avr/lib/avr5\libm.a
LOAD c:/program files (x86)/vscode-win/toolchains/avr-gcc/bin/../lib/gcc/avr/12.1.0/../../../../avr/lib/avr5\libc.a
LOAD c:/program files (x86)/vscode-win/toolchains/avr-gcc/bin/../lib/gcc/avr/12.1.0/../../../../avr/lib/avr5\libatmega328p.a
END GROUP
                0x0000000000020000                __TEXT_REGION_LENGTH__ = DEFINED (__TEXT_REGION_LENGTH__)?__TEXT_REGION_LENGTH__:0x20000
                0x000000000000ffa0                __DATA_REGION_LENGTH__ = DEFINED (__DATA_REGION_LENGTH__)?__DATA_REGION_LENGTH__:0xffa0
                0x0000000000010000                __EEPROM_REGION_LENGTH__ = DEFINED (__EEPROM_REGION_LENGTH__)?__EEPROM_REGION_LENGTH__:0x10000
                [0x0000000000000003]                __FUSE_REGION_LENGTH__ = DEFINED (__FUSE_REGION_LENGTH__)?__FUSE_REGION_LENGTH__:0x400
                0x0000000000000400                __LOCK_REGION_LENGTH__ = DEFINED (__LOCK_REGION_LENGTH__)?__LOCK_REGION_LENGTH__:0x400
                0x0000000000000400                __SIGNATURE_REGION_LENGTH__ = DEFINED (__SIGNATURE_REGION_LENGTH__)?__SIGNATURE_REGION_LENGTH__:0x400
                0x0000000000000400                __USER_SIGNATURE_REGION_LENGTH__ = DEFINED (__USER_SIGNATURE_REGION_LENGTH__)?__USER_SIGNATURE_REGION_LENGTH__:0x400

.hash
 *(.hash)

.dynsym
 *(.dynsym)

.dynstr
 *(.dynstr)

.gnu.version
 *(.gnu.version)

.gnu.version_d
 *(.gnu.version_d)

.gnu.version_r
 *(.gnu.version_r)

.rel.init
 *(.rel.init)

.rela.init
 *(.rela.init)

.rel.text
 *(.rel.text)
 *(.rel.text.*)
 *(.rel.gnu.linkonce.t*)

.rela.text
 *(.rela.text)
 *(.rela.text.*)
 *(.rela.gnu.linkonce.t*)

.rel.fini
 *(.rel.fini)

.rela.fini
 *(.rela.fini)

.rel.rodata
 *(.rel.rodata)
 *(.rel.rodata.*)
 *(.rel.gnu.linkonce.r*)

.rela.rodata
 *(.rela.rodata)
 *(.rela.rodata.*)
 *(.rela.gnu.linkonce.r*)

.rel.data
 *(.rel.data)
 *(.rel.data.*)
 *(.rel.gnu.linkonce.d*)

.rela.data
 *(.rela.data)
 *(.rela.data.*)
 *(.rela.gnu.linkonce.d*)

.rel.ctors
 *(.rel.ctors)

.rela.ctors
 *(.rela.ctors)

.rel.dtors
 *(.rel.dtors)

.rela.dtors
 *(.rela.dtors)

.rel.got
 *(.rel.got)

.rela.got
 *(.rela.got)

.rel.bss
 *(.rel.bss)

.rela.bss
 *(.rela.bss)

.rel.plt
 *(.rel.plt)

.rela.plt
 *(.rela.plt)

.text           0x0000000000000000      0x7a2
 *(.vectors)
 .vectors       0x0000000000000000       0x68 c:/program files (x86)/vscode-win/toolchains/avr-gcc/bin/../lib/gcc/avr/12.1.0/../../../../avr/lib/avr5/crtatmega328p.o
                0x0000000000000000                __vector_default
                0x0000000000000000                __vectors
 *(.vectors)
 *(.progmem.gcc*)
                0x0000000000000068                . = ALIGN (0x2)
                0x0000000000000068                __trampolines_start = .
 *(.trampolines)
 .trampolines   0x0000000000000068        0x0 linker stubs
 *(.trampolines*)
                0x0000000000000068                __trampolines_end = .
 *libprintf_flt.a:*(.progmem.data)
 *libc.a:*(.progmem.data)
 *(.progmem.*)
                0x0000000000000068                . = ALIGN (0x2)
 *(.lowtext)
 *(.lowtext*)
                0x0000000000000068                __ctors_start = .
 *(.ctors)
 .ctors         0x0000000000000068        0x2 build/int0.o
 .ctors         0x000000000000006a        0x2 build/int1.o
 .ctors         0x000000000000006c        0x2 build/pcint0.o
 .ctors         0x000000000000006e        0x2 build/pcint1.o
 .ctors         0x0000000000000070        0x2 build/pcint2.o
 .ctors         0x0000000000000072        0x2 build/timer0.o
 .ctors         0x0000000000000074        0x2 build/timer1.o
 .ctors         0x0000000000000076        0x2 build/timer2.o
                0x0000000000000078                __ctors_end = .
                0x0000000000000078                __dtors_start = .
 *(.dtors)
                0x0000000000000078                __dtors_end = .
 SORT_BY_NAME(*)(.ctors)
 SORT_BY_NAME(*)(.dtors)
 *(.init0)
 .init0         0x0000000000000078        0x0 c:/program files (x86)/vscode-win/toolchains/avr-gcc/bin/../lib/gcc/avr/12.1.0/../../../../avr/lib/avr5/crtatmega328p.o
                0x0000000000000078                __init
 *(.init0)
 *(.init1)
 *(.init1)
 *(.init2)
 .init2         0x0000000000000078        0xc c:/program files (x86)/vscode-win/toolchains/avr-gcc/bin/../lib/gcc/avr/12.1.0/../../../../avr/lib/avr5/crtatmega328p.o
 *(.init2)
 *(.init3)
 *(.init3)
 *(.init4)
 .init4         0x0000000000000084       0x16 c:/program files (x86)/vscode-win/toolchains/avr-gcc/bin/../lib/gcc/avr/12.1.0/avr5\libgcc.a(_copy_data.o)
                0x0000000000000084                __do_copy_data
 .init4         0x000000000000009a       0x10 c:/program files (x86)/vscode-win/toolchains/avr-gcc/bin/../lib/gcc/avr/12.1.0/avr5\libgcc.a(_clear_bss.o)
                0x000000000000009a                __do_clear_bss
 *(.init4)
 *(.init5)
 *(.init5)
 *(.init6)
 .init6         0x00000000000000aa       0x16 c:/program files (x86)/vscode-win/toolchains/avr-gcc/bin/../lib/gcc/avr/12.1.0/avr5\libgcc.a(_ctors.o)
                0x00000000000000aa                __do_global_ctors
 *(.init6)
 *(.init7)
 *(.init7)
 *(.init8)
 *(.init8)
 *(.init9)
 .init9         0x00000000000000c0        0x8 c:/program files (x86)/vscode-win/toolchains/avr-gcc/bin/../lib/gcc/avr/12.1.0/../../../../avr/lib/avr5/crtatmega328p.o
 *(.init9)
 *(.text)
 .text          0x00000000000000c8        0x4 c:/program files (x86)/vscode-win/toolchains/avr-gcc/bin/../lib/gcc/avr/12.1.0/../../../../avr/lib/avr5/crtatmega328p.o
                0x00000000000000c8                __vector_22
                0x00000000000000c8                __vector_24
                0x00000000000000c8                __bad_interrupt
                0x00000000000000c8                __vector_6
                0x00000000000000c8                __vector_23
                0x00000000000000c8                __vector_25
                0x00000000000000c8                __vector_17
                0x00000000000000c8                __vector_19
                0x00000000000000c8                __vector_21
                0x00000000000000cc                . = ALIGN (0x2)
 *(.text.*)
 .text._ZN4Int0C2Ev
                0x00000000000000cc       0x12 build/int0.o
                0x00000000000000cc                _ZN4Int0C1Ev
                0x00000000000000cc                _ZN4Int0C2Ev
 .text._Z21int0InterruptCallbackv
                0x00000000000000de        0x2 build/int0.o
                0x00000000000000de                _Z21int0InterruptCallbackv
 .text.__vector_1
                0x00000000000000e0       0x48 build/int0.o
                0x00000000000000e0                __vector_1
 .text._GLOBAL__sub_I_int0
                0x0000000000000128        0xa build/int0.o
 .text._ZN4Int1C2Ev
                0x0000000000000132       0x12 build/int1.o
                0x0000000000000132                _ZN4Int1C1Ev
                0x0000000000000132                _ZN4Int1C2Ev
 .text._Z21int1InterruptCallbackv
                0x0000000000000144        0x2 build/int1.o
                0x0000000000000144                _Z21int1InterruptCallbackv
 .text.__vector_2
                0x0000000000000146       0x48 build/int1.o
                0x0000000000000146                __vector_2
 .text._GLOBAL__sub_I_int1
                0x000000000000018e        0xa build/int1.o
 .text._ZN6Pcint0C2Ev
                0x0000000000000198       0x12 build/pcint0.o
                0x0000000000000198                _ZN6Pcint0C2Ev
                0x0000000000000198                _ZN6Pcint0C1Ev
 .text._Z23pcint0InterruptCallbackv
                0x00000000000001aa        0x2 build/pcint0.o
                0x00000000000001aa                _Z23pcint0InterruptCallbackv
 .text.__vector_3
                0x00000000000001ac       0x48 build/pcint0.o
                0x00000000000001ac                __vector_3
 .text._GLOBAL__sub_I_pcint0
                0x00000000000001f4        0xa build/pcint0.o
 .text._ZN6Pcint1C2Ev
                0x00000000000001fe       0x12 build/pcint1.o
                0x00000000000001fe                _ZN6Pcint1C1Ev
                0x00000000000001fe                _ZN6Pcint1C2Ev
 .text._Z23pcint1InterruptCallbackv
                0x0000000000000210        0x2 build/pcint1.o
                0x0000000000000210                _Z23pcint1InterruptCallbackv
 .text.__vector_4
                0x0000000000000212       0x48 build/pcint1.o
                0x0000000000000212                __vector_4
 .text._GLOBAL__sub_I_pcint1
                0x000000000000025a        0xa build/pcint1.o
 .text._ZN6Pcint2C2Ev
                0x0000000000000264       0x12 build/pcint2.o
                0x0000000000000264                _ZN6Pcint2C1Ev
                0x0000000000000264                _ZN6Pcint2C2Ev
 .text._Z23pcint2InterruptCallbackv
                0x0000000000000276        0x2 build/pcint2.o
                0x0000000000000276                _Z23pcint2InterruptCallbackv
 .text.__vector_5
                0x0000000000000278       0x48 build/pcint2.o
                0x0000000000000278                __vector_5
 .text._GLOBAL__sub_I_pcint2
                0x00000000000002c0        0xa build/pcint2.o
 .text._ZN6Timer0C2Ev
                0x00000000000002ca       0x14 build/timer0.o
                0x00000000000002ca                _ZN6Timer0C2Ev
                0x00000000000002ca                _ZN6Timer0C1Ev
 .text._Z22timer0CompareACallbackv
                0x00000000000002de        0x2 build/timer0.o
                0x00000000000002de                _Z22timer0CompareACallbackv
 .text._Z22timer0CompareBCallbackv
                0x00000000000002e0        0x2 build/timer0.o
                0x00000000000002e0                _Z22timer0CompareBCallbackv
 .text._Z22timer0OverflowCallbackv
                0x00000000000002e2        0x2 build/timer0.o
                0x00000000000002e2                _Z22timer0OverflowCallbackv
 .text.__vector_14
                0x00000000000002e4       0x48 build/timer0.o
                0x00000000000002e4                __vector_14
 .text.__vector_15
                0x000000000000032c       0x48 build/timer0.o
                0x000000000000032c                __vector_15
 .text.__vector_16
                0x0000000000000374       0x48 build/timer0.o
                0x0000000000000374                __vector_16
 .text._GLOBAL__sub_I_timer0
                0x00000000000003bc        0xa build/timer0.o
 .text._ZN6Timer1C2Ev
                0x00000000000003c6       0x14 build/timer1.o
                0x00000000000003c6                _ZN6Timer1C1Ev
                0x00000000000003c6                _ZN6Timer1C2Ev
 .text._Z22timer1CompareACallbackv
                0x00000000000003da        0x2 build/timer1.o
                0x00000000000003da                _Z22timer1CompareACallbackv
 .text._Z22timer1CompareBCallbackv
                0x00000000000003dc        0x2 build/timer1.o
                0x00000000000003dc                _Z22timer1CompareBCallbackv
 .text._Z26timer1InputCaptureCallbackv
                0x00000000000003de        0x2 build/timer1.o
                0x00000000000003de                _Z26timer1InputCaptureCallbackv
 .text._Z22timer1OverflowCallbackv
                0x00000000000003e0        0x2 build/timer1.o
                0x00000000000003e0                _Z22timer1OverflowCallbackv
 .text.__vector_11
                0x00000000000003e2       0x48 build/timer1.o
                0x00000000000003e2                __vector_11
 .text.__vector_12
                0x000000000000042a       0x48 build/timer1.o
                0x000000000000042a                __vector_12
 .text.__vector_10
                0x0000000000000472       0x48 build/timer1.o
                0x0000000000000472                __vector_10
 .text.__vector_13
                0x00000000000004ba       0x48 build/timer1.o
                0x00000000000004ba                __vector_13
 .text._GLOBAL__sub_I_timer1
                0x0000000000000502        0xa build/timer1.o
 .text._ZN6Timer2C2Ev
                0x000000000000050c       0x14 build/timer2.o
                0x000000000000050c                _ZN6Timer2C2Ev
                0x000000000000050c                _ZN6Timer2C1Ev
 .text._Z22timer2CompareACallbackv
                0x0000000000000520        0x2 build/timer2.o
                0x0000000000000520                _Z22timer2CompareACallbackv
 .text._Z22timer2CompareBCallbackv
                0x0000000000000522        0x2 build/timer2.o
                0x0000000000000522                _Z22timer2CompareBCallbackv
 .text._Z22timer2OverflowCallbackv
                0x0000000000000524        0x2 build/timer2.o
                0x0000000000000524                _Z22timer2OverflowCallbackv
 .text.__vector_7
                0x0000000000000526       0x48 build/timer2.o
                0x0000000000000526                __vector_7
 .text.__vector_8
                0x000000000000056e       0x48 build/timer2.o
                0x000000000000056e                __vector_8
 .text.__vector_9
                0x00000000000005b6       0x48 build/timer2.o
                0x00000000000005b6                __vector_9
 .text._GLOBAL__sub_I_timer2
                0x00000000000005fe        0xa build/timer2.o
 .text._Z10uartStringPKc
                0x0000000000000608       0x1a build/main.o
                0x0000000000000608                _Z10uartStringPKc
 .text._Z9uartIntRxh
                0x0000000000000622       0x1c build/main.o
                0x0000000000000622                _Z9uartIntRxh
 .text.main     0x000000000000063e       0x30 build/main.o
                0x000000000000063e                main
 .text._Z9uartIntTxh
                0x000000000000066e       0x1c build/main.o
                0x000000000000066e                _Z9uartIntTxh
 .text.__vector_18
                0x000000000000068a       0x7c build/main.o
                0x000000000000068a                __vector_18
 .text.__vector_20
                0x0000000000000706       0x8c build/main.o
                0x0000000000000706                __vector_20
 .text.libgcc   0x0000000000000792        0xc c:/program files (x86)/vscode-win/toolchains/avr-gcc/bin/../lib/gcc/avr/12.1.0/avr5\libgcc.a(_tablejump2.o)
                0x0000000000000792                __tablejump2__
                0x000000000000079e                . = ALIGN (0x2)
 *(.fini9)
 .fini9         0x000000000000079e        0x0 c:/program files (x86)/vscode-win/toolchains/avr-gcc/bin/../lib/gcc/avr/12.1.0/avr5\libgcc.a(_exit.o)
                0x000000000000079e                _exit
                0x000000000000079e                exit
 *(.fini9)
 *(.fini8)
 *(.fini8)
 *(.fini7)
 *(.fini7)
 *(.fini6)
 *(.fini6)
 *(.fini5)
 *(.fini5)
 *(.fini4)
 *(.fini4)
 *(.fini3)
 *(.fini3)
 *(.fini2)
 *(.fini2)
 *(.fini1)
 *(.fini1)
 *(.fini0)
 .fini0         0x000000000000079e        0x4 c:/program files (x86)/vscode-win/toolchains/avr-gcc/bin/../lib/gcc/avr/12.1.0/avr5\libgcc.a(_exit.o)
 *(.fini0)
 *(.hightext)
 *(.hightext*)
 *(.progmemx.*)
                0x00000000000007a2                . = ALIGN (0x2)
 *(.jumptables)
 *(.jumptables*)
                0x00000000000007a2                _etext = .

.data           0x0000000000800100       0x1c load address 0x00000000000007a2
                0x0000000000800100                PROVIDE (__data_start = .)
 *(.data)
 *(.data*)
 *(.gnu.linkonce.d*)
 *(.rodata)
 *(.rodata*)
 .rodata.main.str1.1
                0x0000000000800100       0x11 build/main.o
 .rodata.__vector_20.str1.1
                0x0000000000800111        0xa build/main.o
 *(.gnu.linkonce.r*)
                0x000000000080011c                . = ALIGN (0x2)
 *fill*         0x000000000080011b        0x1 
                0x000000000080011c                _edata = .
                0x000000000080011c                PROVIDE (__data_end = .)

.bss            0x000000000080011c       0x27
                0x000000000080011c                PROVIDE (__bss_start = .)
 *(.bss)
 *(.bss*)
 .bss.int0      0x000000000080011c        0x4 build/int0.o
                0x000000000080011c                int0
 .bss.int1      0x0000000000800120        0x4 build/int1.o
                0x0000000000800120                int1
 .bss.pcint0    0x0000000000800124        0x4 build/pcint0.o
                0x0000000000800124                pcint0
 .bss.pcint1    0x0000000000800128        0x4 build/pcint1.o
                0x0000000000800128                pcint1
 .bss.pcint2    0x000000000080012c        0x4 build/pcint2.o
                0x000000000080012c                pcint2
 .bss.timer0    0x0000000000800130        0x5 build/timer0.o
                0x0000000000800130                timer0
 .bss.timer1    0x0000000000800135        0x5 build/timer1.o
                0x0000000000800135                timer1
 .bss.timer2    0x000000000080013a        0x5 build/timer2.o
                0x000000000080013a                timer2
 .bss.flagONN   0x000000000080013f        0x2 build/main.o
                0x000000000080013f                flagONN
 .bss.flagOFF   0x0000000000800141        0x2 build/main.o
                0x0000000000800141                flagOFF
 *(COMMON)
                0x0000000000800143                PROVIDE (__bss_end = .)
                0x00000000000007a2                __data_load_start = LOADADDR (.data)
                0x00000000000007be                __data_load_end = (__data_load_start + SIZEOF (.data))

.noinit         0x0000000000800143        0x0
                [!provide]                        PROVIDE (__noinit_start = .)
 *(.noinit .noinit.* .gnu.linkonce.n.*)
                [!provide]                        PROVIDE (__noinit_end = .)
                0x0000000000800143                _end = .
                0x0000000000800143                PROVIDE (__heap_start = .)

.eeprom         0x0000000000810000        0x0
 *(.eeprom*)
                0x0000000000810000                __eeprom_end = .

.fuse
 *(.fuse)
 *(.lfuse)
 *(.hfuse)
 *(.efuse)

.lock
 *(.lock*)

.signature
 *(.signature*)

.stab
 *(.stab)

.stabstr
 *(.stabstr)

.stab.excl
 *(.stab.excl)

.stab.exclstr
 *(.stab.exclstr)

.stab.index
 *(.stab.index)

.stab.indexstr
 *(.stab.indexstr)

.comment        0x0000000000000000       0x12
 *(.comment)
 .comment       0x0000000000000000       0x12 build/int0.o
                                         0x13 (size before relaxing)
 .comment       0x0000000000000012       0x13 build/int1.o
 .comment       0x0000000000000012       0x13 build/pcint0.o
 .comment       0x0000000000000012       0x13 build/pcint1.o
 .comment       0x0000000000000012       0x13 build/pcint2.o
 .comment       0x0000000000000012       0x13 build/timer0.o
 .comment       0x0000000000000012       0x13 build/timer1.o
 .comment       0x0000000000000012       0x13 build/timer2.o
 .comment       0x0000000000000012       0x13 build/main.o

.note.gnu.avr.deviceinfo
                0x0000000000000000       0x40
 .note.gnu.avr.deviceinfo
                0x0000000000000000       0x40 c:/program files (x86)/vscode-win/toolchains/avr-gcc/bin/../lib/gcc/avr/12.1.0/../../../../avr/lib/avr5/crtatmega328p.o

.note.gnu.build-id
 *(.note.gnu.build-id)

.debug
 *(.debug)

.line
 *(.line)

.debug_srcinfo
 *(.debug_srcinfo)

.debug_sfnames
 *(.debug_sfnames)

.debug_aranges  0x0000000000000000       0xa0
 *(.debug_aranges)
 .debug_aranges
                0x0000000000000000       0x20 c:/program files (x86)/vscode-win/toolchains/avr-gcc/bin/../lib/gcc/avr/12.1.0/avr5\libgcc.a(_exit.o)
 .debug_aranges
                0x0000000000000020       0x20 c:/program files (x86)/vscode-win/toolchains/avr-gcc/bin/../lib/gcc/avr/12.1.0/avr5\libgcc.a(_tablejump2.o)
 .debug_aranges
                0x0000000000000040       0x20 c:/program files (x86)/vscode-win/toolchains/avr-gcc/bin/../lib/gcc/avr/12.1.0/avr5\libgcc.a(_copy_data.o)
 .debug_aranges
                0x0000000000000060       0x20 c:/program files (x86)/vscode-win/toolchains/avr-gcc/bin/../lib/gcc/avr/12.1.0/avr5\libgcc.a(_clear_bss.o)
 .debug_aranges
                0x0000000000000080       0x20 c:/program files (x86)/vscode-win/toolchains/avr-gcc/bin/../lib/gcc/avr/12.1.0/avr5\libgcc.a(_ctors.o)

.debug_pubnames
 *(.debug_pubnames)

.debug_info     0x0000000000000000      0x6a8
 *(.debug_info .gnu.linkonce.wi.*)
 .debug_info    0x0000000000000000      0x5f4 c:/program files (x86)/vscode-win/toolchains/avr-gcc/bin/../lib/gcc/avr/12.1.0/../../../../avr/lib/avr5/crtatmega328p.o
 .debug_info    0x00000000000005f4       0x24 c:/program files (x86)/vscode-win/toolchains/avr-gcc/bin/../lib/gcc/avr/12.1.0/avr5\libgcc.a(_exit.o)
 .debug_info    0x0000000000000618       0x24 c:/program files (x86)/vscode-win/toolchains/avr-gcc/bin/../lib/gcc/avr/12.1.0/avr5\libgcc.a(_tablejump2.o)
 .debug_info    0x000000000000063c       0x24 c:/program files (x86)/vscode-win/toolchains/avr-gcc/bin/../lib/gcc/avr/12.1.0/avr5\libgcc.a(_copy_data.o)
 .debug_info    0x0000000000000660       0x24 c:/program files (x86)/vscode-win/toolchains/avr-gcc/bin/../lib/gcc/avr/12.1.0/avr5\libgcc.a(_clear_bss.o)
 .debug_info    0x0000000000000684       0x24 c:/program files (x86)/vscode-win/toolchains/avr-gcc/bin/../lib/gcc/avr/12.1.0/avr5\libgcc.a(_ctors.o)

.debug_abbrev   0x0000000000000000      0x606
 *(.debug_abbrev)
 .debug_abbrev  0x0000000000000000      0x5a2 c:/program files (x86)/vscode-win/toolchains/avr-gcc/bin/../lib/gcc/avr/12.1.0/../../../../avr/lib/avr5/crtatmega328p.o
 .debug_abbrev  0x00000000000005a2       0x14 c:/program files (x86)/vscode-win/toolchains/avr-gcc/bin/../lib/gcc/avr/12.1.0/avr5\libgcc.a(_exit.o)
 .debug_abbrev  0x00000000000005b6       0x14 c:/program files (x86)/vscode-win/toolchains/avr-gcc/bin/../lib/gcc/avr/12.1.0/avr5\libgcc.a(_tablejump2.o)
 .debug_abbrev  0x00000000000005ca       0x14 c:/program files (x86)/vscode-win/toolchains/avr-gcc/bin/../lib/gcc/avr/12.1.0/avr5\libgcc.a(_copy_data.o)
 .debug_abbrev  0x00000000000005de       0x14 c:/program files (x86)/vscode-win/toolchains/avr-gcc/bin/../lib/gcc/avr/12.1.0/avr5\libgcc.a(_clear_bss.o)
 .debug_abbrev  0x00000000000005f2       0x14 c:/program files (x86)/vscode-win/toolchains/avr-gcc/bin/../lib/gcc/avr/12.1.0/avr5\libgcc.a(_ctors.o)

.debug_line     0x0000000000000000      0x254
 *(.debug_line .debug_line.* .debug_line_end)
 .debug_line    0x0000000000000000       0x1d c:/program files (x86)/vscode-win/toolchains/avr-gcc/bin/../lib/gcc/avr/12.1.0/../../../../avr/lib/avr5/crtatmega328p.o
 .debug_line    0x000000000000001d       0x51 c:/program files (x86)/vscode-win/toolchains/avr-gcc/bin/../lib/gcc/avr/12.1.0/avr5\libgcc.a(_exit.o)
 .debug_line    0x000000000000006e       0x69 c:/program files (x86)/vscode-win/toolchains/avr-gcc/bin/../lib/gcc/avr/12.1.0/avr5\libgcc.a(_tablejump2.o)
 .debug_line    0x00000000000000d7       0x87 c:/program files (x86)/vscode-win/toolchains/avr-gcc/bin/../lib/gcc/avr/12.1.0/avr5\libgcc.a(_copy_data.o)
 .debug_line    0x000000000000015e       0x75 c:/program files (x86)/vscode-win/toolchains/avr-gcc/bin/../lib/gcc/avr/12.1.0/avr5\libgcc.a(_clear_bss.o)
 .debug_line    0x00000000000001d3       0x81 c:/program files (x86)/vscode-win/toolchains/avr-gcc/bin/../lib/gcc/avr/12.1.0/avr5\libgcc.a(_ctors.o)

.debug_frame
 *(.debug_frame)

.debug_str      0x0000000000000000      0x26a
 *(.debug_str)
 .debug_str     0x0000000000000000      0x20b c:/program files (x86)/vscode-win/toolchains/avr-gcc/bin/../lib/gcc/avr/12.1.0/../../../../avr/lib/avr5/crtatmega328p.o
 .debug_str     0x000000000000020b       0x5f c:/program files (x86)/vscode-win/toolchains/avr-gcc/bin/../lib/gcc/avr/12.1.0/avr5\libgcc.a(_exit.o)
 .debug_str     0x000000000000026a       0x5f c:/program files (x86)/vscode-win/toolchains/avr-gcc/bin/../lib/gcc/avr/12.1.0/avr5\libgcc.a(_tablejump2.o)
 .debug_str     0x000000000000026a       0x5f c:/program files (x86)/vscode-win/toolchains/avr-gcc/bin/../lib/gcc/avr/12.1.0/avr5\libgcc.a(_copy_data.o)
 .debug_str     0x000000000000026a       0x5f c:/program files (x86)/vscode-win/toolchains/avr-gcc/bin/../lib/gcc/avr/12.1.0/avr5\libgcc.a(_clear_bss.o)
 .debug_str     0x000000000000026a       0x5f c:/program files (x86)/vscode-win/toolchains/avr-gcc/bin/../lib/gcc/avr/12.1.0/avr5\libgcc.a(_ctors.o)

.debug_loc
 *(.debug_loc)

.debug_macinfo
 *(.debug_macinfo)

.debug_weaknames
 *(.debug_weaknames)

.debug_funcnames
 *(.debug_funcnames)

.debug_typenames
 *(.debug_typenames)

.debug_varnames
 *(.debug_varnames)

.debug_pubtypes
 *(.debug_pubtypes)

.debug_ranges
 *(.debug_ranges)

.debug_addr
 *(.debug_addr)

.debug_line_str
                0x0000000000000000       0x53
 *(.debug_line_str)
 .debug_line_str
                0x0000000000000000       0x53 c:/program files (x86)/vscode-win/toolchains/avr-gcc/bin/../lib/gcc/avr/12.1.0/avr5\libgcc.a(_exit.o)
                                         0x5f (size before relaxing)
 .debug_line_str
                0x0000000000000053       0x5f c:/program files (x86)/vscode-win/toolchains/avr-gcc/bin/../lib/gcc/avr/12.1.0/avr5\libgcc.a(_tablejump2.o)
 .debug_line_str
                0x0000000000000053       0x5f c:/program files (x86)/vscode-win/toolchains/avr-gcc/bin/../lib/gcc/avr/12.1.0/avr5\libgcc.a(_copy_data.o)
 .debug_line_str
                0x0000000000000053       0x5f c:/program files (x86)/vscode-win/toolchains/avr-gcc/bin/../lib/gcc/avr/12.1.0/avr5\libgcc.a(_clear_bss.o)
 .debug_line_str
                0x0000000000000053       0x5f c:/program files (x86)/vscode-win/toolchains/avr-gcc/bin/../lib/gcc/avr/12.1.0/avr5\libgcc.a(_ctors.o)

.debug_loclists
 *(.debug_loclists)

.debug_macro
 *(.debug_macro)

.debug_names
 *(.debug_names)

.debug_rnglists
 *(.debug_rnglists)

.debug_str_offsets
 *(.debug_str_offsets)

.debug_sup
 *(.debug_sup)
OUTPUT(build/application.elf elf32-avr)
LOAD linker stubs

Cross Reference Table

Symbol                                            File
_Z10uartStringPKc                                 build/main.o
_Z21int0InterruptCallbackv                        build/int0.o
_Z21int1InterruptCallbackv                        build/int1.o
_Z22convertToSevenSegments17SevenSegmentsCodeb24SevenSegmentsDisplayType build/sevenSegmentsDisplay.o
_Z22convertToSevenSegmentshb24SevenSegmentsDisplayType build/sevenSegmentsDisplay.o
                                                  build/sevenSegmentsMuxDisplay.o
_Z22timer0CompareACallbackv                       build/timer0.o
_Z22timer0CompareBCallbackv                       build/timer0.o
_Z22timer0OverflowCallbackv                       build/timer0.o
_Z22timer1CompareACallbackv                       build/timer1.o
_Z22timer1CompareBCallbackv                       build/timer1.o
_Z22timer1OverflowCallbackv                       build/timer1.o
_Z22timer2CompareACallbackv                       build/timer2.o
_Z22timer2CompareBCallbackv                       build/timer2.o
_Z22timer2OverflowCallbackv                       build/timer2.o
_Z23pcint0InterruptCallbackv                      build/pcint0.o
_Z23pcint1InterruptCallbackv                      build/pcint1.o
_Z23pcint2InterruptCallbackv                      build/pcint2.o
_Z26timer1InputCaptureCallbackv                   build/timer1.o
_Z6uartRxv                                        build/main.o
_Z6uartTxh                                        build/main.o
_Z7getTickv                                       build/hd44780.o
_Z8uartRxOkv                                      build/main.o
_Z8uartTxOkv                                      build/main.o
_Z9uartBeginmm                                    build/main.o
_Z9uartIntRxh                                     build/main.o
_Z9uartIntTxh                                     build/main.o
_ZN23SevenSegmentsMuxDisplay13showNextDigitEv     build/sevenSegmentsMuxDisplay.o
_ZN23SevenSegmentsMuxDisplay17updateDigitValuesEPKhPKb build/sevenSegmentsMuxDisplay.o
_ZN23SevenSegmentsMuxDisplay4initENS_6DigitsE24SevenSegmentsDisplayType build/sevenSegmentsMuxDisplay.o
_ZN23SevenSegmentsMuxDisplay8setPortsEPVhS1_h10LogicLevel build/sevenSegmentsMuxDisplay.o
_ZN23SevenSegmentsMuxDisplayC1Ev                  build/sevenSegmentsMuxDisplay.o
_ZN23SevenSegmentsMuxDisplayC2Ev                  build/sevenSegmentsMuxDisplay.o
_ZN23SevenSegmentsMuxDisplayD1Ev                  build/sevenSegmentsMuxDisplay.o
_ZN23SevenSegmentsMuxDisplayD2Ev                  build/sevenSegmentsMuxDisplay.o
_ZN4Int012getLastErrorEv                          build/int0.o
_ZN4Int012setSenseModeENS_9SenseModeE             build/int0.o
_ZN4Int04initENS_9SenseModeE                      build/int0.o
_ZN4Int0C1Ev                                      build/int0.o
_ZN4Int0C2Ev                                      build/int0.o
_ZN4Int0D1Ev                                      build/int0.o
_ZN4Int0D2Ev                                      build/int0.o
_ZN4Int112getLastErrorEv                          build/int1.o
_ZN4Int112setSenseModeENS_9SenseModeE             build/int1.o
_ZN4Int14initENS_9SenseModeE                      build/int1.o
_ZN4Int1C1Ev                                      build/int1.o
_ZN4Int1C2Ev                                      build/int1.o
_ZN4Int1D1Ev                                      build/int1.o
_ZN4Int1D2Ev                                      build/int1.o
_ZN5DebugC1Ev                                     build/debug.o
_ZN5DebugC2Ev                                     build/debug.o
_ZN5DebugD1Ev                                     build/debug.o
_ZN5DebugD2Ev                                     build/debug.o
_ZN6Keypad12setKeyValuesENS_4TypeEz               build/keypad.o
_ZN6Keypad14readKeyPressedEPh                     build/keypad.o
_ZN6Keypad4initEh                                 build/keypad.o
_ZN6Keypad8setPortsEPVhhS1_h                      build/keypad.o
_ZN6KeypadC1Ev                                    build/keypad.o
_ZN6KeypadC2Ev                                    build/keypad.o
_ZN6KeypadD1Ev                                    build/keypad.o
_ZN6KeypadD2Ev                                    build/keypad.o
_ZN6Pcint010enablePinsENS_3PinE                   build/pcint0.o
_ZN6Pcint011disablePinsENS_3PinE                  build/pcint0.o
_ZN6Pcint012getLastErrorEv                        build/pcint0.o
_ZN6Pcint04initENS_3PinE                          build/pcint0.o
_ZN6Pcint0C1Ev                                    build/pcint0.o
_ZN6Pcint0C2Ev                                    build/pcint0.o
_ZN6Pcint0D1Ev                                    build/pcint0.o
_ZN6Pcint0D2Ev                                    build/pcint0.o
_ZN6Pcint110enablePinsENS_3PinE                   build/pcint1.o
_ZN6Pcint111disablePinsENS_3PinE                  build/pcint1.o
_ZN6Pcint112getLastErrorEv                        build/pcint1.o
_ZN6Pcint14initENS_3PinE                          build/pcint1.o
_ZN6Pcint1C1Ev                                    build/pcint1.o
_ZN6Pcint1C2Ev                                    build/pcint1.o
_ZN6Pcint1D1Ev                                    build/pcint1.o
_ZN6Pcint1D2Ev                                    build/pcint1.o
_ZN6Pcint210enablePinsENS_3PinE                   build/pcint2.o
_ZN6Pcint211disablePinsENS_3PinE                  build/pcint2.o
_ZN6Pcint212getLastErrorEv                        build/pcint2.o
_ZN6Pcint24initENS_3PinE                          build/pcint2.o
_ZN6Pcint2C1Ev                                    build/pcint2.o
_ZN6Pcint2C2Ev                                    build/pcint2.o
_ZN6Pcint2D1Ev                                    build/pcint2.o
_ZN6Pcint2D2Ev                                    build/pcint2.o
_ZN6Timer012getLastErrorEv                        build/timer0.o
_ZN6Timer013setOutputModeENS_10OutputModeES0_     build/timer0.o
_ZN6Timer014setClockSourceENS_11ClockSourceE      build/timer0.o
_ZN6Timer04initENS_4ModeENS_11ClockSourceE        build/timer0.o
_ZN6Timer07setModeENS_4ModeE                      build/timer0.o
_ZN6Timer0C1Ev                                    build/timer0.o
_ZN6Timer0C2Ev                                    build/timer0.o
_ZN6Timer0D1Ev                                    build/timer0.o
_ZN6Timer0D2Ev                                    build/timer0.o
_ZN6Timer112getLastErrorEv                        build/timer1.o
_ZN6Timer113setOutputModeENS_10OutputModeES0_     build/timer1.o
_ZN6Timer114setClockSourceENS_11ClockSourceE      build/timer1.o
_ZN6Timer119setInputCaptureModeE4Edgeb            build/timer1.o
_ZN6Timer14initENS_4ModeENS_11ClockSourceE        build/timer1.o
_ZN6Timer17setModeENS_4ModeE                      build/timer1.o
_ZN6Timer1C1Ev                                    build/timer1.o
_ZN6Timer1C2Ev                                    build/timer1.o
_ZN6Timer1D1Ev                                    build/timer1.o
_ZN6Timer1D2Ev                                    build/timer1.o
_ZN6Timer212getLastErrorEv                        build/timer2.o
_ZN6Timer213setOutputModeENS_10OutputModeES0_     build/timer2.o
_ZN6Timer214setClockSourceENS_11ClockSourceE      build/timer2.o
_ZN6Timer24initENS_4ModeENS_11ClockSourceE        build/timer2.o
_ZN6Timer27setModeENS_4ModeE                      build/timer2.o
_ZN6Timer2C1Ev                                    build/timer2.o
_ZN6Timer2C2Ev                                    build/timer2.o
_ZN6Timer2D1Ev                                    build/timer2.o
_ZN6Timer2D2Ev                                    build/timer2.o
_ZN7Hd4478010cursorGoToEhh                        build/hd44780.o
_ZN7Hd4478010cursorHomeEv                         build/hd44780.o
_ZN7Hd4478010cursorMoveE9Direction                build/hd44780.o
_ZN7Hd4478011clearScreenEv                        build/hd44780.o
_ZN7Hd4478011dataPortSetEPVhh                     build/hd44780.o
_ZN7Hd4478012displayShiftE9Direction              build/hd44780.o
_ZN7Hd4478012entryModeSetENS_4StepENS_11DisplayModeE build/hd44780.o
_ZN7Hd4478012getLastErrorEv                       build/hd44780.o
_ZN7Hd4478013_writeCommandEh                      build/hd44780.o
_ZN7Hd4478014controlPortSetEPVhhhh                build/hd44780.o
_ZN7Hd4478015_waitUntilReadyEv                    build/hd44780.o
_ZN7Hd4478015_writeCharacterEhb                   build/hd44780.o
_ZN7Hd4478015displayStateSetENS_12DisplayStateE   build/hd44780.o
_ZN7Hd4478017_functionSet8BitsEh                  build/hd44780.o
_ZN7Hd4478018cursorMoveNextLineEv                 build/hd44780.o
_ZN7Hd4478018customCharacterSetEhPKh              build/hd44780.o
_ZN7Hd4478019cursorMoveFirstLineEv                build/hd44780.o
_ZN7Hd447804initENS_4SizeENS_4FontEbb             build/hd44780.o
_ZN7Hd447805stdioEv                               build/hd44780.o
_ZN7Hd44780C1Ev                                   build/hd44780.o
_ZN7Hd44780C2Ev                                   build/hd44780.o
_ZN7Hd44780D1Ev                                   build/hd44780.o
_ZN7Hd44780D2Ev                                   build/hd44780.o
__FUSE_REGION_LENGTH__                            c:/program files (x86)/vscode-win/toolchains/avr-gcc/bin/../lib/gcc/avr/12.1.0/../../../../avr/lib/avr5/crtatmega328p.o
__bad_interrupt                                   c:/program files (x86)/vscode-win/toolchains/avr-gcc/bin/../lib/gcc/avr/12.1.0/../../../../avr/lib/avr5/crtatmega328p.o
__brkval                                          c:/program files (x86)/vscode-win/toolchains/avr-gcc/bin/../lib/gcc/avr/12.1.0/../../../../avr/lib/avr5\libc.a(malloc.o)
                                                  c:/program files (x86)/vscode-win/toolchains/avr-gcc/bin/../lib/gcc/avr/12.1.0/../../../../avr/lib/avr5\libc.a(realloc.o)
__bss_end                                         c:/program files (x86)/vscode-win/toolchains/avr-gcc/bin/../lib/gcc/avr/12.1.0/avr5\libgcc.a(_clear_bss.o)
__bss_start                                       c:/program files (x86)/vscode-win/toolchains/avr-gcc/bin/../lib/gcc/avr/12.1.0/avr5\libgcc.a(_clear_bss.o)
__ctors_end                                       c:/program files (x86)/vscode-win/toolchains/avr-gcc/bin/../lib/gcc/avr/12.1.0/avr5\libgcc.a(_ctors.o)
__ctors_start                                     c:/program files (x86)/vscode-win/toolchains/avr-gcc/bin/../lib/gcc/avr/12.1.0/avr5\libgcc.a(_ctors.o)
__data_end                                        c:/program files (x86)/vscode-win/toolchains/avr-gcc/bin/../lib/gcc/avr/12.1.0/avr5\libgcc.a(_copy_data.o)
__data_load_start                                 c:/program files (x86)/vscode-win/toolchains/avr-gcc/bin/../lib/gcc/avr/12.1.0/avr5\libgcc.a(_copy_data.o)
__data_start                                      c:/program files (x86)/vscode-win/toolchains/avr-gcc/bin/../lib/gcc/avr/12.1.0/avr5\libgcc.a(_copy_data.o)
__divmodhi4                                       c:/program files (x86)/vscode-win/toolchains/avr-gcc/bin/../lib/gcc/avr/12.1.0/avr5\libgcc.a(_divmodhi4.o)
                                                  build/hd44780.o
__do_clear_bss                                    c:/program files (x86)/vscode-win/toolchains/avr-gcc/bin/../lib/gcc/avr/12.1.0/avr5\libgcc.a(_clear_bss.o)
                                                  c:/program files (x86)/vscode-win/toolchains/avr-gcc/bin/../lib/gcc/avr/12.1.0/../../../../avr/lib/avr5\libc.a(iob.o)
                                                  c:/program files (x86)/vscode-win/toolchains/avr-gcc/bin/../lib/gcc/avr/12.1.0/../../../../avr/lib/avr5\libc.a(malloc.o)
                                                  build/main.o
                                                  build/debug.o
                                                  build/timer2.o
                                                  build/timer1.o
                                                  build/timer0.o
                                                  build/pcint2.o
                                                  build/pcint1.o
                                                  build/pcint0.o
                                                  build/int1.o
                                                  build/int0.o
                                                  build/hd44780.o
__do_copy_data                                    c:/program files (x86)/vscode-win/toolchains/avr-gcc/bin/../lib/gcc/avr/12.1.0/avr5\libgcc.a(_copy_data.o)
                                                  c:/program files (x86)/vscode-win/toolchains/avr-gcc/bin/../lib/gcc/avr/12.1.0/../../../../avr/lib/avr5\libc.a(malloc.o)
                                                  build/main.o
                                                  build/sevenSegmentsMuxDisplay.o
__do_global_ctors                                 c:/program files (x86)/vscode-win/toolchains/avr-gcc/bin/../lib/gcc/avr/12.1.0/avr5\libgcc.a(_ctors.o)
                                                  build/timer2.o
                                                  build/timer1.o
                                                  build/timer0.o
                                                  build/pcint2.o
                                                  build/pcint1.o
                                                  build/pcint0.o
                                                  build/int1.o
                                                  build/int0.o
__epilogue_restores__                             c:/program files (x86)/vscode-win/toolchains/avr-gcc/bin/../lib/gcc/avr/12.1.0/avr5\libgcc.a(_epilogue.o)
                                                  c:/program files (x86)/vscode-win/toolchains/avr-gcc/bin/../lib/gcc/avr/12.1.0/../../../../avr/lib/avr5\libc.a(realloc.o)
__flp                                             c:/program files (x86)/vscode-win/toolchains/avr-gcc/bin/../lib/gcc/avr/12.1.0/../../../../avr/lib/avr5\libc.a(malloc.o)
                                                  c:/program files (x86)/vscode-win/toolchains/avr-gcc/bin/../lib/gcc/avr/12.1.0/../../../../avr/lib/avr5\libc.a(realloc.o)
__heap_end                                        c:/program files (x86)/vscode-win/toolchains/avr-gcc/bin/../lib/gcc/avr/12.1.0/../../../../avr/lib/avr5/crtatmega328p.o
                                                  c:/program files (x86)/vscode-win/toolchains/avr-gcc/bin/../lib/gcc/avr/12.1.0/../../../../avr/lib/avr5\libc.a(malloc.o)
__heap_start                                      c:/program files (x86)/vscode-win/toolchains/avr-gcc/bin/../lib/gcc/avr/12.1.0/../../../../avr/lib/avr5\libc.a(malloc.o)
__init                                            c:/program files (x86)/vscode-win/toolchains/avr-gcc/bin/../lib/gcc/avr/12.1.0/../../../../avr/lib/avr5/crtatmega328p.o
__iob                                             c:/program files (x86)/vscode-win/toolchains/avr-gcc/bin/../lib/gcc/avr/12.1.0/../../../../avr/lib/avr5\libc.a(iob.o)
                                                  build/hd44780.o
__malloc_heap_end                                 c:/program files (x86)/vscode-win/toolchains/avr-gcc/bin/../lib/gcc/avr/12.1.0/../../../../avr/lib/avr5\libc.a(malloc.o)
                                                  c:/program files (x86)/vscode-win/toolchains/avr-gcc/bin/../lib/gcc/avr/12.1.0/../../../../avr/lib/avr5\libc.a(realloc.o)
__malloc_heap_start                               c:/program files (x86)/vscode-win/toolchains/avr-gcc/bin/../lib/gcc/avr/12.1.0/../../../../avr/lib/avr5\libc.a(malloc.o)
__malloc_margin                                   c:/program files (x86)/vscode-win/toolchains/avr-gcc/bin/../lib/gcc/avr/12.1.0/../../../../avr/lib/avr5\libc.a(malloc.o)
                                                  c:/program files (x86)/vscode-win/toolchains/avr-gcc/bin/../lib/gcc/avr/12.1.0/../../../../avr/lib/avr5\libc.a(realloc.o)
__prologue_saves__                                c:/program files (x86)/vscode-win/toolchains/avr-gcc/bin/../lib/gcc/avr/12.1.0/avr5\libgcc.a(_prologue.o)
                                                  c:/program files (x86)/vscode-win/toolchains/avr-gcc/bin/../lib/gcc/avr/12.1.0/../../../../avr/lib/avr5\libc.a(realloc.o)
__stack                                           c:/program files (x86)/vscode-win/toolchains/avr-gcc/bin/../lib/gcc/avr/12.1.0/../../../../avr/lib/avr5/crtatmega328p.o
__tablejump2__                                    c:/program files (x86)/vscode-win/toolchains/avr-gcc/bin/../lib/gcc/avr/12.1.0/avr5\libgcc.a(_tablejump2.o)
                                                  c:/program files (x86)/vscode-win/toolchains/avr-gcc/bin/../lib/gcc/avr/12.1.0/avr5\libgcc.a(_ctors.o)
                                                  build/sevenSegmentsDisplay.o
__udivmodhi4                                      c:/program files (x86)/vscode-win/toolchains/avr-gcc/bin/../lib/gcc/avr/12.1.0/avr5\libgcc.a(_udivmodhi4.o)
                                                  c:/program files (x86)/vscode-win/toolchains/avr-gcc/bin/../lib/gcc/avr/12.1.0/avr5\libgcc.a(_divmodhi4.o)
__udivmodsi4                                      c:/program files (x86)/vscode-win/toolchains/avr-gcc/bin/../lib/gcc/avr/12.1.0/avr5\libgcc.a(_udivmodsi4.o)
                                                  build/main.o
__umulhisi3                                       c:/program files (x86)/vscode-win/toolchains/avr-gcc/bin/../lib/gcc/avr/12.1.0/avr5\libgcc.a(_umulhisi3.o)
                                                  build/sevenSegmentsMuxDisplay.o
                                                  build/keypad.o
                                                  build/hd44780.o
__vector_1                                        build/int0.o
                                                  c:/program files (x86)/vscode-win/toolchains/avr-gcc/bin/../lib/gcc/avr/12.1.0/../../../../avr/lib/avr5/crtatmega328p.o
__vector_10                                       build/timer1.o
                                                  c:/program files (x86)/vscode-win/toolchains/avr-gcc/bin/../lib/gcc/avr/12.1.0/../../../../avr/lib/avr5/crtatmega328p.o
__vector_11                                       build/timer1.o
                                                  c:/program files (x86)/vscode-win/toolchains/avr-gcc/bin/../lib/gcc/avr/12.1.0/../../../../avr/lib/avr5/crtatmega328p.o
__vector_12                                       build/timer1.o
                                                  c:/program files (x86)/vscode-win/toolchains/avr-gcc/bin/../lib/gcc/avr/12.1.0/../../../../avr/lib/avr5/crtatmega328p.o
__vector_13                                       build/timer1.o
                                                  c:/program files (x86)/vscode-win/toolchains/avr-gcc/bin/../lib/gcc/avr/12.1.0/../../../../avr/lib/avr5/crtatmega328p.o
__vector_14                                       build/timer0.o
                                                  c:/program files (x86)/vscode-win/toolchains/avr-gcc/bin/../lib/gcc/avr/12.1.0/../../../../avr/lib/avr5/crtatmega328p.o
__vector_15                                       build/timer0.o
                                                  c:/program files (x86)/vscode-win/toolchains/avr-gcc/bin/../lib/gcc/avr/12.1.0/../../../../avr/lib/avr5/crtatmega328p.o
__vector_16                                       build/timer0.o
                                                  c:/program files (x86)/vscode-win/toolchains/avr-gcc/bin/../lib/gcc/avr/12.1.0/../../../../avr/lib/avr5/crtatmega328p.o
__vector_17                                       c:/program files (x86)/vscode-win/toolchains/avr-gcc/bin/../lib/gcc/avr/12.1.0/../../../../avr/lib/avr5/crtatmega328p.o
__vector_18                                       build/main.o
                                                  c:/program files (x86)/vscode-win/toolchains/avr-gcc/bin/../lib/gcc/avr/12.1.0/../../../../avr/lib/avr5/crtatmega328p.o
__vector_19                                       c:/program files (x86)/vscode-win/toolchains/avr-gcc/bin/../lib/gcc/avr/12.1.0/../../../../avr/lib/avr5/crtatmega328p.o
__vector_2                                        build/int1.o
                                                  c:/program files (x86)/vscode-win/toolchains/avr-gcc/bin/../lib/gcc/avr/12.1.0/../../../../avr/lib/avr5/crtatmega328p.o
__vector_20                                       build/main.o
                                                  c:/program files (x86)/vscode-win/toolchains/avr-gcc/bin/../lib/gcc/avr/12.1.0/../../../../avr/lib/avr5/crtatmega328p.o
__vector_21                                       c:/program files (x86)/vscode-win/toolchains/avr-gcc/bin/../lib/gcc/avr/12.1.0/../../../../avr/lib/avr5/crtatmega328p.o
__vector_22                                       c:/program files (x86)/vscode-win/toolchains/avr-gcc/bin/../lib/gcc/avr/12.1.0/../../../../avr/lib/avr5/crtatmega328p.o
__vector_23                                       c:/program files (x86)/vscode-win/toolchains/avr-gcc/bin/../lib/gcc/avr/12.1.0/../../../../avr/lib/avr5/crtatmega328p.o
__vector_24                                       c:/program files (x86)/vscode-win/toolchains/avr-gcc/bin/../lib/gcc/avr/12.1.0/../../../../avr/lib/avr5/crtatmega328p.o
__vector_25                                       c:/program files (x86)/vscode-win/toolchains/avr-gcc/bin/../lib/gcc/avr/12.1.0/../../../../avr/lib/avr5/crtatmega328p.o
__vector_3                                        build/pcint0.o
                                                  c:/program files (x86)/vscode-win/toolchains/avr-gcc/bin/../lib/gcc/avr/12.1.0/../../../../avr/lib/avr5/crtatmega328p.o
__vector_4                                        build/pcint1.o
                                                  c:/program files (x86)/vscode-win/toolchains/avr-gcc/bin/../lib/gcc/avr/12.1.0/../../../../avr/lib/avr5/crtatmega328p.o
__vector_5                                        build/pcint2.o
                                                  c:/program files (x86)/vscode-win/toolchains/avr-gcc/bin/../lib/gcc/avr/12.1.0/../../../../avr/lib/avr5/crtatmega328p.o
__vector_6                                        c:/program files (x86)/vscode-win/toolchains/avr-gcc/bin/../lib/gcc/avr/12.1.0/../../../../avr/lib/avr5/crtatmega328p.o
__vector_7                                        build/timer2.o
                                                  c:/program files (x86)/vscode-win/toolchains/avr-gcc/bin/../lib/gcc/avr/12.1.0/../../../../avr/lib/avr5/crtatmega328p.o
__vector_8                                        build/timer2.o
                                                  c:/program files (x86)/vscode-win/toolchains/avr-gcc/bin/../lib/gcc/avr/12.1.0/../../../../avr/lib/avr5/crtatmega328p.o
__vector_9                                        build/timer2.o
                                                  c:/program files (x86)/vscode-win/toolchains/avr-gcc/bin/../lib/gcc/avr/12.1.0/../../../../avr/lib/avr5/crtatmega328p.o
__vector_default                                  c:/program files (x86)/vscode-win/toolchains/avr-gcc/bin/../lib/gcc/avr/12.1.0/../../../../avr/lib/avr5/crtatmega328p.o
__vectors                                         c:/program files (x86)/vscode-win/toolchains/avr-gcc/bin/../lib/gcc/avr/12.1.0/../../../../avr/lib/avr5/crtatmega328p.o
_div                                              c:/program files (x86)/vscode-win/toolchains/avr-gcc/bin/../lib/gcc/avr/12.1.0/avr5\libgcc.a(_divmodhi4.o)
_exit                                             c:/program files (x86)/vscode-win/toolchains/avr-gcc/bin/../lib/gcc/avr/12.1.0/avr5\libgcc.a(_exit.o)
debug                                             build/debug.o
defaultDisplay                                    build/hd44780.o
exit                                              c:/program files (x86)/vscode-win/toolchains/avr-gcc/bin/../lib/gcc/avr/12.1.0/avr5\libgcc.a(_exit.o)
                                                  c:/program files (x86)/vscode-win/toolchains/avr-gcc/bin/../lib/gcc/avr/12.1.0/../../../../avr/lib/avr5/crtatmega328p.o
flagOFF                                           build/main.o
flagONN                                           build/main.o
free                                              c:/program files (x86)/vscode-win/toolchains/avr-gcc/bin/../lib/gcc/avr/12.1.0/../../../../avr/lib/avr5\libc.a(malloc.o)
                                                  c:/program files (x86)/vscode-win/toolchains/avr-gcc/bin/../lib/gcc/avr/12.1.0/../../../../avr/lib/avr5\libc.a(realloc.o)
                                                  build/keypad.o
int0                                              build/int0.o
int1                                              build/int1.o
lcdStream                                         build/hd44780.o
main                                              build/main.o
                                                  c:/program files (x86)/vscode-win/toolchains/avr-gcc/bin/../lib/gcc/avr/12.1.0/../../../../avr/lib/avr5/crtatmega328p.o
malloc                                            c:/program files (x86)/vscode-win/toolchains/avr-gcc/bin/../lib/gcc/avr/12.1.0/../../../../avr/lib/avr5\libc.a(malloc.o)
                                                  c:/program files (x86)/vscode-win/toolchains/avr-gcc/bin/../lib/gcc/avr/12.1.0/../../../../avr/lib/avr5\libc.a(realloc.o)
memcpy                                            c:/program files (x86)/vscode-win/toolchains/avr-gcc/bin/../lib/gcc/avr/12.1.0/../../../../avr/lib/avr5\libc.a(memcpy.o)
                                                  c:/program files (x86)/vscode-win/toolchains/avr-gcc/bin/../lib/gcc/avr/12.1.0/../../../../avr/lib/avr5\libc.a(realloc.o)
pcint0                                            build/pcint0.o
pcint1                                            build/pcint1.o
pcint2                                            build/pcint2.o
realloc                                           c:/program files (x86)/vscode-win/toolchains/avr-gcc/bin/../lib/gcc/avr/12.1.0/../../../../avr/lib/avr5\libc.a(realloc.o)
                                                  build/keypad.o
timer0                                            build/timer0.o
timer1                                            build/timer1.o
timer2                                            build/timer2.o
