Archive member included to satisfy reference by file (symbol)

c:/program files (x86)/vscode-win/toolchains/avr-gcc/bin/../lib/gcc/avr/12.1.0/avr5\libgcc.a(_divmodhi4.o)
                              build/hd44780.o (__divmodhi4)
c:/program files (x86)/vscode-win/toolchains/avr-gcc/bin/../lib/gcc/avr/12.1.0/avr5\libgcc.a(_udivmodsi4.o)
                              build/ff.o (__udivmodsi4)
c:/program files (x86)/vscode-win/toolchains/avr-gcc/bin/../lib/gcc/avr/12.1.0/avr5\libgcc.a(_exit.o)
                              c:/program files (x86)/vscode-win/toolchains/avr-gcc/bin/../lib/gcc/avr/12.1.0/../../../../avr/lib/avr5/crtatmega328p.o (exit)
c:/program files (x86)/vscode-win/toolchains/avr-gcc/bin/../lib/gcc/avr/12.1.0/avr5\libgcc.a(_tablejump2.o)
                              build/mmc_avr_spi.o (__tablejump2__)
c:/program files (x86)/vscode-win/toolchains/avr-gcc/bin/../lib/gcc/avr/12.1.0/avr5\libgcc.a(_copy_data.o)
                              build/ProcessarJSON.o (__do_copy_data)
c:/program files (x86)/vscode-win/toolchains/avr-gcc/bin/../lib/gcc/avr/12.1.0/avr5\libgcc.a(_clear_bss.o)
                              build/ff.o (__do_clear_bss)
c:/program files (x86)/vscode-win/toolchains/avr-gcc/bin/../lib/gcc/avr/12.1.0/avr5\libgcc.a(_ctors.o)
                              build/adc.o (__do_global_ctors)
c:/program files (x86)/vscode-win/toolchains/avr-gcc/bin/../lib/gcc/avr/12.1.0/avr5\libgcc.a(_umulhisi3.o)
                              build/mmc_avr_spi.o (__umulhisi3)
c:/program files (x86)/vscode-win/toolchains/avr-gcc/bin/../lib/gcc/avr/12.1.0/avr5\libgcc.a(_muluhisi3.o)
                              build/ff.o (__muluhisi3)
c:/program files (x86)/vscode-win/toolchains/avr-gcc/bin/../lib/gcc/avr/12.1.0/avr5\libgcc.a(_ashrdi3.o)
                              build/usart0.o (__lshrdi3)
c:/program files (x86)/vscode-win/toolchains/avr-gcc/bin/../lib/gcc/avr/12.1.0/avr5\libgcc.a(_udivmodhi4.o)
                              c:/program files (x86)/vscode-win/toolchains/avr-gcc/bin/../lib/gcc/avr/12.1.0/avr5\libgcc.a(_divmodhi4.o) (__udivmodhi4)
c:/program files (x86)/vscode-win/toolchains/avr-gcc/bin/../lib/gcc/avr/12.1.0/../../../../avr/lib/avr5\libc.a(calloc.o)
                              build/twi.o (calloc)
c:/program files (x86)/vscode-win/toolchains/avr-gcc/bin/../lib/gcc/avr/12.1.0/../../../../avr/lib/avr5\libc.a(malloc.o)
                              c:/program files (x86)/vscode-win/toolchains/avr-gcc/bin/../lib/gcc/avr/12.1.0/../../../../avr/lib/avr5\libc.a(calloc.o) (malloc)
c:/program files (x86)/vscode-win/toolchains/avr-gcc/bin/../lib/gcc/avr/12.1.0/../../../../avr/lib/avr5\libc.a(realloc.o)
                              build/keypad.o (realloc)
c:/program files (x86)/vscode-win/toolchains/avr-gcc/bin/../lib/gcc/avr/12.1.0/../../../../avr/lib/avr5\libc.a(memcpy.o)
                              c:/program files (x86)/vscode-win/toolchains/avr-gcc/bin/../lib/gcc/avr/12.1.0/../../../../avr/lib/avr5\libc.a(realloc.o) (memcpy)
c:/program files (x86)/vscode-win/toolchains/avr-gcc/bin/../lib/gcc/avr/12.1.0/../../../../avr/lib/avr5\libc.a(memset.o)
                              c:/program files (x86)/vscode-win/toolchains/avr-gcc/bin/../lib/gcc/avr/12.1.0/../../../../avr/lib/avr5\libc.a(calloc.o) (memset)
c:/program files (x86)/vscode-win/toolchains/avr-gcc/bin/../lib/gcc/avr/12.1.0/../../../../avr/lib/avr5\libc.a(strstr.o)
                              build/ProcessarJSON.o (strstr)
c:/program files (x86)/vscode-win/toolchains/avr-gcc/bin/../lib/gcc/avr/12.1.0/../../../../avr/lib/avr5\libc.a(iob.o)
                              build/hd44780.o (__iob)
c:/program files (x86)/vscode-win/toolchains/avr-gcc/bin/../lib/gcc/avr/12.1.0/avr5\libgcc.a(_prologue.o)
                              c:/program files (x86)/vscode-win/toolchains/avr-gcc/bin/../lib/gcc/avr/12.1.0/../../../../avr/lib/avr5\libc.a(realloc.o) (__prologue_saves__)
c:/program files (x86)/vscode-win/toolchains/avr-gcc/bin/../lib/gcc/avr/12.1.0/avr5\libgcc.a(_epilogue.o)
                              c:/program files (x86)/vscode-win/toolchains/avr-gcc/bin/../lib/gcc/avr/12.1.0/../../../../avr/lib/avr5\libc.a(realloc.o) (__epilogue_restores__)

Discarded input sections

 .data          0x0000000000000000        0x0 c:/program files (x86)/vscode-win/toolchains/avr-gcc/bin/../lib/gcc/avr/12.1.0/../../../../avr/lib/avr5/crtatmega328p.o
 .bss           0x0000000000000000        0x0 c:/program files (x86)/vscode-win/toolchains/avr-gcc/bin/../lib/gcc/avr/12.1.0/../../../../avr/lib/avr5/crtatmega328p.o
 .text          0x0000000000000000        0x0 build/Led.o
 .data          0x0000000000000000        0x0 build/Led.o
 .bss           0x0000000000000000        0x0 build/Led.o
 .text._Z7getTickv
                0x0000000000000000        0x8 build/Led.o
 .text._ZN3Led8LigarLedEi
                0x0000000000000000       0x26 build/Led.o
 .text._ZN3LedC2Eib
[...]
Memory Configuration

Name             Origin             Length             Attributes
text             0x0000000000000000 0x0000000000020000 xr
data             0x0000000000800060 0x000000000000ffa0 rw !x
eeprom           0x0000000000810000 0x0000000000010000 rw !x
fuse             0x0000000000820000 0x0000000000000003 rw !x
lock             0x0000000000830000 0x0000000000000400 rw !x
signature        0x0000000000840000 0x0000000000000400 rw !x
user_signatures  0x0000000000850000 0x0000000000000400 rw !x
*default*        0x0000000000000000 0xffffffffffffffff

Linker script and memory map

Address of section .data set to 0x800100
LOAD c:/program files (x86)/vscode-win/toolchains/avr-gcc/bin/../lib/gcc/avr/12.1.0/../../../../avr/lib/avr5/crtatmega328p.o
LOAD build/Led.o
LOAD build/ProcessarJSON.o
LOAD build/diskio.o
LOAD build/ff.o
LOAD build/ffsystem.o
LOAD build/ffunicode.o
LOAD build/mmc_avr_spi.o
LOAD build/spiMaster.o
LOAD build/ds1307.o
LOAD build/hd44780.o
LOAD build/keypad.o
LOAD build/sevenSegmentsDisplay.o
LOAD build/sevenSegmentsMuxDisplay.o
LOAD build/adc.o
LOAD build/int0.o
LOAD build/int1.o
LOAD build/pcint0.o
LOAD build/pcint1.o
LOAD build/pcint2.o
LOAD build/timer0.o
LOAD build/timer1.o
LOAD build/timer2.o
LOAD build/twi.o
LOAD build/usart0.o
LOAD build/dateTime.o
LOAD build/debug.o
LOAD build/sound.o
LOAD build/systemStatus.o
LOAD build/main.o
LOAD c:/program files (x86)/vscode-win/toolchains/avr-gcc/bin/../lib/gcc/avr/12.1.0/avr5\libgcc.a
LOAD c:/program files (x86)/vscode-win/toolchains/avr-gcc/bin/../lib/gcc/avr/12.1.0/../../../../avr/lib/avr5\libm.a
START GROUP
LOAD c:/program files (x86)/vscode-win/toolchains/avr-gcc/bin/../lib/gcc/avr/12.1.0/avr5\libgcc.a
LOAD c:/program files (x86)/vscode-win/toolchains/avr-gcc/bin/../lib/gcc/avr/12.1.0/../../../../avr/lib/avr5\libm.a
LOAD c:/program files (x86)/vscode-win/toolchains/avr-gcc/bin/../lib/gcc/avr/12.1.0/../../../../avr/lib/avr5\libc.a
LOAD c:/program files (x86)/vscode-win/toolchains/avr-gcc/bin/../lib/gcc/avr/12.1.0/../../../../avr/lib/avr5\libatmega328p.a
END GROUP
                0x0000000000020000                __TEXT_REGION_LENGTH__ = DEFINED (__TEXT_REGION_LENGTH__)?__TEXT_REGION_LENGTH__:0x20000
                0x000000000000ffa0                __DATA_REGION_LENGTH__ = DEFINED (__DATA_REGION_LENGTH__)?__DATA_REGION_LENGTH__:0xffa0
                0x0000000000010000                __EEPROM_REGION_LENGTH__ = DEFINED (__EEPROM_REGION_LENGTH__)?__EEPROM_REGION_LENGTH__:0x10000
                [0x0000000000000003]                __FUSE_REGION_LENGTH__ = DEFINED (__FUSE_REGION_LENGTH__)?__FUSE_REGION_LENGTH__:0x400
                0x0000000000000400                __LOCK_REGION_LENGTH__ = DEFINED (__LOCK_REGION_LENGTH__)?__LOCK_REGION_LENGTH__:0x400
                0x0000000000000400                __SIGNATURE_REGION_LENGTH__ = DEFINED (__SIGNATURE_REGION_LENGTH__)?__SIGNATURE_REGION_LENGTH__:0x400
                0x0000000000000400                __USER_SIGNATURE_REGION_LENGTH__ = DEFINED (__USER_SIGNATURE_REGION_LENGTH__)?__USER_SIGNATURE_REGION_LENGTH__:0x400

.hash
 *(.hash)

.dynsym
 *(.dynsym)

.dynstr
 *(.dynstr)

.gnu.version
 *(.gnu.version)

.gnu.version_d
 *(.gnu.version_d)

.gnu.version_r
 *(.gnu.version_r)

.rel.init
 *(.rel.init)

.rela.init
 *(.rela.init)

.rel.text
 *(.rel.text)
 *(.rel.text.*)
 *(.rel.gnu.linkonce.t*)

.rela.text
 *(.rela.text)
 *(.rela.text.*)
 *(.rela.gnu.linkonce.t*)

.rel.fini
 *(.rel.fini)

.rela.fini
 *(.rela.fini)

.rel.rodata
 *(.rel.rodata)
 *(.rel.rodata.*)
 *(.rel.gnu.linkonce.r*)

.rela.rodata
 *(.rela.rodata)
 *(.rela.rodata.*)
 *(.rela.gnu.linkonce.r*)

.rel.data
 *(.rel.data)
 *(.rel.data.*)
 *(.rel.gnu.linkonce.d*)

.rela.data
 *(.rela.data)
 *(.rela.data.*)
 *(.rela.gnu.linkonce.d*)

.rel.ctors
 *(.rel.ctors)

.rela.ctors
 *(.rela.ctors)

.rel.dtors
 *(.rel.dtors)

.rela.dtors
 *(.rela.dtors)

.rel.got
 *(.rel.got)

.rela.got
 *(.rela.got)

.rel.bss
 *(.rel.bss)

.rela.bss
 *(.rela.bss)

.rel.plt
 *(.rel.plt)

.rela.plt
 *(.rela.plt)

.text           0x0000000000000000     0x13f0
 *(.vectors)
 .vectors       0x0000000000000000       0x68 c:/program files (x86)/vscode-win/toolchains/avr-gcc/bin/../lib/gcc/avr/12.1.0/../../../../avr/lib/avr5/crtatmega328p.o
                0x0000000000000000                __vector_default
                0x0000000000000000                __vectors
 *(.vectors)
 *(.progmem.gcc*)
                0x0000000000000068                . = ALIGN (0x2)
                0x0000000000000068                __trampolines_start = .
 *(.trampolines)
 .trampolines   0x0000000000000068        0x0 linker stubs
 *(.trampolines*)
                0x0000000000000068                __trampolines_end = .
 *libprintf_flt.a:*(.progmem.data)
 *libc.a:*(.progmem.data)
 *(.progmem.*)
                0x0000000000000068                . = ALIGN (0x2)
 *(.lowtext)
 *(.lowtext*)
                0x0000000000000068                __ctors_start = .
 *(.ctors)
 .ctors         0x0000000000000068        0x2 build/adc.o
 .ctors         0x000000000000006a        0x2 build/int0.o
 .ctors         0x000000000000006c        0x2 build/int1.o
 .ctors         0x000000000000006e        0x2 build/pcint0.o
 .ctors         0x0000000000000070        0x2 build/pcint1.o
 .ctors         0x0000000000000072        0x2 build/pcint2.o
 .ctors         0x0000000000000074        0x2 build/timer0.o
 .ctors         0x0000000000000076        0x2 build/timer1.o
 .ctors         0x0000000000000078        0x2 build/timer2.o
 .ctors         0x000000000000007a        0x2 build/twi.o
 .ctors         0x000000000000007c        0x2 build/usart0.o
 .ctors         0x000000000000007e        0x2 build/systemStatus.o
                0x0000000000000080                __ctors_end = .
                0x0000000000000080                __dtors_start = .
 *(.dtors)
                0x0000000000000080                __dtors_end = .
 SORT_BY_NAME(*)(.ctors)
 SORT_BY_NAME(*)(.dtors)
 *(.init0)
 .init0         0x0000000000000080        0x0 c:/program files (x86)/vscode-win/toolchains/avr-gcc/bin/../lib/gcc/avr/12.1.0/../../../../avr/lib/avr5/crtatmega328p.o
                0x0000000000000080                __init
 *(.init0)
 *(.init1)
 *(.init1)
 *(.init2)
 .init2         0x0000000000000080        0xc c:/program files (x86)/vscode-win/toolchains/avr-gcc/bin/../lib/gcc/avr/12.1.0/../../../../avr/lib/avr5/crtatmega328p.o
 *(.init2)
 *(.init3)
 *(.init3)
 *(.init4)
 .init4         0x000000000000008c       0x16 c:/program files (x86)/vscode-win/toolchains/avr-gcc/bin/../lib/gcc/avr/12.1.0/avr5\libgcc.a(_copy_data.o)
                0x000000000000008c                __do_copy_data
 .init4         0x00000000000000a2       0x10 c:/program files (x86)/vscode-win/toolchains/avr-gcc/bin/../lib/gcc/avr/12.1.0/avr5\libgcc.a(_clear_bss.o)
                0x00000000000000a2                __do_clear_bss
 *(.init4)
 *(.init5)
 *(.init5)
 *(.init6)
 .init6         0x00000000000000b2       0x16 c:/program files (x86)/vscode-win/toolchains/avr-gcc/bin/../lib/gcc/avr/12.1.0/avr5\libgcc.a(_ctors.o)
                0x00000000000000b2                __do_global_ctors
 *(.init6)
 *(.init7)
 *(.init7)
 *(.init8)
 *(.init8)
 *(.init9)
 .init9         0x00000000000000c8        0x8 c:/program files (x86)/vscode-win/toolchains/avr-gcc/bin/../lib/gcc/avr/12.1.0/../../../../avr/lib/avr5/crtatmega328p.o
 *(.init9)
 *(.text)
 .text          0x00000000000000d0        0x4 c:/program files (x86)/vscode-win/toolchains/avr-gcc/bin/../lib/gcc/avr/12.1.0/../../../../avr/lib/avr5/crtatmega328p.o
                0x00000000000000d0                __bad_interrupt
                0x00000000000000d0                __vector_6
                0x00000000000000d0                __vector_23
                0x00000000000000d0                __vector_25
                0x00000000000000d0                __vector_17
                0x00000000000000d0                __vector_22
                0x00000000000000d4                . = ALIGN (0x2)
 *(.text.*)
 .text._ZN13ProcessarJSONC2Ev
                0x00000000000000d4        0x2 build/ProcessarJSON.o
                0x00000000000000d4                _ZN13ProcessarJSONC1Ev
                0x00000000000000d4                _ZN13ProcessarJSONC2Ev
 .text._ZN13ProcessarJSON12processarMsgEPKc
                0x00000000000000d6       0x12 build/ProcessarJSON.o
                0x00000000000000d6                _ZN13ProcessarJSON12processarMsgEPKc
 .text._ZN3AdcC2Ev
                0x00000000000000e8       0x26 build/adc.o
                0x00000000000000e8                _ZN3AdcC1Ev
                0x00000000000000e8                _ZN3AdcC2Ev
 .text._Z29adcConversionCompleteCallbackv
                0x000000000000010e        0x2 build/adc.o
                0x000000000000010e                _Z29adcConversionCompleteCallbackv
 .text.__vector_21
                0x0000000000000110       0x48 build/adc.o
                0x0000000000000110                __vector_21
 .text._GLOBAL__sub_I_adc
                0x0000000000000158        0xa build/adc.o
 .text._ZN4Int0C2Ev
                0x0000000000000162       0x12 build/int0.o
                0x0000000000000162                _ZN4Int0C1Ev
                0x0000000000000162                _ZN4Int0C2Ev
 .text._Z21int0InterruptCallbackv
                0x0000000000000174        0x2 build/int0.o
                0x0000000000000174                _Z21int0InterruptCallbackv
 .text.__vector_1
                0x0000000000000176       0x48 build/int0.o
                0x0000000000000176                __vector_1
 .text._GLOBAL__sub_I_int0
                0x00000000000001be        0xa build/int0.o
 .text._ZN4Int1C2Ev
                0x00000000000001c8       0x12 build/int1.o
                0x00000000000001c8                _ZN4Int1C1Ev
                0x00000000000001c8                _ZN4Int1C2Ev
 .text._Z21int1InterruptCallbackv
                0x00000000000001da        0x2 build/int1.o
                0x00000000000001da                _Z21int1InterruptCallbackv
 .text.__vector_2
                0x00000000000001dc       0x48 build/int1.o
                0x00000000000001dc                __vector_2
 .text._GLOBAL__sub_I_int1
                0x0000000000000224        0xa build/int1.o
 .text._ZN6Pcint0C2Ev
                0x000000000000022e       0x12 build/pcint0.o
                0x000000000000022e                _ZN6Pcint0C2Ev
                0x000000000000022e                _ZN6Pcint0C1Ev
 .text._Z23pcint0InterruptCallbackv
                0x0000000000000240        0x2 build/pcint0.o
                0x0000000000000240                _Z23pcint0InterruptCallbackv
 .text.__vector_3
                0x0000000000000242       0x48 build/pcint0.o
                0x0000000000000242                __vector_3
 .text._GLOBAL__sub_I_pcint0
                0x000000000000028a        0xa build/pcint0.o
 .text._ZN6Pcint1C2Ev
                0x0000000000000294       0x12 build/pcint1.o
                0x0000000000000294                _ZN6Pcint1C1Ev
                0x0000000000000294                _ZN6Pcint1C2Ev
 .text._Z23pcint1InterruptCallbackv
                0x00000000000002a6        0x2 build/pcint1.o
                0x00000000000002a6                _Z23pcint1InterruptCallbackv
 .text.__vector_4
                0x00000000000002a8       0x48 build/pcint1.o
                0x00000000000002a8                __vector_4
 .text._GLOBAL__sub_I_pcint1
                0x00000000000002f0        0xa build/pcint1.o
 .text._ZN6Pcint2C2Ev
                0x00000000000002fa       0x12 build/pcint2.o
                0x00000000000002fa                _ZN6Pcint2C1Ev
                0x00000000000002fa                _ZN6Pcint2C2Ev
 .text._Z23pcint2InterruptCallbackv
                0x000000000000030c        0x2 build/pcint2.o
                0x000000000000030c                _Z23pcint2InterruptCallbackv
 .text.__vector_5
                0x000000000000030e       0x48 build/pcint2.o
                0x000000000000030e                __vector_5
 .text._GLOBAL__sub_I_pcint2
                0x0000000000000356        0xa build/pcint2.o
 .text._ZN6Timer0C2Ev
                0x0000000000000360       0x14 build/timer0.o
                0x0000000000000360                _ZN6Timer0C2Ev
                0x0000000000000360                _ZN6Timer0C1Ev
 .text._Z22timer0CompareACallbackv
                0x0000000000000374        0x2 build/timer0.o
                0x0000000000000374                _Z22timer0CompareACallbackv
 .text._Z22timer0CompareBCallbackv
                0x0000000000000376        0x2 build/timer0.o
                0x0000000000000376                _Z22timer0CompareBCallbackv
 .text._Z22timer0OverflowCallbackv
                0x0000000000000378        0x2 build/timer0.o
                0x0000000000000378                _Z22timer0OverflowCallbackv
 .text.__vector_14
                0x000000000000037a       0x48 build/timer0.o
                0x000000000000037a                __vector_14
 .text.__vector_15
                0x00000000000003c2       0x48 build/timer0.o
                0x00000000000003c2                __vector_15
 .text.__vector_16
                0x000000000000040a       0x48 build/timer0.o
                0x000000000000040a                __vector_16
 .text._GLOBAL__sub_I_timer0
                0x0000000000000452        0xa build/timer0.o
 .text._ZN6Timer1C2Ev
                0x000000000000045c       0x14 build/timer1.o
                0x000000000000045c                _ZN6Timer1C1Ev
                0x000000000000045c                _ZN6Timer1C2Ev
 .text._Z22timer1CompareACallbackv
                0x0000000000000470        0x2 build/timer1.o
                0x0000000000000470                _Z22timer1CompareACallbackv
 .text._Z22timer1CompareBCallbackv
                0x0000000000000472        0x2 build/timer1.o
                0x0000000000000472                _Z22timer1CompareBCallbackv
 .text._Z26timer1InputCaptureCallbackv
                0x0000000000000474        0x2 build/timer1.o
                0x0000000000000474                _Z26timer1InputCaptureCallbackv
 .text._Z22timer1OverflowCallbackv
                0x0000000000000476        0x2 build/timer1.o
                0x0000000000000476                _Z22timer1OverflowCallbackv
 .text.__vector_11
                0x0000000000000478       0x48 build/timer1.o
                0x0000000000000478                __vector_11
 .text.__vector_12
                0x00000000000004c0       0x48 build/timer1.o
                0x00000000000004c0                __vector_12
 .text.__vector_10
                0x0000000000000508       0x48 build/timer1.o
                0x0000000000000508                __vector_10
 .text.__vector_13
                0x0000000000000550       0x48 build/timer1.o
                0x0000000000000550                __vector_13
 .text._GLOBAL__sub_I_timer1
                0x0000000000000598        0xa build/timer1.o
 .text._ZN6Timer2C2Ev
                0x00000000000005a2       0x14 build/timer2.o
                0x00000000000005a2                _ZN6Timer2C2Ev
                0x00000000000005a2                _ZN6Timer2C1Ev
 .text._Z22timer2CompareACallbackv
                0x00000000000005b6        0x2 build/timer2.o
                0x00000000000005b6                _Z22timer2CompareACallbackv
 .text._Z22timer2CompareBCallbackv
                0x00000000000005b8        0x2 build/timer2.o
                0x00000000000005b8                _Z22timer2CompareBCallbackv
 .text._Z22timer2OverflowCallbackv
                0x00000000000005ba        0x2 build/timer2.o
                0x00000000000005ba                _Z22timer2OverflowCallbackv
 .text.__vector_7
                0x00000000000005bc       0x48 build/timer2.o
                0x00000000000005bc                __vector_7
 .text.__vector_8
                0x0000000000000604       0x48 build/timer2.o
                0x0000000000000604                __vector_8
 .text.__vector_9
                0x000000000000064c       0x48 build/timer2.o
                0x000000000000064c                __vector_9
 .text._GLOBAL__sub_I_timer2
                0x0000000000000694        0xa build/timer2.o
 .text._ZN3Bus8sendDataEPhj
                0x000000000000069e        0xe build/twi.o
                0x000000000000069e                _ZN3Bus8sendDataEPhj
 .text._ZN3Bus8sendDataEPKhPhj
                0x00000000000006ac        0xe build/twi.o
                0x00000000000006ac                _ZN3Bus8sendDataEPKhPhj
 .text._ZN3Bus9setDeviceEPFvvES1_
                0x00000000000006ba        0xe build/twi.o
                0x00000000000006ba                _ZN3Bus9setDeviceEPFvvES1_
 .text._ZN3Twi9setDeviceEjb
                0x00000000000006c8       0x42 build/twi.o
                0x00000000000006c8                _ZN3Twi9setDeviceEjb
 .text._ZN3Twi10getBusTypeEv
                0x000000000000070a        0x6 build/twi.o
                0x000000000000070a                _ZN3Twi10getBusTypeEv
 .text._ZN3Twi12getLastErrorEv
                0x0000000000000710        0x8 build/twi.o
                0x0000000000000710                _ZN3Twi12getLastErrorEv
 .text._ZN3TwiC2Ev
                0x0000000000000718       0x30 build/twi.o
                0x0000000000000718                _ZN3TwiC1Ev
                0x0000000000000718                _ZN3TwiC2Ev
 .text._ZN3Twi16_waitWhileIsBusyEv
                0x0000000000000748       0xaa build/twi.o
                0x0000000000000748                _ZN3Twi16_waitWhileIsBusyEv
 .text._ZN3Twi17_startTrasmissionEv
                0x00000000000007f2       0x20 build/twi.o
                0x00000000000007f2                _ZN3Twi17_startTrasmissionEv
 .text._ZN3Twi15_readFromBufferEPhh
                0x0000000000000812       0x54 build/twi.o
                0x0000000000000812                _ZN3Twi15_readFromBufferEPhh
 .text._ZN3Twi8sendDataEhNS_9OperationEhPhh
                0x0000000000000866      0x152 build/twi.o
                0x0000000000000866                _ZN3Twi8sendDataEhNS_9OperationEhPhh
 .text._ZN3Twi7readRegEhPhj
                0x00000000000009b8       0x58 build/twi.o
                0x00000000000009b8                _ZN3Twi7readRegEhPhj
 .text._ZN3Twi8writeRegEhPKhj
                0x0000000000000a10       0x58 build/twi.o
                0x0000000000000a10                _ZN3Twi8writeRegEhPKhj
 .text._ZN3Twi16interruptHandlerEv
                0x0000000000000a68      0x102 build/twi.o
                0x0000000000000a68                _ZN3Twi16interruptHandlerEv
 .text.__vector_24
                0x0000000000000b6a       0x4c build/twi.o
                0x0000000000000b6a                __vector_24
 .text._GLOBAL__sub_I_twi
                0x0000000000000bb6        0xa build/twi.o
 .text._ZN6Usart04initEv
                0x0000000000000bc0      0x1be build/usart0.o
                0x0000000000000bc0                _ZN6Usart04initEv
 .text._ZN6Usart011setBaudRateENS_8BaudRateE
                0x0000000000000d7e      0x130 build/usart0.o
                0x0000000000000d7e                _ZN6Usart011setBaudRateENS_8BaudRateE
 .text._ZN6Usart014setFrameFormatENS_11FrameFormatE
                0x0000000000000eae       0xba build/usart0.o
                0x0000000000000eae                _ZN6Usart014setFrameFormatENS_11FrameFormatE
 .text._ZN6Usart0C2ENS_8BaudRateENS_4ModeENS_11FrameFormatE
                0x0000000000000f68       0x66 build/usart0.o
                0x0000000000000f68                _ZN6Usart0C1ENS_8BaudRateENS_4ModeENS_11FrameFormatE
                0x0000000000000f68                _ZN6Usart0C2ENS_8BaudRateENS_4ModeENS_11FrameFormatE
 .text._ZN6Usart018getReceptionStatusEPNS_14ReceptionErrorE
                0x0000000000000fce       0x48 build/usart0.o
                0x0000000000000fce                _ZN6Usart018getReceptionStatusEPNS_14ReceptionErrorE
 .text._ZN6Usart011sendDataStdEcP6__file
                0x0000000000001016       0x14 build/usart0.o
                0x0000000000001016                _ZN6Usart011sendDataStdEcP6__file
 .text._Z23usartTransmitStdWrappercP6__file
                0x000000000000102a       0x14 build/usart0.o
                0x000000000000102a                _Z23usartTransmitStdWrappercP6__file
 .text._Z36usartTransmissionBufferEmptyCallbackv
                0x000000000000103e        0x2 build/usart0.o
                0x000000000000103e                _Z36usartTransmissionBufferEmptyCallbackv
 .text._Z33usartTransmissionCompleteCallbackv
                0x0000000000001040        0x2 build/usart0.o
                0x0000000000001040                _Z33usartTransmissionCompleteCallbackv
 .text.__vector_18
                0x0000000000001042       0x48 build/usart0.o
                0x0000000000001042                __vector_18
 .text.__vector_20
                0x000000000000108a       0x48 build/usart0.o
                0x000000000000108a                __vector_20
 .text.__vector_19
                0x00000000000010d2       0x48 build/usart0.o
                0x00000000000010d2                __vector_19
 .text._GLOBAL__sub_I_usartDefaultHandler
                0x000000000000111a       0x1a build/usart0.o
 .text._ZN12SystemStatusC2Ev
                0x0000000000001134       0x34 build/systemStatus.o
                0x0000000000001134                _ZN12SystemStatusC2Ev
                0x0000000000001134                _ZN12SystemStatusC1Ev
 .text._ZN12SystemStatus11getCpuClockEv
                0x0000000000001168       0x30 build/systemStatus.o
                0x0000000000001168                _ZN12SystemStatus11getCpuClockEv
 .text._ZN12SystemStatus13readStopwatchEv
                0x0000000000001198       0x32 build/systemStatus.o
                0x0000000000001198                _ZN12SystemStatus13readStopwatchEv
 .text._GLOBAL__sub_I_systemStatus
                0x00000000000011ca        0xa build/systemStatus.o
 .text.main     0x00000000000011d4       0x66 build/main.o
                0x00000000000011d4                main
 .text._Z30usartReceptionCompleteCallbackv
                0x000000000000123a       0x1c build/main.o
                0x000000000000123a                _Z30usartReceptionCompleteCallbackv
 .text.libgcc.div
                0x0000000000001256       0x44 c:/program files (x86)/vscode-win/toolchains/avr-gcc/bin/../lib/gcc/avr/12.1.0/avr5\libgcc.a(_udivmodsi4.o)
                0x0000000000001256                __udivmodsi4
 .text.libgcc   0x000000000000129a        0xc c:/program files (x86)/vscode-win/toolchains/avr-gcc/bin/../lib/gcc/avr/12.1.0/avr5\libgcc.a(_tablejump2.o)
                0x000000000000129a                __tablejump2__
 .text.libgcc.mul
                0x00000000000012a6       0x1e c:/program files (x86)/vscode-win/toolchains/avr-gcc/bin/../lib/gcc/avr/12.1.0/avr5\libgcc.a(_umulhisi3.o)
                0x00000000000012a6                __umulhisi3
 .text.libgcc.mul
                0x00000000000012c4       0x16 c:/program files (x86)/vscode-win/toolchains/avr-gcc/bin/../lib/gcc/avr/12.1.0/avr5\libgcc.a(_muluhisi3.o)
                0x00000000000012c4                __muluhisi3
 .text.libgcc.builtins
                0x00000000000012da       0x3a c:/program files (x86)/vscode-win/toolchains/avr-gcc/bin/../lib/gcc/avr/12.1.0/avr5\libgcc.a(_ashrdi3.o)
                0x00000000000012da                __ashrdi3
                0x00000000000012de                __lshrdi3
 .text.avr-libc
                0x0000000000001314       0x34 c:/program files (x86)/vscode-win/toolchains/avr-gcc/bin/../lib/gcc/avr/12.1.0/../../../../avr/lib/avr5\libc.a(strstr.o)
                0x0000000000001314                strstr
                0x0000000000001348                . = ALIGN (0x2)
 *(.fini9)
 .fini9         0x0000000000001348        0x0 c:/program files (x86)/vscode-win/toolchains/avr-gcc/bin/../lib/gcc/avr/12.1.0/avr5\libgcc.a(_exit.o)
                0x0000000000001348                _exit
                0x0000000000001348                exit
 *(.fini9)
 *(.fini8)
 *(.fini8)
 *(.fini7)
 *(.fini7)
 *(.fini6)
 *(.fini6)
 *(.fini5)
 *(.fini5)
 *(.fini4)
 *(.fini4)
 *(.fini3)
 *(.fini3)
 *(.fini2)
 *(.fini2)
 *(.fini1)
 *(.fini1)
 *(.fini0)
 .fini0         0x0000000000001348        0x4 c:/program files (x86)/vscode-win/toolchains/avr-gcc/bin/../lib/gcc/avr/12.1.0/avr5\libgcc.a(_exit.o)
 *(.fini0)
 *(.hightext)
 *(.hightext*)
 *(.progmemx.*)
                0x000000000000134c                . = ALIGN (0x2)
 *(.jumptables)
 *(.jumptables*)
 .jumptables.gcc._ZN6Usart04initEv
                0x000000000000134c       0x10 build/usart0.o
 .jumptables.gcc._ZN6Usart014setFrameFormatENS_11FrameFormatE
                0x000000000000135c       0x94 build/usart0.o
                0x00000000000013f0                _etext = .

.data           0x0000000000800100       0x18 load address 0x00000000000013f0
                0x0000000000800100                PROVIDE (__data_start = .)
 *(.data)
 *(.data*)
 *(.gnu.linkonce.d*)
 *(.rodata)
 *(.rodata*)
 .rodata._ZN13ProcessarJSON12processarMsgEPKc.str1.1
                0x0000000000800100        0x3 build/ProcessarJSON.o
 .rodata._ZTV3Twi
                0x0000000000800103       0x14 build/twi.o
                0x0000000000800103                _ZTV3Twi
 *(.gnu.linkonce.r*)
                0x0000000000800118                . = ALIGN (0x2)
 *fill*         0x0000000000800117        0x1 
                0x0000000000800118                _edata = .
                0x0000000000800118                PROVIDE (__data_end = .)

.bss            0x0000000000800118       0x74
                0x0000000000800118                PROVIDE (__bss_start = .)
 *(.bss)
 *(.bss*)
 .bss.adc       0x0000000000800118        0x9 build/adc.o
                0x0000000000800118                adc
 .bss.int0      0x0000000000800121        0x4 build/int0.o
                0x0000000000800121                int0
 .bss.int1      0x0000000000800125        0x4 build/int1.o
                0x0000000000800125                int1
 .bss.pcint0    0x0000000000800129        0x4 build/pcint0.o
                0x0000000000800129                pcint0
 .bss.pcint1    0x000000000080012d        0x4 build/pcint1.o
                0x000000000080012d                pcint1
 .bss.pcint2    0x0000000000800131        0x4 build/pcint2.o
                0x0000000000800131                pcint2
 .bss.timer0    0x0000000000800135        0x5 build/timer0.o
                0x0000000000800135                timer0
 .bss.timer1    0x000000000080013a        0x5 build/timer1.o
                0x000000000080013a                timer1
 .bss.timer2    0x000000000080013f        0x5 build/timer2.o
                0x000000000080013f                timer2
 .bss._ZZN3Twi16interruptHandlerEvE16twiBufferPointer
                0x0000000000800144        0x1 build/twi.o
 .bss.twi       0x0000000000800145       0x13 build/twi.o
                0x0000000000800145                twi
 .bss.usartStream
                0x0000000000800158        0xe build/usart0.o
                0x0000000000800158                usartStream
 .bss.usart0    0x0000000000800166        0xc build/usart0.o
                0x0000000000800166                usart0
 .bss.usartDefaultHandler
                0x0000000000800172        0x2 build/usart0.o
                0x0000000000800172                usartDefaultHandler
 .bss.systemStatus
                0x0000000000800174       0x15 build/systemStatus.o
                0x0000000000800174                systemStatus
 .bss.receivedFlag
                0x0000000000800189        0x1 build/main.o
                0x0000000000800189                receivedFlag
 .bss.receivedStatus
                0x000000000080018a        0x1 build/main.o
                0x000000000080018a                receivedStatus
 .bss.receivedData
                0x000000000080018b        0x1 build/main.o
                0x000000000080018b                receivedData
 *(COMMON)
                0x000000000080018c                PROVIDE (__bss_end = .)
                0x00000000000013f0                __data_load_start = LOADADDR (.data)
                0x0000000000001408                __data_load_end = (__data_load_start + SIZEOF (.data))

.noinit         0x000000000080018c        0x0
                [!provide]                        PROVIDE (__noinit_start = .)
 *(.noinit .noinit.* .gnu.linkonce.n.*)
                [!provide]                        PROVIDE (__noinit_end = .)
                0x000000000080018c                _end = .
                0x000000000080018c                PROVIDE (__heap_start = .)

.eeprom         0x0000000000810000        0x0
 *(.eeprom*)
                0x0000000000810000                __eeprom_end = .

.fuse
 *(.fuse)
 *(.lfuse)
 *(.hfuse)
 *(.efuse)

.lock
 *(.lock*)

.signature
 *(.signature*)

.stab
 *(.stab)

.stabstr
 *(.stabstr)

.stab.excl
 *(.stab.excl)

.stab.exclstr
 *(.stab.exclstr)

.stab.index
 *(.stab.index)

.stab.indexstr
 *(.stab.indexstr)

.comment        0x0000000000000000       0x12
 *(.comment)
 .comment       0x0000000000000000       0x12 build/ProcessarJSON.o
                                         0x13 (size before relaxing)
 .comment       0x0000000000000012       0x13 build/adc.o
 .comment       0x0000000000000012       0x13 build/int0.o
 .comment       0x0000000000000012       0x13 build/int1.o
 .comment       0x0000000000000012       0x13 build/pcint0.o
 .comment       0x0000000000000012       0x13 build/pcint1.o
 .comment       0x0000000000000012       0x13 build/pcint2.o
 .comment       0x0000000000000012       0x13 build/timer0.o
 .comment       0x0000000000000012       0x13 build/timer1.o
 .comment       0x0000000000000012       0x13 build/timer2.o
 .comment       0x0000000000000012       0x13 build/twi.o
 .comment       0x0000000000000012       0x13 build/usart0.o
 .comment       0x0000000000000012       0x13 build/systemStatus.o
 .comment       0x0000000000000012       0x13 build/main.o

.note.gnu.avr.deviceinfo
                0x0000000000000000       0x40
 .note.gnu.avr.deviceinfo
                0x0000000000000000       0x40 c:/program files (x86)/vscode-win/toolchains/avr-gcc/bin/../lib/gcc/avr/12.1.0/../../../../avr/lib/avr5/crtatmega328p.o

.note.gnu.build-id
 *(.note.gnu.build-id)

.debug
 *(.debug)

.line
 *(.line)

.debug_srcinfo
 *(.debug_srcinfo)

.debug_sfnames
 *(.debug_sfnames)

.debug_aranges  0x0000000000000000      0x120
 *(.debug_aranges)
 .debug_aranges
                0x0000000000000000       0x20 c:/program files (x86)/vscode-win/toolchains/avr-gcc/bin/../lib/gcc/avr/12.1.0/avr5\libgcc.a(_udivmodsi4.o)
 .debug_aranges
                0x0000000000000020       0x20 c:/program files (x86)/vscode-win/toolchains/avr-gcc/bin/../lib/gcc/avr/12.1.0/avr5\libgcc.a(_exit.o)
 .debug_aranges
                0x0000000000000040       0x20 c:/program files (x86)/vscode-win/toolchains/avr-gcc/bin/../lib/gcc/avr/12.1.0/avr5\libgcc.a(_tablejump2.o)
 .debug_aranges
                0x0000000000000060       0x20 c:/program files (x86)/vscode-win/toolchains/avr-gcc/bin/../lib/gcc/avr/12.1.0/avr5\libgcc.a(_copy_data.o)
 .debug_aranges
                0x0000000000000080       0x20 c:/program files (x86)/vscode-win/toolchains/avr-gcc/bin/../lib/gcc/avr/12.1.0/avr5\libgcc.a(_clear_bss.o)
 .debug_aranges
                0x00000000000000a0       0x20 c:/program files (x86)/vscode-win/toolchains/avr-gcc/bin/../lib/gcc/avr/12.1.0/avr5\libgcc.a(_ctors.o)
 .debug_aranges
                0x00000000000000c0       0x20 c:/program files (x86)/vscode-win/toolchains/avr-gcc/bin/../lib/gcc/avr/12.1.0/avr5\libgcc.a(_umulhisi3.o)
 .debug_aranges
                0x00000000000000e0       0x20 c:/program files (x86)/vscode-win/toolchains/avr-gcc/bin/../lib/gcc/avr/12.1.0/avr5\libgcc.a(_muluhisi3.o)
 .debug_aranges
                0x0000000000000100       0x20 c:/program files (x86)/vscode-win/toolchains/avr-gcc/bin/../lib/gcc/avr/12.1.0/avr5\libgcc.a(_ashrdi3.o)

.debug_pubnames
 *(.debug_pubnames)

.debug_info     0x0000000000000000      0x738
 *(.debug_info .gnu.linkonce.wi.*)
 .debug_info    0x0000000000000000      0x5f4 c:/program files (x86)/vscode-win/toolchains/avr-gcc/bin/../lib/gcc/avr/12.1.0/../../../../avr/lib/avr5/crtatmega328p.o
 .debug_info    0x00000000000005f4       0x24 c:/program files (x86)/vscode-win/toolchains/avr-gcc/bin/../lib/gcc/avr/12.1.0/avr5\libgcc.a(_udivmodsi4.o)
 .debug_info    0x0000000000000618       0x24 c:/program files (x86)/vscode-win/toolchains/avr-gcc/bin/../lib/gcc/avr/12.1.0/avr5\libgcc.a(_exit.o)
 .debug_info    0x000000000000063c       0x24 c:/program files (x86)/vscode-win/toolchains/avr-gcc/bin/../lib/gcc/avr/12.1.0/avr5\libgcc.a(_tablejump2.o)
 .debug_info    0x0000000000000660       0x24 c:/program files (x86)/vscode-win/toolchains/avr-gcc/bin/../lib/gcc/avr/12.1.0/avr5\libgcc.a(_copy_data.o)
 .debug_info    0x0000000000000684       0x24 c:/program files (x86)/vscode-win/toolchains/avr-gcc/bin/../lib/gcc/avr/12.1.0/avr5\libgcc.a(_clear_bss.o)
 .debug_info    0x00000000000006a8       0x24 c:/program files (x86)/vscode-win/toolchains/avr-gcc/bin/../lib/gcc/avr/12.1.0/avr5\libgcc.a(_ctors.o)
 .debug_info    0x00000000000006cc       0x24 c:/program files (x86)/vscode-win/toolchains/avr-gcc/bin/../lib/gcc/avr/12.1.0/avr5\libgcc.a(_umulhisi3.o)
 .debug_info    0x00000000000006f0       0x24 c:/program files (x86)/vscode-win/toolchains/avr-gcc/bin/../lib/gcc/avr/12.1.0/avr5\libgcc.a(_muluhisi3.o)
 .debug_info    0x0000000000000714       0x24 c:/program files (x86)/vscode-win/toolchains/avr-gcc/bin/../lib/gcc/avr/12.1.0/avr5\libgcc.a(_ashrdi3.o)

.debug_abbrev   0x0000000000000000      0x656
 *(.debug_abbrev)
 .debug_abbrev  0x0000000000000000      0x5a2 c:/program files (x86)/vscode-win/toolchains/avr-gcc/bin/../lib/gcc/avr/12.1.0/../../../../avr/lib/avr5/crtatmega328p.o
 .debug_abbrev  0x00000000000005a2       0x14 c:/program files (x86)/vscode-win/toolchains/avr-gcc/bin/../lib/gcc/avr/12.1.0/avr5\libgcc.a(_udivmodsi4.o)
 .debug_abbrev  0x00000000000005b6       0x14 c:/program files (x86)/vscode-win/toolchains/avr-gcc/bin/../lib/gcc/avr/12.1.0/avr5\libgcc.a(_exit.o)
 .debug_abbrev  0x00000000000005ca       0x14 c:/program files (x86)/vscode-win/toolchains/avr-gcc/bin/../lib/gcc/avr/12.1.0/avr5\libgcc.a(_tablejump2.o)
 .debug_abbrev  0x00000000000005de       0x14 c:/program files (x86)/vscode-win/toolchains/avr-gcc/bin/../lib/gcc/avr/12.1.0/avr5\libgcc.a(_copy_data.o)
 .debug_abbrev  0x00000000000005f2       0x14 c:/program files (x86)/vscode-win/toolchains/avr-gcc/bin/../lib/gcc/avr/12.1.0/avr5\libgcc.a(_clear_bss.o)
 .debug_abbrev  0x0000000000000606       0x14 c:/program files (x86)/vscode-win/toolchains/avr-gcc/bin/../lib/gcc/avr/12.1.0/avr5\libgcc.a(_ctors.o)
 .debug_abbrev  0x000000000000061a       0x14 c:/program files (x86)/vscode-win/toolchains/avr-gcc/bin/../lib/gcc/avr/12.1.0/avr5\libgcc.a(_umulhisi3.o)
 .debug_abbrev  0x000000000000062e       0x14 c:/program files (x86)/vscode-win/toolchains/avr-gcc/bin/../lib/gcc/avr/12.1.0/avr5\libgcc.a(_muluhisi3.o)
 .debug_abbrev  0x0000000000000642       0x14 c:/program files (x86)/vscode-win/toolchains/avr-gcc/bin/../lib/gcc/avr/12.1.0/avr5\libgcc.a(_ashrdi3.o)

.debug_line     0x0000000000000000      0x578
 *(.debug_line .debug_line.* .debug_line_end)
 .debug_line    0x0000000000000000       0x1d c:/program files (x86)/vscode-win/toolchains/avr-gcc/bin/../lib/gcc/avr/12.1.0/../../../../avr/lib/avr5/crtatmega328p.o
 .debug_line    0x000000000000001d      0x111 c:/program files (x86)/vscode-win/toolchains/avr-gcc/bin/../lib/gcc/avr/12.1.0/avr5\libgcc.a(_udivmodsi4.o)
 .debug_line    0x000000000000012e       0x51 c:/program files (x86)/vscode-win/toolchains/avr-gcc/bin/../lib/gcc/avr/12.1.0/avr5\libgcc.a(_exit.o)
 .debug_line    0x000000000000017f       0x69 c:/program files (x86)/vscode-win/toolchains/avr-gcc/bin/../lib/gcc/avr/12.1.0/avr5\libgcc.a(_tablejump2.o)
 .debug_line    0x00000000000001e8       0x87 c:/program files (x86)/vscode-win/toolchains/avr-gcc/bin/../lib/gcc/avr/12.1.0/avr5\libgcc.a(_copy_data.o)
 .debug_line    0x000000000000026f       0x75 c:/program files (x86)/vscode-win/toolchains/avr-gcc/bin/../lib/gcc/avr/12.1.0/avr5\libgcc.a(_clear_bss.o)
 .debug_line    0x00000000000002e4       0x81 c:/program files (x86)/vscode-win/toolchains/avr-gcc/bin/../lib/gcc/avr/12.1.0/avr5\libgcc.a(_ctors.o)
 .debug_line    0x0000000000000365       0x9f c:/program files (x86)/vscode-win/toolchains/avr-gcc/bin/../lib/gcc/avr/12.1.0/avr5\libgcc.a(_umulhisi3.o)
 .debug_line    0x0000000000000404       0x81 c:/program files (x86)/vscode-win/toolchains/avr-gcc/bin/../lib/gcc/avr/12.1.0/avr5\libgcc.a(_muluhisi3.o)
 .debug_line    0x0000000000000485       0xf3 c:/program files (x86)/vscode-win/toolchains/avr-gcc/bin/../lib/gcc/avr/12.1.0/avr5\libgcc.a(_ashrdi3.o)

.debug_frame
 *(.debug_frame)

.debug_str      0x0000000000000000      0x26a
 *(.debug_str)
 .debug_str     0x0000000000000000      0x20b c:/program files (x86)/vscode-win/toolchains/avr-gcc/bin/../lib/gcc/avr/12.1.0/../../../../avr/lib/avr5/crtatmega328p.o
 .debug_str     0x000000000000020b       0x5f c:/program files (x86)/vscode-win/toolchains/avr-gcc/bin/../lib/gcc/avr/12.1.0/avr5\libgcc.a(_udivmodsi4.o)
 .debug_str     0x000000000000026a       0x5f c:/program files (x86)/vscode-win/toolchains/avr-gcc/bin/../lib/gcc/avr/12.1.0/avr5\libgcc.a(_exit.o)
 .debug_str     0x000000000000026a       0x5f c:/program files (x86)/vscode-win/toolchains/avr-gcc/bin/../lib/gcc/avr/12.1.0/avr5\libgcc.a(_tablejump2.o)
 .debug_str     0x000000000000026a       0x5f c:/program files (x86)/vscode-win/toolchains/avr-gcc/bin/../lib/gcc/avr/12.1.0/avr5\libgcc.a(_copy_data.o)
 .debug_str     0x000000000000026a       0x5f c:/program files (x86)/vscode-win/toolchains/avr-gcc/bin/../lib/gcc/avr/12.1.0/avr5\libgcc.a(_clear_bss.o)
 .debug_str     0x000000000000026a       0x5f c:/program files (x86)/vscode-win/toolchains/avr-gcc/bin/../lib/gcc/avr/12.1.0/avr5\libgcc.a(_ctors.o)
 .debug_str     0x000000000000026a       0x5f c:/program files (x86)/vscode-win/toolchains/avr-gcc/bin/../lib/gcc/avr/12.1.0/avr5\libgcc.a(_umulhisi3.o)
 .debug_str     0x000000000000026a       0x5f c:/program files (x86)/vscode-win/toolchains/avr-gcc/bin/../lib/gcc/avr/12.1.0/avr5\libgcc.a(_muluhisi3.o)
 .debug_str     0x000000000000026a       0x5f c:/program files (x86)/vscode-win/toolchains/avr-gcc/bin/../lib/gcc/avr/12.1.0/avr5\libgcc.a(_ashrdi3.o)

.debug_loc
 *(.debug_loc)

.debug_macinfo
 *(.debug_macinfo)

.debug_weaknames
 *(.debug_weaknames)

.debug_funcnames
 *(.debug_funcnames)

.debug_typenames
 *(.debug_typenames)

.debug_varnames
 *(.debug_varnames)

.debug_pubtypes
 *(.debug_pubtypes)

.debug_ranges
 *(.debug_ranges)

.debug_addr
 *(.debug_addr)

.debug_line_str
                0x0000000000000000       0x53
 *(.debug_line_str)
 .debug_line_str
                0x0000000000000000       0x53 c:/program files (x86)/vscode-win/toolchains/avr-gcc/bin/../lib/gcc/avr/12.1.0/avr5\libgcc.a(_udivmodsi4.o)
                                         0x5f (size before relaxing)
 .debug_line_str
                0x0000000000000053       0x5f c:/program files (x86)/vscode-win/toolchains/avr-gcc/bin/../lib/gcc/avr/12.1.0/avr5\libgcc.a(_exit.o)
 .debug_line_str
                0x0000000000000053       0x5f c:/program files (x86)/vscode-win/toolchains/avr-gcc/bin/../lib/gcc/avr/12.1.0/avr5\libgcc.a(_tablejump2.o)
 .debug_line_str
                0x0000000000000053       0x5f c:/program files (x86)/vscode-win/toolchains/avr-gcc/bin/../lib/gcc/avr/12.1.0/avr5\libgcc.a(_copy_data.o)
 .debug_line_str
                0x0000000000000053       0x5f c:/program files (x86)/vscode-win/toolchains/avr-gcc/bin/../lib/gcc/avr/12.1.0/avr5\libgcc.a(_clear_bss.o)
 .debug_line_str
                0x0000000000000053       0x5f c:/program files (x86)/vscode-win/toolchains/avr-gcc/bin/../lib/gcc/avr/12.1.0/avr5\libgcc.a(_ctors.o)
 .debug_line_str
                0x0000000000000053       0x5f c:/program files (x86)/vscode-win/toolchains/avr-gcc/bin/../lib/gcc/avr/12.1.0/avr5\libgcc.a(_umulhisi3.o)
 .debug_line_str
                0x0000000000000053       0x5f c:/program files (x86)/vscode-win/toolchains/avr-gcc/bin/../lib/gcc/avr/12.1.0/avr5\libgcc.a(_muluhisi3.o)
 .debug_line_str
                0x0000000000000053       0x5f c:/program files (x86)/vscode-win/toolchains/avr-gcc/bin/../lib/gcc/avr/12.1.0/avr5\libgcc.a(_ashrdi3.o)

.debug_loclists
 *(.debug_loclists)

.debug_macro
 *(.debug_macro)

.debug_names
 *(.debug_names)

.debug_rnglists
 *(.debug_rnglists)

.debug_str_offsets
 *(.debug_str_offsets)

.debug_sup
 *(.debug_sup)
OUTPUT(build/application.elf elf32-avr)
LOAD linker stubs

Cross Reference Table

Symbol                                            File
_Z11sdCardSsLowv                                  build/mmc_avr_spi.o
_Z12sdCardSsHighv                                 build/mmc_avr_spi.o
_Z13spiMasterInit19spiClockPrescaler_t10spiModes_t14spiDataOrder_t13spiProtocol_t build/spiMaster.o
_Z19spiSlaveDeviceSsLowP16spiSlaveDevice_s        build/spiMaster.o
                                                  build/mmc_avr_spi.o
_Z20spiSlaveDeviceCreateP16spiSlaveDevice_s13pinLocation_e build/spiMaster.o
_Z20spiSlaveDeviceSsHighP16spiSlaveDevice_s       build/spiMaster.o
                                                  build/mmc_avr_spi.o
_Z21int0InterruptCallbackv                        build/int0.o
_Z21int1InterruptCallbackv                        build/int1.o
_Z22convertToSevenSegments17SevenSegmentsCodeb24SevenSegmentsDisplayType build/sevenSegmentsDisplay.o
_Z22convertToSevenSegmentshb24SevenSegmentsDisplayType build/sevenSegmentsDisplay.o
                                                  build/sevenSegmentsMuxDisplay.o
_Z22timer0CompareACallbackv                       build/timer0.o
_Z22timer0CompareBCallbackv                       build/timer0.o
_Z22timer0OverflowCallbackv                       build/timer0.o
_Z22timer1CompareACallbackv                       build/timer1.o
_Z22timer1CompareBCallbackv                       build/timer1.o
_Z22timer1OverflowCallbackv                       build/timer1.o
_Z22timer2CompareACallbackv                       build/timer2.o
_Z22timer2CompareBCallbackv                       build/timer2.o
_Z22timer2OverflowCallbackv                       build/timer2.o
_Z23pcint0InterruptCallbackv                      build/pcint0.o
_Z23pcint1InterruptCallbackv                      build/pcint1.o
_Z23pcint2InterruptCallbackv                      build/pcint2.o
_Z23usartTransmitStdWrappercP6__file              build/usart0.o
_Z24spiMasterSendReceiveByteh                     build/spiMaster.o
_Z24spiMasterSendReceiveDataPhS_h                 build/spiMaster.o
_Z26timer1InputCaptureCallbackv                   build/timer1.o
_Z29adcConversionCompleteCallbackv                build/adc.o
_Z30usartReceptionCompleteCallbackv               build/main.o
                                                  build/usart0.o
_Z33usartTransmissionCompleteCallbackv            build/usart0.o
_Z36usartTransmissionBufferEmptyCallbackv         build/usart0.o
_Z7getTickv                                       build/Led.o
_Z9playNotesP4Note                                build/sound.o
_ZN12SystemStatus11getCpuClockEv                  build/systemStatus.o
                                                  build/usart0.o
                                                  build/twi.o
_ZN12SystemStatus12getLastErrorEv                 build/systemStatus.o
_ZN12SystemStatus13readStopwatchEv                build/systemStatus.o
                                                  build/twi.o
_ZN12SystemStatus14getElapsedTimeEb               build/systemStatus.o
_ZN12SystemStatus14pauseStopwatchEv               build/systemStatus.o
_ZN12SystemStatus14resetStopwatchEv               build/systemStatus.o
_ZN12SystemStatus15resumeStopwatchEv              build/systemStatus.o
_ZN12SystemStatus16setStopwatchMarkEv             build/systemStatus.o
_ZN12SystemStatus17setClockPrescalerENS_14ClockPrescalerE build/systemStatus.o
_ZN12SystemStatus18incrementStopwatchEv           build/systemStatus.o
_ZN12SystemStatusC1Ev                             build/systemStatus.o
_ZN12SystemStatusC2Ev                             build/systemStatus.o
_ZN12SystemStatusD1Ev                             build/systemStatus.o
_ZN12SystemStatusD2Ev                             build/systemStatus.o
_ZN13ProcessarJSON12processarMsgEPKc              build/ProcessarJSON.o
                                                  build/main.o
_ZN13ProcessarJSON6msgLedEPKc                     build/ProcessarJSON.o
_ZN13ProcessarJSONC1Ev                            build/ProcessarJSON.o
                                                  build/main.o
_ZN13ProcessarJSONC2Ev                            build/ProcessarJSON.o
_ZN23SevenSegmentsMuxDisplay13showNextDigitEv     build/sevenSegmentsMuxDisplay.o
_ZN23SevenSegmentsMuxDisplay17updateDigitValuesEPKhPKb build/sevenSegmentsMuxDisplay.o
_ZN23SevenSegmentsMuxDisplay4initENS_6DigitsE24SevenSegmentsDisplayType build/sevenSegmentsMuxDisplay.o
_ZN23SevenSegmentsMuxDisplay8setPortsEPVhS1_h10LogicLevel build/sevenSegmentsMuxDisplay.o
_ZN23SevenSegmentsMuxDisplayC1Ev                  build/sevenSegmentsMuxDisplay.o
_ZN23SevenSegmentsMuxDisplayC2Ev                  build/sevenSegmentsMuxDisplay.o
_ZN23SevenSegmentsMuxDisplayD1Ev                  build/sevenSegmentsMuxDisplay.o
_ZN23SevenSegmentsMuxDisplayD2Ev                  build/sevenSegmentsMuxDisplay.o
_ZN3Adc10setChannelENS_7ChannelE                  build/adc.o
_ZN3Adc12getLastErrorEv                           build/adc.o
_ZN3Adc12setPrescalerENS_9PrescalerE              build/adc.o
_ZN3Adc12setReferenceENS_9ReferenceE              build/adc.o
_ZN3Adc13setDataAdjustENS_10DataAdjustE           build/adc.o
_ZN3Adc15startConversionEv                        build/adc.o
_ZN3Adc17activateInterruptEv                      build/adc.o
_ZN3Adc18enableDigitalInputENS_12DigitalInputE    build/adc.o
_ZN3Adc19deactivateInterruptEv                    build/adc.o
_ZN3Adc19disableDigitalInputENS_12DigitalInputE   build/adc.o
_ZN3Adc21clearInterruptRequestEv                  build/adc.o
_ZN3Adc25waitUntilConversionFinishEv              build/adc.o
_ZN3Adc4initENS_4ModeENS_9ReferenceENS_9PrescalerE build/adc.o
_ZN3Adc6enableEv                                  build/adc.o
_ZN3Adc7disableEv                                 build/adc.o
_ZN3Adc7setModeENS_4ModeE                         build/adc.o
_ZN3AdcC1Ev                                       build/adc.o
_ZN3AdcC2Ev                                       build/adc.o
_ZN3AdcD1Ev                                       build/adc.o
_ZN3AdcD2Ev                                       build/adc.o
_ZN3Bus8sendDataEPKhPhj                           build/twi.o
_ZN3Bus8sendDataEPhj                              build/twi.o
_ZN3Bus9setDeviceEPFvvES1_                        build/twi.o
_ZN3Led8LigarLedEi                                build/Led.o
_ZN3LedC1Eib                                      build/Led.o
_ZN3LedC2Eib                                      build/Led.o
_ZN3Twi10getBusTypeEv                             build/twi.o
_ZN3Twi10setTimeoutEj                             build/twi.o
_ZN3Twi12getLastErrorEv                           build/twi.o
_ZN3Twi15_readFromBufferEPhh                      build/twi.o
_ZN3Twi16_waitWhileIsBusyEv                       build/twi.o
_ZN3Twi16interruptHandlerEv                       build/twi.o
_ZN3Twi17_startTrasmissionEv                      build/twi.o
_ZN3Twi4initEmh                                   build/twi.o
_ZN3Twi7readRegEhPhj                              build/twi.o
_ZN3Twi8sendDataEhNS_9OperationEhPhh              build/twi.o
_ZN3Twi8writeRegEhPKhj                            build/twi.o
_ZN3Twi9setDeviceEjb                              build/twi.o
_ZN3TwiC1Ev                                       build/twi.o
_ZN3TwiC2Ev                                       build/twi.o
_ZN3TwiD1Ev                                       build/twi.o
_ZN3TwiD2Ev                                       build/twi.o
_ZN4Int012getLastErrorEv                          build/int0.o
_ZN4Int012setSenseModeENS_9SenseModeE             build/int0.o
_ZN4Int04initENS_9SenseModeE                      build/int0.o
_ZN4Int0C1Ev                                      build/int0.o
_ZN4Int0C2Ev                                      build/int0.o
_ZN4Int0D1Ev                                      build/int0.o
_ZN4Int0D2Ev                                      build/int0.o
_ZN4Int112getLastErrorEv                          build/int1.o
_ZN4Int112setSenseModeENS_9SenseModeE             build/int1.o
_ZN4Int14initENS_9SenseModeE                      build/int1.o
_ZN4Int1C1Ev                                      build/int1.o
_ZN4Int1C2Ev                                      build/int1.o
_ZN4Int1D1Ev                                      build/int1.o
_ZN4Int1D2Ev                                      build/int1.o
_ZN5DebugC1Ev                                     build/debug.o
_ZN5DebugC2Ev                                     build/debug.o
_ZN5DebugD1Ev                                     build/debug.o
_ZN5DebugD2Ev                                     build/debug.o
_ZN6Ds130710_clearDataEv                          build/ds1307.o
_ZN6Ds130710clockStartEv                          build/ds1307.o
_ZN6Ds130710getRamDataEhPhh                       build/ds1307.o
_ZN6Ds130710setRamDataEhPhh                       build/ds1307.o
_ZN6Ds130711getDateTimeEP8DateTime                build/ds1307.o
_ZN6Ds130711setDateTimeE8DateTime                 build/ds1307.o
_ZN6Ds130712_setCountingEb                        build/ds1307.o
_ZN6Ds130712getLastErrorEv                        build/ds1307.o
_ZN6Ds130714_isInitializedEv                      build/ds1307.o
_ZN6Ds130722setSquareWaveGeneratorENS_10SquareWaveE build/ds1307.o
_ZN6Ds13074initEP3Bus                             build/ds1307.o
_ZN6Ds13077getDateEPjPhS1_S1_                     build/ds1307.o
_ZN6Ds13077getTimeEPhS0_S0_N8DateTime10TimeFormatEPNS1_8AmPmFlagE build/ds1307.o
_ZN6Ds13077setDateEjhh                            build/ds1307.o
_ZN6Ds13077setTimeEhhhN8DateTime10TimeFormatENS0_8AmPmFlagE build/ds1307.o
_ZN6Ds13078_getDataEv                             build/ds1307.o
_ZN6Ds13079_sendDataEv                            build/ds1307.o
_ZN6Ds13079clockStopEv                            build/ds1307.o
_ZN6Ds1307C1Ev                                    build/ds1307.o
_ZN6Ds1307C2Ev                                    build/ds1307.o
_ZN6Ds1307D1Ev                                    build/ds1307.o
_ZN6Ds1307D2Ev                                    build/ds1307.o
_ZN6Keypad12setKeyValuesENS_4TypeEz               build/keypad.o
_ZN6Keypad14readKeyPressedEPh                     build/keypad.o
_ZN6Keypad4initEh                                 build/keypad.o
_ZN6Keypad8setPortsEPVhhS1_h                      build/keypad.o
_ZN6KeypadC1Ev                                    build/keypad.o
_ZN6KeypadC2Ev                                    build/keypad.o
_ZN6KeypadD1Ev                                    build/keypad.o
_ZN6KeypadD2Ev                                    build/keypad.o
_ZN6Pcint010enablePinsENS_3PinE                   build/pcint0.o
_ZN6Pcint011disablePinsENS_3PinE                  build/pcint0.o
_ZN6Pcint012getLastErrorEv                        build/pcint0.o
_ZN6Pcint04initENS_3PinE                          build/pcint0.o
_ZN6Pcint0C1Ev                                    build/pcint0.o
_ZN6Pcint0C2Ev                                    build/pcint0.o
_ZN6Pcint0D1Ev                                    build/pcint0.o
_ZN6Pcint0D2Ev                                    build/pcint0.o
_ZN6Pcint110enablePinsENS_3PinE                   build/pcint1.o
_ZN6Pcint111disablePinsENS_3PinE                  build/pcint1.o
_ZN6Pcint112getLastErrorEv                        build/pcint1.o
_ZN6Pcint14initENS_3PinE                          build/pcint1.o
_ZN6Pcint1C1Ev                                    build/pcint1.o
_ZN6Pcint1C2Ev                                    build/pcint1.o
_ZN6Pcint1D1Ev                                    build/pcint1.o
_ZN6Pcint1D2Ev                                    build/pcint1.o
_ZN6Pcint210enablePinsENS_3PinE                   build/pcint2.o
_ZN6Pcint211disablePinsENS_3PinE                  build/pcint2.o
_ZN6Pcint212getLastErrorEv                        build/pcint2.o
_ZN6Pcint24initENS_3PinE                          build/pcint2.o
_ZN6Pcint2C1Ev                                    build/pcint2.o
_ZN6Pcint2C2Ev                                    build/pcint2.o
_ZN6Pcint2D1Ev                                    build/pcint2.o
_ZN6Pcint2D2Ev                                    build/pcint2.o
_ZN6Timer012getLastErrorEv                        build/timer0.o
_ZN6Timer013setOutputModeENS_10OutputModeES0_     build/timer0.o
_ZN6Timer014setClockSourceENS_11ClockSourceE      build/timer0.o
_ZN6Timer04initENS_4ModeENS_11ClockSourceE        build/timer0.o
_ZN6Timer07setModeENS_4ModeE                      build/timer0.o
_ZN6Timer0C1Ev                                    build/timer0.o
_ZN6Timer0C2Ev                                    build/timer0.o
_ZN6Timer0D1Ev                                    build/timer0.o
_ZN6Timer0D2Ev                                    build/timer0.o
_ZN6Timer112getLastErrorEv                        build/timer1.o
_ZN6Timer113setOutputModeENS_10OutputModeES0_     build/timer1.o
_ZN6Timer114setClockSourceENS_11ClockSourceE      build/timer1.o
                                                  build/sound.o
_ZN6Timer119setInputCaptureModeE4Edgeb            build/timer1.o
_ZN6Timer14initENS_4ModeENS_11ClockSourceE        build/timer1.o
_ZN6Timer17setModeENS_4ModeE                      build/timer1.o
_ZN6Timer1C1Ev                                    build/timer1.o
_ZN6Timer1C2Ev                                    build/timer1.o
_ZN6Timer1D1Ev                                    build/timer1.o
_ZN6Timer1D2Ev                                    build/timer1.o
_ZN6Timer212getLastErrorEv                        build/timer2.o
_ZN6Timer213setOutputModeENS_10OutputModeES0_     build/timer2.o
_ZN6Timer214setClockSourceENS_11ClockSourceE      build/timer2.o
_ZN6Timer24initENS_4ModeENS_11ClockSourceE        build/timer2.o
_ZN6Timer27setModeENS_4ModeE                      build/timer2.o
_ZN6Timer2C1Ev                                    build/timer2.o
_ZN6Timer2C2Ev                                    build/timer2.o
_ZN6Timer2D1Ev                                    build/timer2.o
_ZN6Timer2D2Ev                                    build/timer2.o
_ZN6Usart011receiveDataEPj                        build/usart0.o
_ZN6Usart011sendDataStdEcP6__file                 build/usart0.o
_ZN6Usart011setBaudRateENS_8BaudRateE             build/usart0.o
                                                  build/main.o
_ZN6Usart011setDataSizeENS_8DataSizeE             build/usart0.o
_ZN6Usart011setStopBitsENS_8StopBitsE             build/usart0.o
_ZN6Usart014receiveDataStdEP6__file               build/usart0.o
_ZN6Usart014setFrameFormatENS_11FrameFormatE      build/usart0.o
_ZN6Usart015_receiveDataStdEP6__file              build/usart0.o
_ZN6Usart016_clearFrameErrorEv                    build/usart0.o
_ZN6Usart017_clearParityErrorEv                   build/usart0.o
_ZN6Usart018getReceptionStatusEPNS_14ReceptionErrorE build/usart0.o
                                                  build/main.o
_ZN6Usart020flushReceptionBufferEv                build/usart0.o
_ZN6Usart022_clearDataOverrunErrorEv              build/usart0.o
_ZN6Usart04initEv                                 build/usart0.o
                                                  build/main.o
_ZN6Usart07setModeENS_4ModeE                      build/usart0.o
_ZN6Usart08sendDataEj                             build/usart0.o
_ZN6Usart09setParityENS_6ParityE                  build/usart0.o
_ZN6Usart0C1ENS_8BaudRateENS_4ModeENS_11FrameFormatE build/usart0.o
_ZN6Usart0C2ENS_8BaudRateENS_4ModeENS_11FrameFormatE build/usart0.o
_ZN6Usart0D1Ev                                    build/usart0.o
_ZN6Usart0D2Ev                                    build/usart0.o
_ZN7Hd4478010cursorGoToEhh                        build/hd44780.o
_ZN7Hd4478010cursorHomeEv                         build/hd44780.o
_ZN7Hd4478010cursorMoveE9Direction                build/hd44780.o
_ZN7Hd4478011clearScreenEv                        build/hd44780.o
_ZN7Hd4478011dataPortSetEPVhh                     build/hd44780.o
_ZN7Hd4478012displayShiftE9Direction              build/hd44780.o
_ZN7Hd4478012entryModeSetENS_4StepENS_11DisplayModeE build/hd44780.o
_ZN7Hd4478012getLastErrorEv                       build/hd44780.o
_ZN7Hd4478013_writeCommandEh                      build/hd44780.o
_ZN7Hd4478014controlPortSetEPVhhhh                build/hd44780.o
_ZN7Hd4478015_waitUntilReadyEv                    build/hd44780.o
_ZN7Hd4478015_writeCharacterEhb                   build/hd44780.o
_ZN7Hd4478015displayStateSetENS_12DisplayStateE   build/hd44780.o
_ZN7Hd4478017_functionSet8BitsEh                  build/hd44780.o
_ZN7Hd4478018cursorMoveNextLineEv                 build/hd44780.o
_ZN7Hd4478018customCharacterSetEhPKh              build/hd44780.o
_ZN7Hd4478019cursorMoveFirstLineEv                build/hd44780.o
_ZN7Hd447804initENS_4SizeENS_4FontEbb             build/hd44780.o
_ZN7Hd447805stdioEv                               build/hd44780.o
_ZN7Hd44780C1Ev                                   build/hd44780.o
_ZN7Hd44780C2Ev                                   build/hd44780.o
_ZN7Hd44780D1Ev                                   build/hd44780.o
_ZN7Hd44780D2Ev                                   build/hd44780.o
_ZN8DateTime10_clearDataEv                        build/dateTime.o
_ZN8DateTime10getWeekDayEPNS_7WeekDayE            build/dateTime.o
_ZN8DateTime10isLeapYearEv                        build/dateTime.o
_ZN8DateTime11_isLeapYearEj                       build/dateTime.o
_ZN8DateTime11getTimeZoneEPNS_8TimeZoneE          build/dateTime.o
_ZN8DateTime11setTimeZoneENS_8TimeZoneE           build/dateTime.o
_ZN8DateTime12_isValidDateEjNS_5MonthEh           build/dateTime.o
_ZN8DateTime12_isValidTimeEhhhNS_10TimeFormatE    build/dateTime.o
_ZN8DateTime12getLastErrorEv                      build/dateTime.o
                                                  build/ds1307.o
_ZN8DateTime13getTimeFormatEPNS_10TimeFormatE     build/dateTime.o
                                                  build/ds1307.o
_ZN8DateTime13setTimeFormatENS_10TimeFormatE      build/dateTime.o
_ZN8DateTime18_convertTimeFormatEPhPNS_8AmPmFlagENS_10TimeFormatES3_ build/dateTime.o
_ZN8DateTime18_evaluateDayOfWeekEv                build/dateTime.o
_ZN8DateTime7getDateEPjPNS_5MonthEPhPNS_7WeekDayE build/dateTime.o
                                                  build/ds1307.o
_ZN8DateTime7getTimeEPhS0_S0_NS_10TimeFormatEPNS_8AmPmFlagE build/dateTime.o
                                                  build/ds1307.o
_ZN8DateTime7getTimeEPhS0_S0_PjNS_10TimeFormatEPNS_8AmPmFlagE build/dateTime.o
_ZN8DateTime7setDateEjNS_5MonthEh                 build/dateTime.o
                                                  build/ds1307.o
_ZN8DateTime7setTimeEhhhNS_10TimeFormatENS_8AmPmFlagE build/dateTime.o
                                                  build/ds1307.o
_ZN8DateTime7setTimeEhhhjNS_10TimeFormatENS_8AmPmFlagE build/dateTime.o
_ZN8DateTime9isDateSetEv                          build/dateTime.o
                                                  build/ds1307.o
_ZN8DateTime9isTimeSetEv                          build/dateTime.o
                                                  build/ds1307.o
_ZN8DateTimeC1Ev                                  build/dateTime.o
                                                  build/ds1307.o
_ZN8DateTimeC2Ev                                  build/dateTime.o
_ZN8DateTimeD1Ev                                  build/dateTime.o
                                                  build/ds1307.o
_ZN8DateTimeD2Ev                                  build/dateTime.o
_ZTV3Twi                                          build/twi.o
__FUSE_REGION_LENGTH__                            c:/program files (x86)/vscode-win/toolchains/avr-gcc/bin/../lib/gcc/avr/12.1.0/../../../../avr/lib/avr5/crtatmega328p.o
__ashrdi3                                         c:/program files (x86)/vscode-win/toolchains/avr-gcc/bin/../lib/gcc/avr/12.1.0/avr5\libgcc.a(_ashrdi3.o)
__bad_interrupt                                   c:/program files (x86)/vscode-win/toolchains/avr-gcc/bin/../lib/gcc/avr/12.1.0/../../../../avr/lib/avr5/crtatmega328p.o
__brkval                                          c:/program files (x86)/vscode-win/toolchains/avr-gcc/bin/../lib/gcc/avr/12.1.0/../../../../avr/lib/avr5\libc.a(malloc.o)
                                                  c:/program files (x86)/vscode-win/toolchains/avr-gcc/bin/../lib/gcc/avr/12.1.0/../../../../avr/lib/avr5\libc.a(realloc.o)
__bss_end                                         c:/program files (x86)/vscode-win/toolchains/avr-gcc/bin/../lib/gcc/avr/12.1.0/avr5\libgcc.a(_clear_bss.o)
__bss_start                                       c:/program files (x86)/vscode-win/toolchains/avr-gcc/bin/../lib/gcc/avr/12.1.0/avr5\libgcc.a(_clear_bss.o)
__ctors_end                                       c:/program files (x86)/vscode-win/toolchains/avr-gcc/bin/../lib/gcc/avr/12.1.0/avr5\libgcc.a(_ctors.o)
__ctors_start                                     c:/program files (x86)/vscode-win/toolchains/avr-gcc/bin/../lib/gcc/avr/12.1.0/avr5\libgcc.a(_ctors.o)
__data_end                                        c:/program files (x86)/vscode-win/toolchains/avr-gcc/bin/../lib/gcc/avr/12.1.0/avr5\libgcc.a(_copy_data.o)
__data_load_start                                 c:/program files (x86)/vscode-win/toolchains/avr-gcc/bin/../lib/gcc/avr/12.1.0/avr5\libgcc.a(_copy_data.o)
__data_start                                      c:/program files (x86)/vscode-win/toolchains/avr-gcc/bin/../lib/gcc/avr/12.1.0/avr5\libgcc.a(_copy_data.o)
__divmodhi4                                       c:/program files (x86)/vscode-win/toolchains/avr-gcc/bin/../lib/gcc/avr/12.1.0/avr5\libgcc.a(_divmodhi4.o)
                                                  build/hd44780.o
__do_clear_bss                                    c:/program files (x86)/vscode-win/toolchains/avr-gcc/bin/../lib/gcc/avr/12.1.0/avr5\libgcc.a(_clear_bss.o)
                                                  c:/program files (x86)/vscode-win/toolchains/avr-gcc/bin/../lib/gcc/avr/12.1.0/../../../../avr/lib/avr5\libc.a(iob.o)
                                                  c:/program files (x86)/vscode-win/toolchains/avr-gcc/bin/../lib/gcc/avr/12.1.0/../../../../avr/lib/avr5\libc.a(malloc.o)
                                                  build/main.o
                                                  build/systemStatus.o
                                                  build/debug.o
                                                  build/usart0.o
                                                  build/twi.o
                                                  build/timer2.o
                                                  build/timer1.o
                                                  build/timer0.o
                                                  build/pcint2.o
                                                  build/pcint1.o
                                                  build/pcint0.o
                                                  build/int1.o
                                                  build/int0.o
                                                  build/adc.o
                                                  build/hd44780.o
                                                  build/mmc_avr_spi.o
                                                  build/ff.o
__do_copy_data                                    c:/program files (x86)/vscode-win/toolchains/avr-gcc/bin/../lib/gcc/avr/12.1.0/avr5\libgcc.a(_copy_data.o)
                                                  c:/program files (x86)/vscode-win/toolchains/avr-gcc/bin/../lib/gcc/avr/12.1.0/../../../../avr/lib/avr5\libc.a(malloc.o)
                                                  build/sound.o
                                                  build/dateTime.o
                                                  build/twi.o
                                                  build/sevenSegmentsMuxDisplay.o
                                                  build/mmc_avr_spi.o
                                                  build/ff.o
                                                  build/ProcessarJSON.o
__do_global_ctors                                 c:/program files (x86)/vscode-win/toolchains/avr-gcc/bin/../lib/gcc/avr/12.1.0/avr5\libgcc.a(_ctors.o)
                                                  build/systemStatus.o
                                                  build/usart0.o
                                                  build/twi.o
                                                  build/timer2.o
                                                  build/timer1.o
                                                  build/timer0.o
                                                  build/pcint2.o
                                                  build/pcint1.o
                                                  build/pcint0.o
                                                  build/int1.o
                                                  build/int0.o
                                                  build/adc.o
__epilogue_restores__                             c:/program files (x86)/vscode-win/toolchains/avr-gcc/bin/../lib/gcc/avr/12.1.0/avr5\libgcc.a(_epilogue.o)
                                                  c:/program files (x86)/vscode-win/toolchains/avr-gcc/bin/../lib/gcc/avr/12.1.0/../../../../avr/lib/avr5\libc.a(realloc.o)
__flp                                             c:/program files (x86)/vscode-win/toolchains/avr-gcc/bin/../lib/gcc/avr/12.1.0/../../../../avr/lib/avr5\libc.a(malloc.o)
                                                  c:/program files (x86)/vscode-win/toolchains/avr-gcc/bin/../lib/gcc/avr/12.1.0/../../../../avr/lib/avr5\libc.a(realloc.o)
__heap_end                                        c:/program files (x86)/vscode-win/toolchains/avr-gcc/bin/../lib/gcc/avr/12.1.0/../../../../avr/lib/avr5/crtatmega328p.o
                                                  c:/program files (x86)/vscode-win/toolchains/avr-gcc/bin/../lib/gcc/avr/12.1.0/../../../../avr/lib/avr5\libc.a(malloc.o)
__heap_start                                      c:/program files (x86)/vscode-win/toolchains/avr-gcc/bin/../lib/gcc/avr/12.1.0/../../../../avr/lib/avr5\libc.a(malloc.o)
__init                                            c:/program files (x86)/vscode-win/toolchains/avr-gcc/bin/../lib/gcc/avr/12.1.0/../../../../avr/lib/avr5/crtatmega328p.o
__iob                                             c:/program files (x86)/vscode-win/toolchains/avr-gcc/bin/../lib/gcc/avr/12.1.0/../../../../avr/lib/avr5\libc.a(iob.o)
                                                  build/hd44780.o
__lshrdi3                                         c:/program files (x86)/vscode-win/toolchains/avr-gcc/bin/../lib/gcc/avr/12.1.0/avr5\libgcc.a(_ashrdi3.o)
                                                  build/usart0.o
__malloc_heap_end                                 c:/program files (x86)/vscode-win/toolchains/avr-gcc/bin/../lib/gcc/avr/12.1.0/../../../../avr/lib/avr5\libc.a(malloc.o)
                                                  c:/program files (x86)/vscode-win/toolchains/avr-gcc/bin/../lib/gcc/avr/12.1.0/../../../../avr/lib/avr5\libc.a(realloc.o)
__malloc_heap_start                               c:/program files (x86)/vscode-win/toolchains/avr-gcc/bin/../lib/gcc/avr/12.1.0/../../../../avr/lib/avr5\libc.a(malloc.o)
__malloc_margin                                   c:/program files (x86)/vscode-win/toolchains/avr-gcc/bin/../lib/gcc/avr/12.1.0/../../../../avr/lib/avr5\libc.a(malloc.o)
                                                  c:/program files (x86)/vscode-win/toolchains/avr-gcc/bin/../lib/gcc/avr/12.1.0/../../../../avr/lib/avr5\libc.a(realloc.o)
__muluhisi3                                       c:/program files (x86)/vscode-win/toolchains/avr-gcc/bin/../lib/gcc/avr/12.1.0/avr5\libgcc.a(_muluhisi3.o)
                                                  build/usart0.o
                                                  build/ff.o
__prologue_saves__                                c:/program files (x86)/vscode-win/toolchains/avr-gcc/bin/../lib/gcc/avr/12.1.0/avr5\libgcc.a(_prologue.o)
                                                  c:/program files (x86)/vscode-win/toolchains/avr-gcc/bin/../lib/gcc/avr/12.1.0/../../../../avr/lib/avr5\libc.a(realloc.o)
__stack                                           c:/program files (x86)/vscode-win/toolchains/avr-gcc/bin/../lib/gcc/avr/12.1.0/../../../../avr/lib/avr5/crtatmega328p.o
__tablejump2__                                    c:/program files (x86)/vscode-win/toolchains/avr-gcc/bin/../lib/gcc/avr/12.1.0/avr5\libgcc.a(_tablejump2.o)
                                                  c:/program files (x86)/vscode-win/toolchains/avr-gcc/bin/../lib/gcc/avr/12.1.0/avr5\libgcc.a(_ctors.o)
                                                  build/systemStatus.o
                                                  build/usart0.o
                                                  build/sevenSegmentsDisplay.o
                                                  build/mmc_avr_spi.o
__udivmodhi4                                      c:/program files (x86)/vscode-win/toolchains/avr-gcc/bin/../lib/gcc/avr/12.1.0/avr5\libgcc.a(_udivmodhi4.o)
                                                  c:/program files (x86)/vscode-win/toolchains/avr-gcc/bin/../lib/gcc/avr/12.1.0/avr5\libgcc.a(_divmodhi4.o)
__udivmodsi4                                      c:/program files (x86)/vscode-win/toolchains/avr-gcc/bin/../lib/gcc/avr/12.1.0/avr5\libgcc.a(_udivmodsi4.o)
                                                  build/systemStatus.o
                                                  build/usart0.o
                                                  build/twi.o
                                                  build/ff.o
__umulhisi3                                       c:/program files (x86)/vscode-win/toolchains/avr-gcc/bin/../lib/gcc/avr/12.1.0/avr5\libgcc.a(_umulhisi3.o)
                                                  c:/program files (x86)/vscode-win/toolchains/avr-gcc/bin/../lib/gcc/avr/12.1.0/avr5\libgcc.a(_muluhisi3.o)
                                                  build/dateTime.o
                                                  build/sevenSegmentsMuxDisplay.o
                                                  build/keypad.o
                                                  build/hd44780.o
                                                  build/ds1307.o
                                                  build/mmc_avr_spi.o
__vector_1                                        build/int0.o
                                                  c:/program files (x86)/vscode-win/toolchains/avr-gcc/bin/../lib/gcc/avr/12.1.0/../../../../avr/lib/avr5/crtatmega328p.o
__vector_10                                       build/timer1.o
                                                  c:/program files (x86)/vscode-win/toolchains/avr-gcc/bin/../lib/gcc/avr/12.1.0/../../../../avr/lib/avr5/crtatmega328p.o
__vector_11                                       build/timer1.o
                                                  c:/program files (x86)/vscode-win/toolchains/avr-gcc/bin/../lib/gcc/avr/12.1.0/../../../../avr/lib/avr5/crtatmega328p.o
__vector_12                                       build/timer1.o
                                                  c:/program files (x86)/vscode-win/toolchains/avr-gcc/bin/../lib/gcc/avr/12.1.0/../../../../avr/lib/avr5/crtatmega328p.o
__vector_13                                       build/timer1.o
                                                  c:/program files (x86)/vscode-win/toolchains/avr-gcc/bin/../lib/gcc/avr/12.1.0/../../../../avr/lib/avr5/crtatmega328p.o
__vector_14                                       build/timer0.o
                                                  c:/program files (x86)/vscode-win/toolchains/avr-gcc/bin/../lib/gcc/avr/12.1.0/../../../../avr/lib/avr5/crtatmega328p.o
__vector_15                                       build/timer0.o
                                                  c:/program files (x86)/vscode-win/toolchains/avr-gcc/bin/../lib/gcc/avr/12.1.0/../../../../avr/lib/avr5/crtatmega328p.o
__vector_16                                       build/timer0.o
                                                  c:/program files (x86)/vscode-win/toolchains/avr-gcc/bin/../lib/gcc/avr/12.1.0/../../../../avr/lib/avr5/crtatmega328p.o
__vector_17                                       c:/program files (x86)/vscode-win/toolchains/avr-gcc/bin/../lib/gcc/avr/12.1.0/../../../../avr/lib/avr5/crtatmega328p.o
__vector_18                                       build/usart0.o
                                                  c:/program files (x86)/vscode-win/toolchains/avr-gcc/bin/../lib/gcc/avr/12.1.0/../../../../avr/lib/avr5/crtatmega328p.o
__vector_19                                       build/usart0.o
                                                  c:/program files (x86)/vscode-win/toolchains/avr-gcc/bin/../lib/gcc/avr/12.1.0/../../../../avr/lib/avr5/crtatmega328p.o
__vector_2                                        build/int1.o
                                                  c:/program files (x86)/vscode-win/toolchains/avr-gcc/bin/../lib/gcc/avr/12.1.0/../../../../avr/lib/avr5/crtatmega328p.o
__vector_20                                       build/usart0.o
                                                  c:/program files (x86)/vscode-win/toolchains/avr-gcc/bin/../lib/gcc/avr/12.1.0/../../../../avr/lib/avr5/crtatmega328p.o
__vector_21                                       build/adc.o
                                                  c:/program files (x86)/vscode-win/toolchains/avr-gcc/bin/../lib/gcc/avr/12.1.0/../../../../avr/lib/avr5/crtatmega328p.o
__vector_22                                       c:/program files (x86)/vscode-win/toolchains/avr-gcc/bin/../lib/gcc/avr/12.1.0/../../../../avr/lib/avr5/crtatmega328p.o
__vector_23                                       c:/program files (x86)/vscode-win/toolchains/avr-gcc/bin/../lib/gcc/avr/12.1.0/../../../../avr/lib/avr5/crtatmega328p.o
__vector_24                                       build/twi.o
                                                  c:/program files (x86)/vscode-win/toolchains/avr-gcc/bin/../lib/gcc/avr/12.1.0/../../../../avr/lib/avr5/crtatmega328p.o
__vector_25                                       c:/program files (x86)/vscode-win/toolchains/avr-gcc/bin/../lib/gcc/avr/12.1.0/../../../../avr/lib/avr5/crtatmega328p.o
__vector_3                                        build/pcint0.o
                                                  c:/program files (x86)/vscode-win/toolchains/avr-gcc/bin/../lib/gcc/avr/12.1.0/../../../../avr/lib/avr5/crtatmega328p.o
__vector_4                                        build/pcint1.o
                                                  c:/program files (x86)/vscode-win/toolchains/avr-gcc/bin/../lib/gcc/avr/12.1.0/../../../../avr/lib/avr5/crtatmega328p.o
__vector_5                                        build/pcint2.o
                                                  c:/program files (x86)/vscode-win/toolchains/avr-gcc/bin/../lib/gcc/avr/12.1.0/../../../../avr/lib/avr5/crtatmega328p.o
__vector_6                                        c:/program files (x86)/vscode-win/toolchains/avr-gcc/bin/../lib/gcc/avr/12.1.0/../../../../avr/lib/avr5/crtatmega328p.o
__vector_7                                        build/timer2.o
                                                  c:/program files (x86)/vscode-win/toolchains/avr-gcc/bin/../lib/gcc/avr/12.1.0/../../../../avr/lib/avr5/crtatmega328p.o
__vector_8                                        build/timer2.o
                                                  c:/program files (x86)/vscode-win/toolchains/avr-gcc/bin/../lib/gcc/avr/12.1.0/../../../../avr/lib/avr5/crtatmega328p.o
__vector_9                                        build/timer2.o
                                                  c:/program files (x86)/vscode-win/toolchains/avr-gcc/bin/../lib/gcc/avr/12.1.0/../../../../avr/lib/avr5/crtatmega328p.o
__vector_default                                  c:/program files (x86)/vscode-win/toolchains/avr-gcc/bin/../lib/gcc/avr/12.1.0/../../../../avr/lib/avr5/crtatmega328p.o
__vectors                                         c:/program files (x86)/vscode-win/toolchains/avr-gcc/bin/../lib/gcc/avr/12.1.0/../../../../avr/lib/avr5/crtatmega328p.o
_div                                              c:/program files (x86)/vscode-win/toolchains/avr-gcc/bin/../lib/gcc/avr/12.1.0/avr5\libgcc.a(_divmodhi4.o)
_exit                                             c:/program files (x86)/vscode-win/toolchains/avr-gcc/bin/../lib/gcc/avr/12.1.0/avr5\libgcc.a(_exit.o)
adc                                               build/adc.o
calloc                                            c:/program files (x86)/vscode-win/toolchains/avr-gcc/bin/../lib/gcc/avr/12.1.0/../../../../avr/lib/avr5\libc.a(calloc.o)
                                                  build/twi.o
debug                                             build/debug.o
defaultDisplay                                    build/hd44780.o
disk_initialize                                   build/diskio.o
                                                  build/ff.o
disk_ioctl                                        build/diskio.o
                                                  build/ff.o
disk_read                                         build/diskio.o
                                                  build/ff.o
disk_status                                       build/diskio.o
                                                  build/ff.o
disk_timerproc                                    build/diskio.o
disk_write                                        build/diskio.o
                                                  build/ff.o
exit                                              c:/program files (x86)/vscode-win/toolchains/avr-gcc/bin/../lib/gcc/avr/12.1.0/avr5\libgcc.a(_exit.o)
                                                  c:/program files (x86)/vscode-win/toolchains/avr-gcc/bin/../lib/gcc/avr/12.1.0/../../../../avr/lib/avr5/crtatmega328p.o
f_close                                           build/ff.o
f_closedir                                        build/ff.o
f_lseek                                           build/ff.o
f_mount                                           build/ff.o
f_open                                            build/ff.o
f_opendir                                         build/ff.o
f_read                                            build/ff.o
f_readdir                                         build/ff.o
f_sync                                            build/ff.o
f_write                                           build/ff.o
free                                              c:/program files (x86)/vscode-win/toolchains/avr-gcc/bin/../lib/gcc/avr/12.1.0/../../../../avr/lib/avr5\libc.a(malloc.o)
                                                  c:/program files (x86)/vscode-win/toolchains/avr-gcc/bin/../lib/gcc/avr/12.1.0/../../../../avr/lib/avr5\libc.a(realloc.o)
                                                  build/twi.o
                                                  build/keypad.o
int0                                              build/int0.o
int1                                              build/int1.o
lcdStream                                         build/hd44780.o
main                                              build/main.o
                                                  c:/program files (x86)/vscode-win/toolchains/avr-gcc/bin/../lib/gcc/avr/12.1.0/../../../../avr/lib/avr5/crtatmega328p.o
malloc                                            c:/program files (x86)/vscode-win/toolchains/avr-gcc/bin/../lib/gcc/avr/12.1.0/../../../../avr/lib/avr5\libc.a(malloc.o)
                                                  c:/program files (x86)/vscode-win/toolchains/avr-gcc/bin/../lib/gcc/avr/12.1.0/../../../../avr/lib/avr5\libc.a(realloc.o)
                                                  c:/program files (x86)/vscode-win/toolchains/avr-gcc/bin/../lib/gcc/avr/12.1.0/../../../../avr/lib/avr5\libc.a(calloc.o)
memcpy                                            c:/program files (x86)/vscode-win/toolchains/avr-gcc/bin/../lib/gcc/avr/12.1.0/../../../../avr/lib/avr5\libc.a(memcpy.o)
                                                  c:/program files (x86)/vscode-win/toolchains/avr-gcc/bin/../lib/gcc/avr/12.1.0/../../../../avr/lib/avr5\libc.a(realloc.o)
memset                                            c:/program files (x86)/vscode-win/toolchains/avr-gcc/bin/../lib/gcc/avr/12.1.0/../../../../avr/lib/avr5\libc.a(memset.o)
                                                  c:/program files (x86)/vscode-win/toolchains/avr-gcc/bin/../lib/gcc/avr/12.1.0/../../../../avr/lib/avr5\libc.a(calloc.o)
mmc_disk_initialize                               build/mmc_avr_spi.o
                                                  build/diskio.o
mmc_disk_ioctl                                    build/mmc_avr_spi.o
                                                  build/diskio.o
mmc_disk_read                                     build/mmc_avr_spi.o
                                                  build/diskio.o
mmc_disk_status                                   build/mmc_avr_spi.o
                                                  build/diskio.o
mmc_disk_timerproc                                build/mmc_avr_spi.o
                                                  build/diskio.o
mmc_disk_write                                    build/mmc_avr_spi.o
                                                  build/diskio.o
notesPrescaler                                    build/sound.o
pcint0                                            build/pcint0.o
pcint1                                            build/pcint1.o
pcint2                                            build/pcint2.o
realloc                                           c:/program files (x86)/vscode-win/toolchains/avr-gcc/bin/../lib/gcc/avr/12.1.0/../../../../avr/lib/avr5\libc.a(realloc.o)
                                                  build/keypad.o
receivedData                                      build/main.o
receivedFlag                                      build/main.o
receivedStatus                                    build/main.o
sdCardCreate                                      build/mmc_avr_spi.o
spiSlaveSdCard                                    build/mmc_avr_spi.o
strstr                                            c:/program files (x86)/vscode-win/toolchains/avr-gcc/bin/../lib/gcc/avr/12.1.0/../../../../avr/lib/avr5\libc.a(strstr.o)
                                                  build/ProcessarJSON.o
systemStatus                                      build/systemStatus.o
                                                  build/usart0.o
                                                  build/twi.o
timer0                                            build/timer0.o
timer1                                            build/timer1.o
                                                  build/sound.o
timer2                                            build/timer2.o
twi                                               build/twi.o
usart0                                            build/usart0.o
                                                  build/main.o
usartDefaultHandler                               build/usart0.o
usartStream                                       build/usart0.o
